../Core/Src/main.c:82:5:main	176	static
../Core/Src/main.c:202:6:SystemClock_Config	88	static
../Core/Src/main.c:250:13:MX_TIM2_Init	56	static
../Core/Src/main.c:299:13:MX_TIM3_Init	64	static
../Core/Src/main.c:370:13:MX_TIM4_Init	56	static
../Core/Src/main.c:419:13:MX_TIM6_Init	16	static
../Core/Src/main.c:457:13:MX_USART2_UART_Init	8	static
../Core/Src/main.c:490:13:MX_GPIO_Init	48	static
../Core/Src/main.c:529:6:HAL_TIM_PeriodElapsedCallback	16	static
../Core/Src/main.c:548:6:Error_Handler	4	static,ignoring_inline_asm
