Archive member included to satisfy reference by file (symbol)

C:/ST/STM32CubeIDE_2.1.1/STM32CubeIDE/plugins/com.st.stm32cube.ide.mcu.externaltools.gnu-tools-for-stm32.14.3.rel1.win32_1.0.100.202602081740/tools/bin/../lib/gcc/arm-none-eabi/14.3.1/../../../../arm-none-eabi/lib/thumb/v7e-m+fp/hard\libc_nano.a(libc_a-exit.o)
                              C:/ST/STM32CubeIDE_2.1.1/STM32CubeIDE/plugins/com.st.stm32cube.ide.mcu.externaltools.gnu-tools-for-stm32.14.3.rel1.win32_1.0.100.202602081740/tools/bin/../lib/gcc/arm-none-eabi/14.3.1/../../../../arm-none-eabi/lib/thumb/v7e-m+fp/hard/crt0.o (exit)
C:/ST/STM32CubeIDE_2.1.1/STM32CubeIDE/plugins/com.st.stm32cube.ide.mcu.externaltools.gnu-tools-for-stm32.14.3.rel1.win32_1.0.100.202602081740/tools/bin/../lib/gcc/arm-none-eabi/14.3.1/../../../../arm-none-eabi/lib/thumb/v7e-m+fp/hard\libc_nano.a(libc_a-malloc.o)
                              ./Core/Src/serial_monitor.o (malloc)
C:/ST/STM32CubeIDE_2.1.1/STM32CubeIDE/plugins/com.st.stm32cube.ide.mcu.externaltools.gnu-tools-for-stm32.14.3.rel1.win32_1.0.100.202602081740/tools/bin/../lib/gcc/arm-none-eabi/14.3.1/../../../../arm-none-eabi/lib/thumb/v7e-m+fp/hard\libc_nano.a(libc_a-mallocr.o)
                              C:/ST/STM32CubeIDE_2.1.1/STM32CubeIDE/plugins/com.st.stm32cube.ide.mcu.externaltools.gnu-tools-for-stm32.14.3.rel1.win32_1.0.100.202602081740/tools/bin/../lib/gcc/arm-none-eabi/14.3.1/../../../../arm-none-eabi/lib/thumb/v7e-m+fp/hard\libc_nano.a(libc_a-malloc.o) (_malloc_r)
C:/ST/STM32CubeIDE_2.1.1/STM32CubeIDE/plugins/com.st.stm32cube.ide.mcu.externaltools.gnu-tools-for-stm32.14.3.rel1.win32_1.0.100.202602081740/tools/bin/../lib/gcc/arm-none-eabi/14.3.1/../../../../arm-none-eabi/lib/thumb/v7e-m+fp/hard\libc_nano.a(libc_a-mlock.o)
                              C:/ST/STM32CubeIDE_2.1.1/STM32CubeIDE/plugins/com.st.stm32cube.ide.mcu.externaltools.gnu-tools-for-stm32.14.3.rel1.win32_1.0.100.202602081740/tools/bin/../lib/gcc/arm-none-eabi/14.3.1/../../../../arm-none-eabi/lib/thumb/v7e-m+fp/hard\libc_nano.a(libc_a-mallocr.o) (__malloc_lock)
C:/ST/STM32CubeIDE_2.1.1/STM32CubeIDE/plugins/com.st.stm32cube.ide.mcu.externaltools.gnu-tools-for-stm32.14.3.rel1.win32_1.0.100.202602081740/tools/bin/../lib/gcc/arm-none-eabi/14.3.1/../../../../arm-none-eabi/lib/thumb/v7e-m+fp/hard\libc_nano.a(libc_a-findfp.o)
                              C:/ST/STM32CubeIDE_2.1.1/STM32CubeIDE/plugins/com.st.stm32cube.ide.mcu.externaltools.gnu-tools-for-stm32.14.3.rel1.win32_1.0.100.202602081740/tools/bin/../lib/gcc/arm-none-eabi/14.3.1/../../../../arm-none-eabi/lib/thumb/v7e-m+fp/hard\libc_nano.a(libc_a-exit.o) (__stdio_exit_handler)
C:/ST/STM32CubeIDE_2.1.1/STM32CubeIDE/plugins/com.st.stm32cube.ide.mcu.externaltools.gnu-tools-for-stm32.14.3.rel1.win32_1.0.100.202602081740/tools/bin/../lib/gcc/arm-none-eabi/14.3.1/../../../../arm-none-eabi/lib/thumb/v7e-m+fp/hard\libc_nano.a(libc_a-fwalk.o)
                              C:/ST/STM32CubeIDE_2.1.1/STM32CubeIDE/plugins/com.st.stm32cube.ide.mcu.externaltools.gnu-tools-for-stm32.14.3.rel1.win32_1.0.100.202602081740/tools/bin/../lib/gcc/arm-none-eabi/14.3.1/../../../../arm-none-eabi/lib/thumb/v7e-m+fp/hard\libc_nano.a(libc_a-findfp.o) (_fwalk_sglue)
C:/ST/STM32CubeIDE_2.1.1/STM32CubeIDE/plugins/com.st.stm32cube.ide.mcu.externaltools.gnu-tools-for-stm32.14.3.rel1.win32_1.0.100.202602081740/tools/bin/../lib/gcc/arm-none-eabi/14.3.1/../../../../arm-none-eabi/lib/thumb/v7e-m+fp/hard\libc_nano.a(libc_a-stdio.o)
                              C:/ST/STM32CubeIDE_2.1.1/STM32CubeIDE/plugins/com.st.stm32cube.ide.mcu.externaltools.gnu-tools-for-stm32.14.3.rel1.win32_1.0.100.202602081740/tools/bin/../lib/gcc/arm-none-eabi/14.3.1/../../../../arm-none-eabi/lib/thumb/v7e-m+fp/hard\libc_nano.a(libc_a-findfp.o) (__sread)
C:/ST/STM32CubeIDE_2.1.1/STM32CubeIDE/plugins/com.st.stm32cube.ide.mcu.externaltools.gnu-tools-for-stm32.14.3.rel1.win32_1.0.100.202602081740/tools/bin/../lib/gcc/arm-none-eabi/14.3.1/../../../../arm-none-eabi/lib/thumb/v7e-m+fp/hard\libc_nano.a(libc_a-memset.o)
                              C:/ST/STM32CubeIDE_2.1.1/STM32CubeIDE/plugins/com.st.stm32cube.ide.mcu.externaltools.gnu-tools-for-stm32.14.3.rel1.win32_1.0.100.202602081740/tools/bin/../lib/gcc/arm-none-eabi/14.3.1/../../../../arm-none-eabi/lib/thumb/v7e-m+fp/hard/crt0.o (memset)
C:/ST/STM32CubeIDE_2.1.1/STM32CubeIDE/plugins/com.st.stm32cube.ide.mcu.externaltools.gnu-tools-for-stm32.14.3.rel1.win32_1.0.100.202602081740/tools/bin/../lib/gcc/arm-none-eabi/14.3.1/../../../../arm-none-eabi/lib/thumb/v7e-m+fp/hard\libc_nano.a(libc_a-closer.o)
                              C:/ST/STM32CubeIDE_2.1.1/STM32CubeIDE/plugins/com.st.stm32cube.ide.mcu.externaltools.gnu-tools-for-stm32.14.3.rel1.win32_1.0.100.202602081740/tools/bin/../lib/gcc/arm-none-eabi/14.3.1/../../../../arm-none-eabi/lib/thumb/v7e-m+fp/hard\libc_nano.a(libc_a-stdio.o) (_close_r)
[...]
Memory Configuration

Name             Origin             Length             Attributes
RAM              0x20000000         0x00020000         xrw
FLASH            0x08000000         0x00080000         xr
*default*        0x00000000         0xffffffff

Linker script and memory map

LOAD C:/ST/STM32CubeIDE_2.1.1/STM32CubeIDE/plugins/com.st.stm32cube.ide.mcu.externaltools.gnu-tools-for-stm32.14.3.rel1.win32_1.0.100.202602081740/tools/bin/../lib/gcc/arm-none-eabi/14.3.1/thumb/v7e-m+fp/hard/crti.o
LOAD C:/ST/STM32CubeIDE_2.1.1/STM32CubeIDE/plugins/com.st.stm32cube.ide.mcu.externaltools.gnu-tools-for-stm32.14.3.rel1.win32_1.0.100.202602081740/tools/bin/../lib/gcc/arm-none-eabi/14.3.1/thumb/v7e-m+fp/hard/crtbegin.o
LOAD C:/ST/STM32CubeIDE_2.1.1/STM32CubeIDE/plugins/com.st.stm32cube.ide.mcu.externaltools.gnu-tools-for-stm32.14.3.rel1.win32_1.0.100.202602081740/tools/bin/../lib/gcc/arm-none-eabi/14.3.1/../../../../arm-none-eabi/lib/thumb/v7e-m+fp/hard/crt0.o
LOAD ./Core/Src/encoder.o
LOAD ./Core/Src/joint.o
LOAD ./Core/Src/main.o
LOAD ./Core/Src/motor.o
LOAD ./Core/Src/pid.o
LOAD ./Core/Src/protocol.o
LOAD ./Core/Src/protocol_data.o
LOAD ./Core/Src/serial.o
LOAD ./Core/Src/serial_monitor.o
LOAD ./Core/Src/stm32f4xx_hal_msp.o
LOAD ./Core/Src/stm32f4xx_it.o
LOAD ./Core/Src/syscalls.o
LOAD ./Core/Src/sysmem.o
LOAD ./Core/Src/system_stm32f4xx.o
LOAD ./Core/Startup/startup_stm32f446retx.o
LOAD ./Drivers/STM32F4xx_HAL_Driver/Src/stm32f4xx_hal.o
LOAD ./Drivers/STM32F4xx_HAL_Driver/Src/stm32f4xx_hal_cortex.o
LOAD ./Drivers/STM32F4xx_HAL_Driver/Src/stm32f4xx_hal_dma.o
LOAD ./Drivers/STM32F4xx_HAL_Driver/Src/stm32f4xx_hal_dma_ex.o
LOAD ./Drivers/STM32F4xx_HAL_Driver/Src/stm32f4xx_hal_exti.o
LOAD ./Drivers/STM32F4xx_HAL_Driver/Src/stm32f4xx_hal_flash.o
LOAD ./Drivers/STM32F4xx_HAL_Driver/Src/stm32f4xx_hal_flash_ex.o
LOAD ./Drivers/STM32F4xx_HAL_Driver/Src/stm32f4xx_hal_flash_ramfunc.o
LOAD ./Drivers/STM32F4xx_HAL_Driver/Src/stm32f4xx_hal_gpio.o
LOAD ./Drivers/STM32F4xx_HAL_Driver/Src/stm32f4xx_hal_pwr.o
LOAD ./Drivers/STM32F4xx_HAL_Driver/Src/stm32f4xx_hal_pwr_ex.o
LOAD ./Drivers/STM32F4xx_HAL_Driver/Src/stm32f4xx_hal_rcc.o
LOAD ./Drivers/STM32F4xx_HAL_Driver/Src/stm32f4xx_hal_rcc_ex.o
LOAD ./Drivers/STM32F4xx_HAL_Driver/Src/stm32f4xx_hal_tim.o
LOAD ./Drivers/STM32F4xx_HAL_Driver/Src/stm32f4xx_hal_tim_ex.o
LOAD ./Drivers/STM32F4xx_HAL_Driver/Src/stm32f4xx_hal_uart.o
START GROUP
LOAD C:/ST/STM32CubeIDE_2.1.1/STM32CubeIDE/plugins/com.st.stm32cube.ide.mcu.externaltools.gnu-tools-for-stm32.14.3.rel1.win32_1.0.100.202602081740/tools/bin/../lib/gcc/arm-none-eabi/14.3.1/../../../../arm-none-eabi/lib/thumb/v7e-m+fp/hard\libc_nano.a
LOAD C:/ST/STM32CubeIDE_2.1.1/STM32CubeIDE/plugins/com.st.stm32cube.ide.mcu.externaltools.gnu-tools-for-stm32.14.3.rel1.win32_1.0.100.202602081740/tools/bin/../lib/gcc/arm-none-eabi/14.3.1/../../../../arm-none-eabi/lib/thumb/v7e-m+fp/hard\libm.a
END GROUP
START GROUP
LOAD C:/ST/STM32CubeIDE_2.1.1/STM32CubeIDE/plugins/com.st.stm32cube.ide.mcu.externaltools.gnu-tools-for-stm32.14.3.rel1.win32_1.0.100.202602081740/tools/bin/../lib/gcc/arm-none-eabi/14.3.1/thumb/v7e-m+fp/hard\libgcc.a
LOAD C:/ST/STM32CubeIDE_2.1.1/STM32CubeIDE/plugins/com.st.stm32cube.ide.mcu.externaltools.gnu-tools-for-stm32.14.3.rel1.win32_1.0.100.202602081740/tools/bin/../lib/gcc/arm-none-eabi/14.3.1/../../../../arm-none-eabi/lib/thumb/v7e-m+fp/hard\libc_nano.a
END GROUP
START GROUP
LOAD C:/ST/STM32CubeIDE_2.1.1/STM32CubeIDE/plugins/com.st.stm32cube.ide.mcu.externaltools.gnu-tools-for-stm32.14.3.rel1.win32_1.0.100.202602081740/tools/bin/../lib/gcc/arm-none-eabi/14.3.1/thumb/v7e-m+fp/hard\libgcc.a
LOAD C:/ST/STM32CubeIDE_2.1.1/STM32CubeIDE/plugins/com.st.stm32cube.ide.mcu.externaltools.gnu-tools-for-stm32.14.3.rel1.win32_1.0.100.202602081740/tools/bin/../lib/gcc/arm-none-eabi/14.3.1/../../../../arm-none-eabi/lib/thumb/v7e-m+fp/hard\libc_nano.a
LOAD C:/ST/STM32CubeIDE_2.1.1/STM32CubeIDE/plugins/com.st.stm32cube.ide.mcu.externaltools.gnu-tools-for-stm32.14.3.rel1.win32_1.0.100.202602081740/tools/bin/../lib/gcc/arm-none-eabi/14.3.1/../../../../arm-none-eabi/lib/thumb/v7e-m+fp/hard\libnosys.a
END GROUP
START GROUP
LOAD C:/ST/STM32CubeIDE_2.1.1/STM32CubeIDE/plugins/com.st.stm32cube.ide.mcu.externaltools.gnu-tools-for-stm32.14.3.rel1.win32_1.0.100.202602081740/tools/bin/../lib/gcc/arm-none-eabi/14.3.1/thumb/v7e-m+fp/hard\libgcc.a
LOAD C:/ST/STM32CubeIDE_2.1.1/STM32CubeIDE/plugins/com.st.stm32cube.ide.mcu.externaltools.gnu-tools-for-stm32.14.3.rel1.win32_1.0.100.202602081740/tools/bin/../lib/gcc/arm-none-eabi/14.3.1/../../../../arm-none-eabi/lib/thumb/v7e-m+fp/hard\libc_nano.a
LOAD C:/ST/STM32CubeIDE_2.1.1/STM32CubeIDE/plugins/com.st.stm32cube.ide.mcu.externaltools.gnu-tools-for-stm32.14.3.rel1.win32_1.0.100.202602081740/tools/bin/../lib/gcc/arm-none-eabi/14.3.1/../../../../arm-none-eabi/lib/thumb/v7e-m+fp/hard\libnosys.a
END GROUP
LOAD C:/ST/STM32CubeIDE_2.1.1/STM32CubeIDE/plugins/com.st.stm32cube.ide.mcu.externaltools.gnu-tools-for-stm32.14.3.rel1.win32_1.0.100.202602081740/tools/bin/../lib/gcc/arm-none-eabi/14.3.1/thumb/v7e-m+fp/hard/crtend.o
LOAD C:/ST/STM32CubeIDE_2.1.1/STM32CubeIDE/plugins/com.st.stm32cube.ide.mcu.externaltools.gnu-tools-for-stm32.14.3.rel1.win32_1.0.100.202602081740/tools/bin/../lib/gcc/arm-none-eabi/14.3.1/thumb/v7e-m+fp/hard/crtn.o
                0x20020000                        _estack = (ORIGIN (RAM) + LENGTH (RAM))
                0x00000200                        _Min_Heap_Size = 0x200
                0x00000400                        _Min_Stack_Size = 0x400

.isr_vector     0x08000000      0x1c4
                0x08000000                        . = ALIGN (0x4)
 *(.isr_vector)
 .isr_vector    0x08000000      0x1c4 ./Core/Startup/startup_stm32f446retx.o
                0x08000000                g_pfnVectors
                0x080001c4                        . = ALIGN (0x4)

.text           0x080001c8     0x54c4
                0x080001c8                        . = ALIGN (0x4)
 *(.text)
 .text          0x080001c8       0x40 C:/ST/STM32CubeIDE_2.1.1/STM32CubeIDE/plugins/com.st.stm32cube.ide.mcu.externaltools.gnu-tools-for-stm32.14.3.rel1.win32_1.0.100.202602081740/tools/bin/../lib/gcc/arm-none-eabi/14.3.1/thumb/v7e-m+fp/hard/crtbegin.o
 .text          0x08000208       0xa0 C:/ST/STM32CubeIDE_2.1.1/STM32CubeIDE/plugins/com.st.stm32cube.ide.mcu.externaltools.gnu-tools-for-stm32.14.3.rel1.win32_1.0.100.202602081740/tools/bin/../lib/gcc/arm-none-eabi/14.3.1/thumb/v7e-m+fp/hard\libgcc.a(_arm_truncdfsf2.o)
                0x08000208                __truncdfsf2
                0x08000208                __aeabi_d2f
 .text          0x080002a8       0x30 C:/ST/STM32CubeIDE_2.1.1/STM32CubeIDE/plugins/com.st.stm32cube.ide.mcu.externaltools.gnu-tools-for-stm32.14.3.rel1.win32_1.0.100.202602081740/tools/bin/../lib/gcc/arm-none-eabi/14.3.1/thumb/v7e-m+fp/hard\libgcc.a(_aeabi_uldivmod.o)
                0x080002a8                __aeabi_uldivmod
 .text          0x080002d8      0x2f8 C:/ST/STM32CubeIDE_2.1.1/STM32CubeIDE/plugins/com.st.stm32cube.ide.mcu.externaltools.gnu-tools-for-stm32.14.3.rel1.win32_1.0.100.202602081740/tools/bin/../lib/gcc/arm-none-eabi/14.3.1/thumb/v7e-m+fp/hard\libgcc.a(_udivmoddi4.o)
                0x080002d8                __udivmoddi4
 .text          0x080005d0        0x4 C:/ST/STM32CubeIDE_2.1.1/STM32CubeIDE/plugins/com.st.stm32cube.ide.mcu.externaltools.gnu-tools-for-stm32.14.3.rel1.win32_1.0.100.202602081740/tools/bin/../lib/gcc/arm-none-eabi/14.3.1/thumb/v7e-m+fp/hard\libgcc.a(_dvmd_tls.o)
                0x080005d0                __aeabi_idiv0
                0x080005d0                __aeabi_ldiv0
 *(.text*)
 .text.Encoder_GetPosition
                0x080005d4       0x28 ./Core/Src/encoder.o
                0x080005d4                Encoder_GetPosition
 .text.Joint_Init
                0x080005fc       0x4e ./Core/Src/joint.o
                0x080005fc                Joint_Init
 .text.Joint_Update
                0x0800064a       0x58 ./Core/Src/joint.o
                0x0800064a                Joint_Update
 *fill*         0x080006a2        0x6 
 .text.main     0x080006a8      0x204 ./Core/Src/main.o
                0x080006a8                main
 .text.SystemClock_Config
                0x080008ac       0xdc ./Core/Src/main.o
                0x080008ac                SystemClock_Config
 .text.MX_TIM2_Init
                0x08000988       0xa8 ./Core/Src/main.o
 .text.MX_TIM3_Init
                0x08000a30      0x130 ./Core/Src/main.o
 .text.MX_TIM4_Init
                0x08000b60       0xa8 ./Core/Src/main.o
 .text.MX_TIM6_Init
                0x08000c08       0x6c ./Core/Src/main.o
 .text.MX_USART2_UART_Init
                0x08000c74       0x54 ./Core/Src/main.o
 .text.MX_GPIO_Init
                0x08000cc8       0xdc ./Core/Src/main.o
 .text.HAL_TIM_PeriodElapsedCallback
                0x08000da4       0xa4 ./Core/Src/main.o
                0x08000da4                HAL_TIM_PeriodElapsedCallback
 .text.HAL_UART_RxCpltCallback
                0x08000e48       0x38 ./Core/Src/main.o
                0x08000e48                HAL_UART_RxCpltCallback
 .text.Error_Handler
                0x08000e80        0xc ./Core/Src/main.o
                0x08000e80                Error_Handler
 .text.Motor_SetPower
                0x08000e8c      0x238 ./Core/Src/motor.o
                0x08000e8c                Motor_SetPower
 .text.PID_Compute
                0x080010c4       0x98 ./Core/Src/pid.o
                0x080010c4                PID_Compute
 .text.Protocol_ReadPacket
                0x0800115c      0x11c ./Core/Src/protocol.o
                0x0800115c                Protocol_ReadPacket
 .text.Protocol_WritePacket
                0x08001278       0x74 ./Core/Src/protocol.o
                0x08001278                Protocol_WritePacket
 .text.Protocol_Checksum
                0x080012ec       0x60 ./Core/Src/protocol.o
                0x080012ec                Protocol_Checksum
 .text.Protocol_WriteCommand
                0x0800134c       0xf8 ./Core/Src/protocol.o
                0x0800134c                Protocol_WriteCommand
 .text.Protocol_WriteError
                0x08001444       0x28 ./Core/Src/protocol.o
                0x08001444                Protocol_WriteError
 .text.Protocol_GetPacketLength
                0x0800146c       0x60 ./Core/Src/protocol_data.o
                0x0800146c                Protocol_GetPacketLength
 .text.Protocol_GetArgumentTypes
                0x080014cc       0xd4 ./Core/Src/protocol_data.o
                0x080014cc                Protocol_GetArgumentTypes
 .text.Protocol_GetNumArguments
                0x080015a0       0x60 ./Core/Src/protocol_data.o
                0x080015a0                Protocol_GetNumArguments
 .text.Serial_Init
                0x08001600       0x20 ./Core/Src/serial.o
                0x08001600                Serial_Init
 .text.Serial_WriteBytes
                0x08001620       0x30 ./Core/Src/serial.o
                0x08001620                Serial_WriteBytes
 .text.SerialMonitor_Init
                0x08001650       0x24 ./Core/Src/serial_monitor.o
                0x08001650                SerialMonitor_Init
 .text.SerialMonitor_Append
                0x08001674       0x64 ./Core/Src/serial_monitor.o
                0x08001674                SerialMonitor_Append
 .text.SerialMonitor_Pop
                0x080016d8       0x40 ./Core/Src/serial_monitor.o
                0x080016d8                SerialMonitor_Pop
 .text.SerialMonitor_ReadByte
                0x08001718       0x30 ./Core/Src/serial_monitor.o
                0x08001718                SerialMonitor_ReadByte
 .text.SerialMonitor_ReadBytes
                0x08001748       0x60 ./Core/Src/serial_monitor.o
                0x08001748                SerialMonitor_ReadBytes
 .text.SerialMonitor_Available
                0x080017a8       0x18 ./Core/Src/serial_monitor.o
                0x080017a8                SerialMonitor_Available
 .text.HAL_MspInit
                0x080017c0       0x50 ./Core/Src/stm32f4xx_hal_msp.o
                0x080017c0                HAL_MspInit
 .text.HAL_TIM_Encoder_MspInit
                0x08001810       0xf8 ./Core/Src/stm32f4xx_hal_msp.o
                0x08001810                HAL_TIM_Encoder_MspInit
 .text.HAL_TIM_Base_MspInit
                0x08001908       0x7c ./Core/Src/stm32f4xx_hal_msp.o
                0x08001908                HAL_TIM_Base_MspInit
 .text.HAL_TIM_MspPostInit
                0x08001984       0xb4 ./Core/Src/stm32f4xx_hal_msp.o
                0x08001984                HAL_TIM_MspPostInit
 .text.HAL_UART_MspInit
                0x08001a38       0xa0 ./Core/Src/stm32f4xx_hal_msp.o
                0x08001a38                HAL_UART_MspInit
 .text.NMI_Handler
                0x08001ad8        0x8 ./Core/Src/stm32f4xx_it.o
                0x08001ad8                NMI_Handler
 .text.HardFault_Handler
                0x08001ae0        0x8 ./Core/Src/stm32f4xx_it.o
                0x08001ae0                HardFault_Handler
 .text.MemManage_Handler
                0x08001ae8        0x8 ./Core/Src/stm32f4xx_it.o
                0x08001ae8                MemManage_Handler
 .text.BusFault_Handler
                0x08001af0        0x8 ./Core/Src/stm32f4xx_it.o
                0x08001af0                BusFault_Handler
 .text.UsageFault_Handler
                0x08001af8        0x8 ./Core/Src/stm32f4xx_it.o
                0x08001af8                UsageFault_Handler
 .text.SVC_Handler
                0x08001b00        0xe ./Core/Src/stm32f4xx_it.o
                0x08001b00                SVC_Handler
 .text.DebugMon_Handler
                0x08001b0e        0xe ./Core/Src/stm32f4xx_it.o
                0x08001b0e                DebugMon_Handler
 .text.PendSV_Handler
                0x08001b1c        0xe ./Core/Src/stm32f4xx_it.o
                0x08001b1c                PendSV_Handler
 .text.SysTick_Handler
                0x08001b2a        0xc ./Core/Src/stm32f4xx_it.o
                0x08001b2a                SysTick_Handler
 *fill*         0x08001b36        0x2 
 .text.USART2_IRQHandler
                0x08001b38       0x14 ./Core/Src/stm32f4xx_it.o
                0x08001b38                USART2_IRQHandler
 .text.TIM6_DAC_IRQHandler
                0x08001b4c       0x14 ./Core/Src/stm32f4xx_it.o
                0x08001b4c                TIM6_DAC_IRQHandler
 .text._sbrk    0x08001b60       0x6c ./Core/Src/sysmem.o
                0x08001b60                _sbrk
 .text.SystemInit
                0x08001bcc       0x24 ./Core/Src/system_stm32f4xx.o
                0x08001bcc                SystemInit
 .text.Reset_Handler
                0x08001bf0       0x50 ./Core/Startup/startup_stm32f446retx.o
                0x08001bf0                Reset_Handler
 .text.Default_Handler
                0x08001c40        0x2 ./Core/Startup/startup_stm32f446retx.o
                0x08001c40                RTC_Alarm_IRQHandler
                0x08001c40                EXTI2_IRQHandler
                0x08001c40                TIM8_CC_IRQHandler
                0x08001c40                FMPI2C1_EV_IRQHandler
                0x08001c40                SPI4_IRQHandler
                0x08001c40                TIM1_CC_IRQHandler
                0x08001c40                DMA2_Stream5_IRQHandler
                0x08001c40                DMA1_Stream5_IRQHandler
                0x08001c40                PVD_IRQHandler
                0x08001c40                SDIO_IRQHandler
                0x08001c40                TAMP_STAMP_IRQHandler
                0x08001c40                CAN2_RX1_IRQHandler
                0x08001c40                EXTI3_IRQHandler
                0x08001c40                TIM8_TRG_COM_TIM14_IRQHandler
                0x08001c40                TIM1_UP_TIM10_IRQHandler
                0x08001c40                TIM8_UP_TIM13_IRQHandler
                0x08001c40                I2C3_ER_IRQHandler
                0x08001c40                EXTI0_IRQHandler
                0x08001c40                I2C2_EV_IRQHandler
                0x08001c40                DMA1_Stream2_IRQHandler
                0x08001c40                CAN1_RX0_IRQHandler
                0x08001c40                FPU_IRQHandler
                0x08001c40                OTG_HS_WKUP_IRQHandler
                0x08001c40                CAN2_SCE_IRQHandler
                0x08001c40                DMA2_Stream2_IRQHandler
                0x08001c40                SPI1_IRQHandler
                0x08001c40                TIM1_BRK_TIM9_IRQHandler
                0x08001c40                DCMI_IRQHandler
                0x08001c40                CAN2_RX0_IRQHandler
                0x08001c40                DMA2_Stream3_IRQHandler
                0x08001c40                SAI2_IRQHandler
                0x08001c40                USART6_IRQHandler
                0x08001c40                USART3_IRQHandler
                0x08001c40                CAN1_RX1_IRQHandler
                0x08001c40                UART5_IRQHandler
                0x08001c40                DMA2_Stream0_IRQHandler
                0x08001c40                TIM4_IRQHandler
                0x08001c40                QUADSPI_IRQHandler
                0x08001c40                I2C1_EV_IRQHandler
                0x08001c40                DMA1_Stream6_IRQHandler
                0x08001c40                DMA1_Stream1_IRQHandler
                0x08001c40                UART4_IRQHandler
                0x08001c40                TIM3_IRQHandler
                0x08001c40                RCC_IRQHandler
                0x08001c40                TIM8_BRK_TIM12_IRQHandler
                0x08001c40                Default_Handler
                0x08001c40                CEC_IRQHandler
                0x08001c40                EXTI15_10_IRQHandler
                0x08001c40                ADC_IRQHandler
                0x08001c40                DMA1_Stream7_IRQHandler
                0x08001c40                TIM7_IRQHandler
                0x08001c40                CAN2_TX_IRQHandler
                0x08001c40                TIM5_IRQHandler
                0x08001c40                DMA2_Stream7_IRQHandler
                0x08001c40                I2C3_EV_IRQHandler
                0x08001c40                EXTI9_5_IRQHandler
                0x08001c40                RTC_WKUP_IRQHandler
                0x08001c40                SPDIF_RX_IRQHandler
                0x08001c40                SPI2_IRQHandler
                0x08001c40                OTG_HS_EP1_IN_IRQHandler
                0x08001c40                DMA1_Stream0_IRQHandler
                0x08001c40                CAN1_TX_IRQHandler
                0x08001c40                FMPI2C1_ER_IRQHandler
                0x08001c40                EXTI4_IRQHandler
                0x08001c40                OTG_HS_EP1_OUT_IRQHandler
                0x08001c40                WWDG_IRQHandler
                0x08001c40                TIM2_IRQHandler
                0x08001c40                OTG_FS_WKUP_IRQHandler
                0x08001c40                TIM1_TRG_COM_TIM11_IRQHandler
                0x08001c40                OTG_HS_IRQHandler
                0x08001c40                EXTI1_IRQHandler
                0x08001c40                I2C2_ER_IRQHandler
                0x08001c40                DMA2_Stream1_IRQHandler
                0x08001c40                CAN1_SCE_IRQHandler
                0x08001c40                FLASH_IRQHandler
                0x08001c40                DMA2_Stream4_IRQHandler
                0x08001c40                USART1_IRQHandler
                0x08001c40                OTG_FS_IRQHandler
                0x08001c40                SPI3_IRQHandler
                0x08001c40                DMA1_Stream4_IRQHandler
                0x08001c40                I2C1_ER_IRQHandler
                0x08001c40                FMC_IRQHandler
                0x08001c40                DMA2_Stream6_IRQHandler
                0x08001c40                SAI1_IRQHandler
                0x08001c40                DMA1_Stream3_IRQHandler
 *fill*         0x08001c42        0x2 
 .text.HAL_Init
                0x08001c44       0x44 ./Drivers/STM32F4xx_HAL_Driver/Src/stm32f4xx_hal.o
                0x08001c44                HAL_Init
 .text.HAL_InitTick
                0x08001c88       0x60 ./Drivers/STM32F4xx_HAL_Driver/Src/stm32f4xx_hal.o
                0x08001c88                HAL_InitTick
 .text.HAL_IncTick
                0x08001ce8       0x28 ./Drivers/STM32F4xx_HAL_Driver/Src/stm32f4xx_hal.o
                0x08001ce8                HAL_IncTick
 .text.HAL_GetTick
                0x08001d10       0x18 ./Drivers/STM32F4xx_HAL_Driver/Src/stm32f4xx_hal.o
                0x08001d10                HAL_GetTick
 .text.HAL_Delay
                0x08001d28       0x48 ./Drivers/STM32F4xx_HAL_Driver/Src/stm32f4xx_hal.o
                0x08001d28                HAL_Delay
 .text.__NVIC_SetPriorityGrouping
                0x08001d70       0x48 ./Drivers/STM32F4xx_HAL_Driver/Src/stm32f4xx_hal_cortex.o
 .text.__NVIC_GetPriorityGrouping
                0x08001db8       0x1c ./Drivers/STM32F4xx_HAL_Driver/Src/stm32f4xx_hal_cortex.o
 .text.__NVIC_EnableIRQ
                0x08001dd4       0x3c ./Drivers/STM32F4xx_HAL_Driver/Src/stm32f4xx_hal_cortex.o
 .text.__NVIC_SetPriority
                0x08001e10       0x54 ./Drivers/STM32F4xx_HAL_Driver/Src/stm32f4xx_hal_cortex.o
 .text.NVIC_EncodePriority
                0x08001e64       0x66 ./Drivers/STM32F4xx_HAL_Driver/Src/stm32f4xx_hal_cortex.o
 *fill*         0x08001eca        0x2 
 .text.SysTick_Config
                0x08001ecc       0x44 ./Drivers/STM32F4xx_HAL_Driver/Src/stm32f4xx_hal_cortex.o
 .text.HAL_NVIC_SetPriorityGrouping
                0x08001f10       0x16 ./Drivers/STM32F4xx_HAL_Driver/Src/stm32f4xx_hal_cortex.o
                0x08001f10                HAL_NVIC_SetPriorityGrouping
 .text.HAL_NVIC_SetPriority
                0x08001f26       0x38 ./Drivers/STM32F4xx_HAL_Driver/Src/stm32f4xx_hal_cortex.o
                0x08001f26                HAL_NVIC_SetPriority
 .text.HAL_NVIC_EnableIRQ
                0x08001f5e       0x1c ./Drivers/STM32F4xx_HAL_Driver/Src/stm32f4xx_hal_cortex.o
                0x08001f5e                HAL_NVIC_EnableIRQ
 .text.HAL_SYSTICK_Config
                0x08001f7a       0x18 ./Drivers/STM32F4xx_HAL_Driver/Src/stm32f4xx_hal_cortex.o
                0x08001f7a                HAL_SYSTICK_Config
 .text.HAL_DMA_Abort
                0x08001f92       0xe0 ./Drivers/STM32F4xx_HAL_Driver/Src/stm32f4xx_hal_dma.o
                0x08001f92                HAL_DMA_Abort
 .text.HAL_DMA_Abort_IT
                0x08002072       0x44 ./Drivers/STM32F4xx_HAL_Driver/Src/stm32f4xx_hal_dma.o
                0x08002072                HAL_DMA_Abort_IT
 *fill*         0x080020b6        0x2 
 .text.HAL_GPIO_Init
                0x080020b8      0x328 ./Drivers/STM32F4xx_HAL_Driver/Src/stm32f4xx_hal_gpio.o
                0x080020b8                HAL_GPIO_Init
 .text.HAL_GPIO_ReadPin
                0x080023e0       0x30 ./Drivers/STM32F4xx_HAL_Driver/Src/stm32f4xx_hal_gpio.o
                0x080023e0                HAL_GPIO_ReadPin
 .text.HAL_GPIO_WritePin
                0x08002410       0x32 ./Drivers/STM32F4xx_HAL_Driver/Src/stm32f4xx_hal_gpio.o
                0x08002410                HAL_GPIO_WritePin
 .text.HAL_GPIO_TogglePin
                0x08002442       0x34 ./Drivers/STM32F4xx_HAL_Driver/Src/stm32f4xx_hal_gpio.o
                0x08002442                HAL_GPIO_TogglePin
 *fill*         0x08002476        0x2 
 .text.HAL_RCC_ClockConfig
                0x08002478      0x1cc ./Drivers/STM32F4xx_HAL_Driver/Src/stm32f4xx_hal_rcc.o
                0x08002478                HAL_RCC_ClockConfig
 .text.HAL_RCC_GetHCLKFreq
                0x08002644       0x18 ./Drivers/STM32F4xx_HAL_Driver/Src/stm32f4xx_hal_rcc.o
                0x08002644                HAL_RCC_GetHCLKFreq
 .text.HAL_RCC_GetPCLK1Freq
                0x0800265c       0x28 ./Drivers/STM32F4xx_HAL_Driver/Src/stm32f4xx_hal_rcc.o
                0x0800265c                HAL_RCC_GetPCLK1Freq
 .text.HAL_RCC_GetPCLK2Freq
                0x08002684       0x28 ./Drivers/STM32F4xx_HAL_Driver/Src/stm32f4xx_hal_rcc.o
                0x08002684                HAL_RCC_GetPCLK2Freq
 .text.HAL_RCC_GetSysClockFreq
                0x080026ac      0x460 ./Drivers/STM32F4xx_HAL_Driver/Src/stm32f4xx_hal_rcc_ex.o
                0x080026ac                HAL_RCC_GetSysClockFreq
 .text.HAL_RCC_OscConfig
                0x08002b0c      0x53c ./Drivers/STM32F4xx_HAL_Driver/Src/stm32f4xx_hal_rcc_ex.o
                0x08002b0c                HAL_RCC_OscConfig
 .text.HAL_TIM_Base_Init
                0x08003048       0x9e ./Drivers/STM32F4xx_HAL_Driver/Src/stm32f4xx_hal_tim.o
                0x08003048                HAL_TIM_Base_Init
 *fill*         0x080030e6        0x2 
 .text.HAL_TIM_Base_Start_IT
                0x080030e8       0xe0 ./Drivers/STM32F4xx_HAL_Driver/Src/stm32f4xx_hal_tim.o
                0x080030e8                HAL_TIM_Base_Start_IT
 .text.HAL_TIM_PWM_Init
                0x080031c8       0x9e ./Drivers/STM32F4xx_HAL_Driver/Src/stm32f4xx_hal_tim.o
                0x080031c8                HAL_TIM_PWM_Init
 .text.HAL_TIM_PWM_MspInit
                0x08003266       0x14 ./Drivers/STM32F4xx_HAL_Driver/Src/stm32f4xx_hal_tim.o
                0x08003266                HAL_TIM_PWM_MspInit
 *fill*         0x0800327a        0x2 
 .text.HAL_TIM_PWM_Start
                0x0800327c      0x190 ./Drivers/STM32F4xx_HAL_Driver/Src/stm32f4xx_hal_tim.o
                0x0800327c                HAL_TIM_PWM_Start
 .text.HAL_TIM_Encoder_Init
                0x0800340c      0x14c ./Drivers/STM32F4xx_HAL_Driver/Src/stm32f4xx_hal_tim.o
                0x0800340c                HAL_TIM_Encoder_Init
 .text.HAL_TIM_Encoder_Start
                0x08003558      0x11c ./Drivers/STM32F4xx_HAL_Driver/Src/stm32f4xx_hal_tim.o
                0x08003558                HAL_TIM_Encoder_Start
 .text.HAL_TIM_IRQHandler
                0x08003674      0x1e0 ./Drivers/STM32F4xx_HAL_Driver/Src/stm32f4xx_hal_tim.o
                0x08003674                HAL_TIM_IRQHandler
 .text.HAL_TIM_PWM_ConfigChannel
                0x08003854      0x184 ./Drivers/STM32F4xx_HAL_Driver/Src/stm32f4xx_hal_tim.o
                0x08003854                HAL_TIM_PWM_ConfigChannel
 .text.HAL_TIM_ConfigClockSource
                0x080039d8      0x18e ./Drivers/STM32F4xx_HAL_Driver/Src/stm32f4xx_hal_tim.o
                0x080039d8                HAL_TIM_ConfigClockSource
 .text.HAL_TIM_OC_DelayElapsedCallback
                0x08003b66       0x14 ./Drivers/STM32F4xx_HAL_Driver/Src/stm32f4xx_hal_tim.o
                0x08003b66                HAL_TIM_OC_DelayElapsedCallback
 .text.HAL_TIM_IC_CaptureCallback
                0x08003b7a       0x14 ./Drivers/STM32F4xx_HAL_Driver/Src/stm32f4xx_hal_tim.o
                0x08003b7a                HAL_TIM_IC_CaptureCallback
 .text.HAL_TIM_PWM_PulseFinishedCallback
                0x08003b8e       0x14 ./Drivers/STM32F4xx_HAL_Driver/Src/stm32f4xx_hal_tim.o
                0x08003b8e                HAL_TIM_PWM_PulseFinishedCallback
 .text.HAL_TIM_TriggerCallback
                0x08003ba2       0x14 ./Drivers/STM32F4xx_HAL_Driver/Src/stm32f4xx_hal_tim.o
                0x08003ba2                HAL_TIM_TriggerCallback
 *fill*         0x08003bb6        0x2 
 .text.TIM_Base_SetConfig
                0x08003bb8      0x14c ./Drivers/STM32F4xx_HAL_Driver/Src/stm32f4xx_hal_tim.o
                0x08003bb8                TIM_Base_SetConfig
 .text.TIM_OC1_SetConfig
                0x08003d04       0xe0 ./Drivers/STM32F4xx_HAL_Driver/Src/stm32f4xx_hal_tim.o
 .text.TIM_OC2_SetConfig
                0x08003de4       0xec ./Drivers/STM32F4xx_HAL_Driver/Src/stm32f4xx_hal_tim.o
                0x08003de4                TIM_OC2_SetConfig
 .text.TIM_OC3_SetConfig
                0x08003ed0       0xe8 ./Drivers/STM32F4xx_HAL_Driver/Src/stm32f4xx_hal_tim.o
 .text.TIM_OC4_SetConfig
                0x08003fb8       0xac ./Drivers/STM32F4xx_HAL_Driver/Src/stm32f4xx_hal_tim.o
 .text.TIM_TI1_ConfigInputStage
                0x08004064       0x5e ./Drivers/STM32F4xx_HAL_Driver/Src/stm32f4xx_hal_tim.o
 .text.TIM_TI2_ConfigInputStage
                0x080040c2       0x60 ./Drivers/STM32F4xx_HAL_Driver/Src/stm32f4xx_hal_tim.o
 .text.TIM_ITRx_SetConfig
                0x08004122       0x36 ./Drivers/STM32F4xx_HAL_Driver/Src/stm32f4xx_hal_tim.o
 .text.TIM_ETR_SetConfig
                0x08004158       0x40 ./Drivers/STM32F4xx_HAL_Driver/Src/stm32f4xx_hal_tim.o
                0x08004158                TIM_ETR_SetConfig
 .text.TIM_CCxChannelCmd
                0x08004198       0x4a ./Drivers/STM32F4xx_HAL_Driver/Src/stm32f4xx_hal_tim.o
                0x08004198                TIM_CCxChannelCmd
 *fill*         0x080041e2        0x2 
 .text.HAL_TIMEx_MasterConfigSynchronization
                0x080041e4       0xf8 ./Drivers/STM32F4xx_HAL_Driver/Src/stm32f4xx_hal_tim_ex.o
                0x080041e4                HAL_TIMEx_MasterConfigSynchronization
 .text.HAL_TIMEx_CommutCallback
                0x080042dc       0x14 ./Drivers/STM32F4xx_HAL_Driver/Src/stm32f4xx_hal_tim_ex.o
                0x080042dc                HAL_TIMEx_CommutCallback
 .text.HAL_TIMEx_BreakCallback
                0x080042f0       0x14 ./Drivers/STM32F4xx_HAL_Driver/Src/stm32f4xx_hal_tim_ex.o
                0x080042f0                HAL_TIMEx_BreakCallback
 .text.HAL_UART_Init
                0x08004304       0xa0 ./Drivers/STM32F4xx_HAL_Driver/Src/stm32f4xx_hal_uart.o
                0x08004304                HAL_UART_Init
 .text.HAL_UART_Transmit
                0x080043a4      0x116 ./Drivers/STM32F4xx_HAL_Driver/Src/stm32f4xx_hal_uart.o
                0x080043a4                HAL_UART_Transmit
 .text.HAL_UART_Receive_IT
                0x080044ba       0x4a ./Drivers/STM32F4xx_HAL_Driver/Src/stm32f4xx_hal_uart.o
                0x080044ba                HAL_UART_Receive_IT
 .text.HAL_UART_IRQHandler
                0x08004504      0x554 ./Drivers/STM32F4xx_HAL_Driver/Src/stm32f4xx_hal_uart.o
                0x08004504                HAL_UART_IRQHandler
 .text.HAL_UART_TxCpltCallback
                0x08004a58       0x14 ./Drivers/STM32F4xx_HAL_Driver/Src/stm32f4xx_hal_uart.o
                0x08004a58                HAL_UART_TxCpltCallback
 .text.HAL_UART_ErrorCallback
                0x08004a6c       0x14 ./Drivers/STM32F4xx_HAL_Driver/Src/stm32f4xx_hal_uart.o
                0x08004a6c                HAL_UART_ErrorCallback
 .text.HAL_UARTEx_RxEventCallback
                0x08004a80       0x18 ./Drivers/STM32F4xx_HAL_Driver/Src/stm32f4xx_hal_uart.o
                0x08004a80                HAL_UARTEx_RxEventCallback
 .text.UART_WaitOnFlagUntilTimeout
                0x08004a98       0xb2 ./Drivers/STM32F4xx_HAL_Driver/Src/stm32f4xx_hal_uart.o
 .text.UART_Start_Receive_IT
                0x08004b4a       0x74 ./Drivers/STM32F4xx_HAL_Driver/Src/stm32f4xx_hal_uart.o
                0x08004b4a                UART_Start_Receive_IT
 .text.UART_EndRxTransfer
                0x08004bbe       0xc6 ./Drivers/STM32F4xx_HAL_Driver/Src/stm32f4xx_hal_uart.o
 .text.UART_DMAAbortOnError
                0x08004c84       0x22 ./Drivers/STM32F4xx_HAL_Driver/Src/stm32f4xx_hal_uart.o
 .text.UART_Transmit_IT
                0x08004ca6       0xa0 ./Drivers/STM32F4xx_HAL_Driver/Src/stm32f4xx_hal_uart.o
 .text.UART_EndTransmit_IT
                0x08004d46       0x30 ./Drivers/STM32F4xx_HAL_Driver/Src/stm32f4xx_hal_uart.o
 .text.UART_Receive_IT
                0x08004d76      0x17c ./Drivers/STM32F4xx_HAL_Driver/Src/stm32f4xx_hal_uart.o
 *fill*         0x08004ef2        0x2 
 .text.UART_SetConfig
                0x08004ef4      0x4e8 ./Drivers/STM32F4xx_HAL_Driver/Src/stm32f4xx_hal_uart.o
 .text.malloc   0x080053dc       0x10 C:/ST/STM32CubeIDE_2.1.1/STM32CubeIDE/plugins/com.st.stm32cube.ide.mcu.externaltools.gnu-tools-for-stm32.14.3.rel1.win32_1.0.100.202602081740/tools/bin/../lib/gcc/arm-none-eabi/14.3.1/../../../../arm-none-eabi/lib/thumb/v7e-m+fp/hard\libc_nano.a(libc_a-malloc.o)
                0x080053dc                malloc
 .text.free     0x080053ec       0x10 C:/ST/STM32CubeIDE_2.1.1/STM32CubeIDE/plugins/com.st.stm32cube.ide.mcu.externaltools.gnu-tools-for-stm32.14.3.rel1.win32_1.0.100.202602081740/tools/bin/../lib/gcc/arm-none-eabi/14.3.1/../../../../arm-none-eabi/lib/thumb/v7e-m+fp/hard\libc_nano.a(libc_a-malloc.o)
                0x080053ec                free
 .text.sbrk_aligned
                0x080053fc       0x44 C:/ST/STM32CubeIDE_2.1.1/STM32CubeIDE/plugins/com.st.stm32cube.ide.mcu.externaltools.gnu-tools-for-stm32.14.3.rel1.win32_1.0.100.202602081740/tools/bin/../lib/gcc/arm-none-eabi/14.3.1/../../../../arm-none-eabi/lib/thumb/v7e-m+fp/hard\libc_nano.a(libc_a-mallocr.o)
 .text._malloc_r
                0x08005440      0x100 C:/ST/STM32CubeIDE_2.1.1/STM32CubeIDE/plugins/com.st.stm32cube.ide.mcu.externaltools.gnu-tools-for-stm32.14.3.rel1.win32_1.0.100.202602081740/tools/bin/../lib/gcc/arm-none-eabi/14.3.1/../../../../arm-none-eabi/lib/thumb/v7e-m+fp/hard\libc_nano.a(libc_a-mallocr.o)
                0x08005440                _malloc_r
 .text.__malloc_lock
                0x08005540        0xc C:/ST/STM32CubeIDE_2.1.1/STM32CubeIDE/plugins/com.st.stm32cube.ide.mcu.externaltools.gnu-tools-for-stm32.14.3.rel1.win32_1.0.100.202602081740/tools/bin/../lib/gcc/arm-none-eabi/14.3.1/../../../../arm-none-eabi/lib/thumb/v7e-m+fp/hard\libc_nano.a(libc_a-mlock.o)
                0x08005540                __malloc_lock
 .text.__malloc_unlock
                0x0800554c        0xc C:/ST/STM32CubeIDE_2.1.1/STM32CubeIDE/plugins/com.st.stm32cube.ide.mcu.externaltools.gnu-tools-for-stm32.14.3.rel1.win32_1.0.100.202602081740/tools/bin/../lib/gcc/arm-none-eabi/14.3.1/../../../../arm-none-eabi/lib/thumb/v7e-m+fp/hard\libc_nano.a(libc_a-mlock.o)
                0x0800554c                __malloc_unlock
 .text.memset   0x08005558       0x10 C:/ST/STM32CubeIDE_2.1.1/STM32CubeIDE/plugins/com.st.stm32cube.ide.mcu.externaltools.gnu-tools-for-stm32.14.3.rel1.win32_1.0.100.202602081740/tools/bin/../lib/gcc/arm-none-eabi/14.3.1/../../../../arm-none-eabi/lib/thumb/v7e-m+fp/hard\libc_nano.a(libc_a-memset.o)
                0x08005558                memset
 .text._sbrk_r  0x08005568       0x20 C:/ST/STM32CubeIDE_2.1.1/STM32CubeIDE/plugins/com.st.stm32cube.ide.mcu.externaltools.gnu-tools-for-stm32.14.3.rel1.win32_1.0.100.202602081740/tools/bin/../lib/gcc/arm-none-eabi/14.3.1/../../../../arm-none-eabi/lib/thumb/v7e-m+fp/hard\libc_nano.a(libc_a-sbrkr.o)
                0x08005568                _sbrk_r
 .text.__errno  0x08005588        0xc C:/ST/STM32CubeIDE_2.1.1/STM32CubeIDE/plugins/com.st.stm32cube.ide.mcu.externaltools.gnu-tools-for-stm32.14.3.rel1.win32_1.0.100.202602081740/tools/bin/../lib/gcc/arm-none-eabi/14.3.1/../../../../arm-none-eabi/lib/thumb/v7e-m+fp/hard\libc_nano.a(libc_a-errno.o)
                0x08005588                __errno
 .text.__libc_init_array
                0x08005594       0x48 C:/ST/STM32CubeIDE_2.1.1/STM32CubeIDE/plugins/com.st.stm32cube.ide.mcu.externaltools.gnu-tools-for-stm32.14.3.rel1.win32_1.0.100.202602081740/tools/bin/../lib/gcc/arm-none-eabi/14.3.1/../../../../arm-none-eabi/lib/thumb/v7e-m+fp/hard\libc_nano.a(libc_a-init.o)
                0x08005594                __libc_init_array
 .text.__retarget_lock_acquire_recursive
                0x080055dc        0x2 C:/ST/STM32CubeIDE_2.1.1/STM32CubeIDE/plugins/com.st.stm32cube.ide.mcu.externaltools.gnu-tools-for-stm32.14.3.rel1.win32_1.0.100.202602081740/tools/bin/../lib/gcc/arm-none-eabi/14.3.1/../../../../arm-none-eabi/lib/thumb/v7e-m+fp/hard\libc_nano.a(libc_a-lock.o)
                0x080055dc                __retarget_lock_acquire_recursive
 .text.__retarget_lock_release_recursive
                0x080055de        0x2 C:/ST/STM32CubeIDE_2.1.1/STM32CubeIDE/plugins/com.st.stm32cube.ide.mcu.externaltools.gnu-tools-for-stm32.14.3.rel1.win32_1.0.100.202602081740/tools/bin/../lib/gcc/arm-none-eabi/14.3.1/../../../../arm-none-eabi/lib/thumb/v7e-m+fp/hard\libc_nano.a(libc_a-lock.o)
                0x080055de                __retarget_lock_release_recursive
 .text._free_r  0x080055e0       0x94 C:/ST/STM32CubeIDE_2.1.1/STM32CubeIDE/plugins/com.st.stm32cube.ide.mcu.externaltools.gnu-tools-for-stm32.14.3.rel1.win32_1.0.100.202602081740/tools/bin/../lib/gcc/arm-none-eabi/14.3.1/../../../../arm-none-eabi/lib/thumb/v7e-m+fp/hard\libc_nano.a(libc_a-freer.o)
                0x080055e0                _free_r
 *(.glue_7)
 .glue_7        0x08005674        0x0 linker stubs
 *(.glue_7t)
 .glue_7t       0x08005674        0x0 linker stubs
 *(.eh_frame)
 .eh_frame      0x08005674        0x0 C:/ST/STM32CubeIDE_2.1.1/STM32CubeIDE/plugins/com.st.stm32cube.ide.mcu.externaltools.gnu-tools-for-stm32.14.3.rel1.win32_1.0.100.202602081740/tools/bin/../lib/gcc/arm-none-eabi/14.3.1/thumb/v7e-m+fp/hard/crtbegin.o
 *(.init)
 .init          0x08005674        0x4 C:/ST/STM32CubeIDE_2.1.1/STM32CubeIDE/plugins/com.st.stm32cube.ide.mcu.externaltools.gnu-tools-for-stm32.14.3.rel1.win32_1.0.100.202602081740/tools/bin/../lib/gcc/arm-none-eabi/14.3.1/thumb/v7e-m+fp/hard/crti.o
                0x08005674                _init
 .init          0x08005678        0x8 C:/ST/STM32CubeIDE_2.1.1/STM32CubeIDE/plugins/com.st.stm32cube.ide.mcu.externaltools.gnu-tools-for-stm32.14.3.rel1.win32_1.0.100.202602081740/tools/bin/../lib/gcc/arm-none-eabi/14.3.1/thumb/v7e-m+fp/hard/crtn.o
 *(.fini)
 .fini          0x08005680        0x4 C:/ST/STM32CubeIDE_2.1.1/STM32CubeIDE/plugins/com.st.stm32cube.ide.mcu.externaltools.gnu-tools-for-stm32.14.3.rel1.win32_1.0.100.202602081740/tools/bin/../lib/gcc/arm-none-eabi/14.3.1/thumb/v7e-m+fp/hard/crti.o
                0x08005680                _fini
 .fini          0x08005684        0x8 C:/ST/STM32CubeIDE_2.1.1/STM32CubeIDE/plugins/com.st.stm32cube.ide.mcu.externaltools.gnu-tools-for-stm32.14.3.rel1.win32_1.0.100.202602081740/tools/bin/../lib/gcc/arm-none-eabi/14.3.1/thumb/v7e-m+fp/hard/crtn.o
                0x0800568c                        . = ALIGN (0x4)
                0x0800568c                        _etext = .

.vfp11_veneer   0x0800568c        0x0
 .vfp11_veneer  0x0800568c        0x0 linker stubs

.v4_bx          0x0800568c        0x0
 .v4_bx         0x0800568c        0x0 linker stubs

.iplt           0x0800568c        0x0
 .iplt          0x0800568c        0x0 C:/ST/STM32CubeIDE_2.1.1/STM32CubeIDE/plugins/com.st.stm32cube.ide.mcu.externaltools.gnu-tools-for-stm32.14.3.rel1.win32_1.0.100.202602081740/tools/bin/../lib/gcc/arm-none-eabi/14.3.1/thumb/v7e-m+fp/hard/crtbegin.o

.rodata         0x0800568c       0x58
                0x0800568c                        . = ALIGN (0x4)
 *(.rodata)
 .rodata        0x0800568c       0x40 ./Core/Src/main.o
 *(.rodata*)
 .rodata.AHBPrescTable
                0x080056cc       0x10 ./Core/Src/system_stm32f4xx.o
                0x080056cc                AHBPrescTable
 .rodata.APBPrescTable
                0x080056dc        0x8 ./Core/Src/system_stm32f4xx.o
                0x080056dc                APBPrescTable
                0x080056e4                        . = ALIGN (0x4)

.ARM.extab      0x080056e4        0x0
                0x080056e4                        . = ALIGN (0x4)
 *(.ARM.extab* .gnu.linkonce.armextab.*)
                0x080056e4                        . = ALIGN (0x4)

.ARM            0x080056e4        0x8
                0x080056e4                        . = ALIGN (0x4)
                0x080056e4                        __exidx_start = .
 *(.ARM.exidx*)
 .ARM.exidx     0x080056e4        0x8 C:/ST/STM32CubeIDE_2.1.1/STM32CubeIDE/plugins/com.st.stm32cube.ide.mcu.externaltools.gnu-tools-for-stm32.14.3.rel1.win32_1.0.100.202602081740/tools/bin/../lib/gcc/arm-none-eabi/14.3.1/thumb/v7e-m+fp/hard\libgcc.a(_udivmoddi4.o)
                0x080056ec                        __exidx_end = .
                0x080056ec                        . = ALIGN (0x4)

.preinit_array  0x080056ec        0x0
                0x080056ec                        . = ALIGN (0x4)
                0x080056ec                        PROVIDE (__preinit_array_start = .)
 *(.preinit_array*)
                0x080056ec                        PROVIDE (__preinit_array_end = .)
                0x080056ec                        . = ALIGN (0x4)

.init_array     0x080056ec        0x4
                0x080056ec                        . = ALIGN (0x4)
                0x080056ec                        PROVIDE (__init_array_start = .)
 *(SORT_BY_NAME(.init_array.*))
 *(.init_array*)
 .init_array    0x080056ec        0x4 C:/ST/STM32CubeIDE_2.1.1/STM32CubeIDE/plugins/com.st.stm32cube.ide.mcu.externaltools.gnu-tools-for-stm32.14.3.rel1.win32_1.0.100.202602081740/tools/bin/../lib/gcc/arm-none-eabi/14.3.1/thumb/v7e-m+fp/hard/crtbegin.o
                0x080056f0                        PROVIDE (__init_array_end = .)
                0x080056f0                        . = ALIGN (0x4)

.fini_array     0x080056f0        0x4
                0x080056f0                        . = ALIGN (0x4)
                [!provide]                        PROVIDE (__fini_array_start = .)
 *(SORT_BY_NAME(.fini_array.*))
 *(.fini_array*)
 .fini_array    0x080056f0        0x4 C:/ST/STM32CubeIDE_2.1.1/STM32CubeIDE/plugins/com.st.stm32cube.ide.mcu.externaltools.gnu-tools-for-stm32.14.3.rel1.win32_1.0.100.202602081740/tools/bin/../lib/gcc/arm-none-eabi/14.3.1/thumb/v7e-m+fp/hard/crtbegin.o
                [!provide]                        PROVIDE (__fini_array_end = .)
                0x080056f4                        . = ALIGN (0x4)
                0x080056f4                        _sidata = LOADADDR (.data)

.rel.dyn        0x080056f4        0x0
 .rel.iplt      0x080056f4        0x0 C:/ST/STM32CubeIDE_2.1.1/STM32CubeIDE/plugins/com.st.stm32cube.ide.mcu.externaltools.gnu-tools-for-stm32.14.3.rel1.win32_1.0.100.202602081740/tools/bin/../lib/gcc/arm-none-eabi/14.3.1/thumb/v7e-m+fp/hard/crtbegin.o

.data           0x20000000       0x5c load address 0x080056f4
                0x20000000                        . = ALIGN (0x4)
                0x20000000                        _sdata = .
 *(.data)
 *(.data*)
 .data.SystemCoreClock
                0x20000000        0x4 ./Core/Src/system_stm32f4xx.o
                0x20000000                SystemCoreClock
 .data.uwTickPrio
                0x20000004        0x4 ./Drivers/STM32F4xx_HAL_Driver/Src/stm32f4xx_hal.o
                0x20000004                uwTickPrio
 .data.uwTickFreq
                0x20000008        0x1 ./Drivers/STM32F4xx_HAL_Driver/Src/stm32f4xx_hal.o
                0x20000008                uwTickFreq
 *fill*         0x20000009        0x3 
 .data._impure_ptr
                0x2000000c        0x4 C:/ST/STM32CubeIDE_2.1.1/STM32CubeIDE/plugins/com.st.stm32cube.ide.mcu.externaltools.gnu-tools-for-stm32.14.3.rel1.win32_1.0.100.202602081740/tools/bin/../lib/gcc/arm-none-eabi/14.3.1/../../../../arm-none-eabi/lib/thumb/v7e-m+fp/hard\libc_nano.a(libc_a-impure.o)
                0x2000000c                _impure_ptr
 .data._impure_data
                0x20000010       0x4c C:/ST/STM32CubeIDE_2.1.1/STM32CubeIDE/plugins/com.st.stm32cube.ide.mcu.externaltools.gnu-tools-for-stm32.14.3.rel1.win32_1.0.100.202602081740/tools/bin/../lib/gcc/arm-none-eabi/14.3.1/../../../../arm-none-eabi/lib/thumb/v7e-m+fp/hard\libc_nano.a(libc_a-impure.o)
                0x20000010                _impure_data
 *(.RamFunc)
 *(.RamFunc*)
                0x2000005c                        . = ALIGN (0x4)
                0x2000005c                        _edata = .

.igot.plt       0x2000005c        0x0 load address 0x08005750
 .igot.plt      0x2000005c        0x0 C:/ST/STM32CubeIDE_2.1.1/STM32CubeIDE/plugins/com.st.stm32cube.ide.mcu.externaltools.gnu-tools-for-stm32.14.3.rel1.win32_1.0.100.202602081740/tools/bin/../lib/gcc/arm-none-eabi/14.3.1/thumb/v7e-m+fp/hard/crtbegin.o
                0x2000005c                        . = ALIGN (0x4)

.bss            0x2000005c      0x330 load address 0x08005750
                0x2000005c                        _sbss = .
                0x2000005c                        __bss_start__ = _sbss
 *(.bss)
 .bss           0x2000005c       0x1c C:/ST/STM32CubeIDE_2.1.1/STM32CubeIDE/plugins/com.st.stm32cube.ide.mcu.externaltools.gnu-tools-for-stm32.14.3.rel1.win32_1.0.100.202602081740/tools/bin/../lib/gcc/arm-none-eabi/14.3.1/thumb/v7e-m+fp/hard/crtbegin.o
 *(.bss*)
 .bss.htim2     0x20000078       0x48 ./Core/Src/main.o
                0x20000078                htim2
 .bss.htim3     0x200000c0       0x48 ./Core/Src/main.o
                0x200000c0                htim3
 .bss.htim4     0x20000108       0x48 ./Core/Src/main.o
                0x20000108                htim4
 .bss.htim6     0x20000150       0x48 ./Core/Src/main.o
                0x20000150                htim6
 .bss.huart2    0x20000198       0x48 ./Core/Src/main.o
                0x20000198                huart2
 .bss.shoulder_joint
                0x200001e0       0x18 ./Core/Src/main.o
 .bss.base_joint
                0x200001f8       0x18 ./Core/Src/main.o
 .bss.state     0x20000210        0x1 ./Core/Src/main.o
                0x20000210                state
 .bss.rx_byte   0x20000211        0x1 ./Core/Src/main.o
                0x20000211                rx_byte
 *fill*         0x20000212        0x2 
 .bss.packet    0x20000214       0x14 ./Core/Src/main.o
                0x20000214                packet
 .bss.current_state
                0x20000228        0x1 ./Core/Src/protocol.o
 *fill*         0x20000229        0x3 
 .bss.serial_uart
                0x2000022c        0x4 ./Core/Src/serial.o
 .bss.serial_monitor
                0x20000230        0xc ./Core/Src/serial_monitor.o
 .bss.__sbrk_heap_end
                0x2000023c        0x4 ./Core/Src/sysmem.o
 .bss.uwTick    0x20000240        0x4 ./Drivers/STM32F4xx_HAL_Driver/Src/stm32f4xx_hal.o
                0x20000240                uwTick
 .bss.__malloc_sbrk_start
                0x20000244        0x4 C:/ST/STM32CubeIDE_2.1.1/STM32CubeIDE/plugins/com.st.stm32cube.ide.mcu.externaltools.gnu-tools-for-stm32.14.3.rel1.win32_1.0.100.202602081740/tools/bin/../lib/gcc/arm-none-eabi/14.3.1/../../../../arm-none-eabi/lib/thumb/v7e-m+fp/hard\libc_nano.a(libc_a-mallocr.o)
                0x20000244                __malloc_sbrk_start
 .bss.__malloc_free_list
                0x20000248        0x4 C:/ST/STM32CubeIDE_2.1.1/STM32CubeIDE/plugins/com.st.stm32cube.ide.mcu.externaltools.gnu-tools-for-stm32.14.3.rel1.win32_1.0.100.202602081740/tools/bin/../lib/gcc/arm-none-eabi/14.3.1/../../../../arm-none-eabi/lib/thumb/v7e-m+fp/hard\libc_nano.a(libc_a-mallocr.o)
                0x20000248                __malloc_free_list
 .bss.__sf      0x2000024c      0x138 C:/ST/STM32CubeIDE_2.1.1/STM32CubeIDE/plugins/com.st.stm32cube.ide.mcu.externaltools.gnu-tools-for-stm32.14.3.rel1.win32_1.0.100.202602081740/tools/bin/../lib/gcc/arm-none-eabi/14.3.1/../../../../arm-none-eabi/lib/thumb/v7e-m+fp/hard\libc_nano.a(libc_a-findfp.o)
                0x2000024c                __sf
 .bss.errno     0x20000384        0x4 C:/ST/STM32CubeIDE_2.1.1/STM32CubeIDE/plugins/com.st.stm32cube.ide.mcu.externaltools.gnu-tools-for-stm32.14.3.rel1.win32_1.0.100.202602081740/tools/bin/../lib/gcc/arm-none-eabi/14.3.1/../../../../arm-none-eabi/lib/thumb/v7e-m+fp/hard\libc_nano.a(libc_a-reent.o)
                0x20000384                errno
 .bss.__lock___malloc_recursive_mutex
                0x20000388        0x1 C:/ST/STM32CubeIDE_2.1.1/STM32CubeIDE/plugins/com.st.stm32cube.ide.mcu.externaltools.gnu-tools-for-stm32.14.3.rel1.win32_1.0.100.202602081740/tools/bin/../lib/gcc/arm-none-eabi/14.3.1/../../../../arm-none-eabi/lib/thumb/v7e-m+fp/hard\libc_nano.a(libc_a-lock.o)
                0x20000388                __lock___malloc_recursive_mutex
 *(COMMON)
                0x2000038c                        . = ALIGN (0x4)
 *fill*         0x20000389        0x3 
                0x2000038c                        _ebss = .
                0x2000038c                        __bss_end__ = _ebss

._user_heap_stack
                0x2000038c      0x604 load address 0x08005750
                0x20000390                        . = ALIGN (0x8)
 *fill*         0x2000038c        0x4 
                [!provide]                        PROVIDE (end = .)
                0x20000390                        PROVIDE (_end = .)
                0x20000590                        . = (. + _Min_Heap_Size)
 *fill*         0x20000390      0x200 
                0x20000990                        . = (. + _Min_Stack_Size)
 *fill*         0x20000590      0x400 
                0x20000990                        . = ALIGN (0x8)

/DISCARD/
 libc.a(*)
 libm.a(*)
 libgcc.a(*)

.ARM.attributes
                0x00000000       0x30
 *(.ARM.attributes)
 .ARM.attributes
                0x00000000       0x22 C:/ST/STM32CubeIDE_2.1.1/STM32CubeIDE/plugins/com.st.stm32cube.ide.mcu.externaltools.gnu-tools-for-stm32.14.3.rel1.win32_1.0.100.202602081740/tools/bin/../lib/gcc/arm-none-eabi/14.3.1/thumb/v7e-m+fp/hard/crti.o
 .ARM.attributes
                0x00000022       0x34 C:/ST/STM32CubeIDE_2.1.1/STM32CubeIDE/plugins/com.st.stm32cube.ide.mcu.externaltools.gnu-tools-for-stm32.14.3.rel1.win32_1.0.100.202602081740/tools/bin/../lib/gcc/arm-none-eabi/14.3.1/thumb/v7e-m+fp/hard/crtbegin.o
 .ARM.attributes
                0x00000056       0x34 ./Core/Src/encoder.o
 .ARM.attributes
                0x0000008a       0x34 ./Core/Src/joint.o
 .ARM.attributes
                0x000000be       0x34 ./Core/Src/main.o
 .ARM.attributes
                0x000000f2       0x34 ./Core/Src/motor.o
 .ARM.attributes
                0x00000126       0x34 ./Core/Src/pid.o
 .ARM.attributes
                0x0000015a       0x34 ./Core/Src/protocol.o
 .ARM.attributes
                0x0000018e       0x34 ./Core/Src/protocol_data.o
 .ARM.attributes
                0x000001c2       0x34 ./Core/Src/serial.o
 .ARM.attributes
                0x000001f6       0x34 ./Core/Src/serial_monitor.o
 .ARM.attributes
                0x0000022a       0x34 ./Core/Src/stm32f4xx_hal_msp.o
 .ARM.attributes
                0x0000025e       0x34 ./Core/Src/stm32f4xx_it.o
 .ARM.attributes
                0x00000292       0x34 ./Core/Src/sysmem.o
 .ARM.attributes
                0x000002c6       0x34 ./Core/Src/system_stm32f4xx.o
 .ARM.attributes
                0x000002fa       0x21 ./Core/Startup/startup_stm32f446retx.o
 .ARM.attributes
                0x0000031b       0x34 ./Drivers/STM32F4xx_HAL_Driver/Src/stm32f4xx_hal.o
 .ARM.attributes
                0x0000034f       0x34 ./Drivers/STM32F4xx_HAL_Driver/Src/stm32f4xx_hal_cortex.o
 .ARM.attributes
                0x00000383       0x34 ./Drivers/STM32F4xx_HAL_Driver/Src/stm32f4xx_hal_dma.o
 .ARM.attributes
                0x000003b7       0x34 ./Drivers/STM32F4xx_HAL_Driver/Src/stm32f4xx_hal_gpio.o
 .ARM.attributes
                0x000003eb       0x34 ./Drivers/STM32F4xx_HAL_Driver/Src/stm32f4xx_hal_rcc.o
 .ARM.attributes
                0x0000041f       0x34 ./Drivers/STM32F4xx_HAL_Driver/Src/stm32f4xx_hal_rcc_ex.o
 .ARM.attributes
                0x00000453       0x34 ./Drivers/STM32F4xx_HAL_Driver/Src/stm32f4xx_hal_tim.o
 .ARM.attributes
                0x00000487       0x34 ./Drivers/STM32F4xx_HAL_Driver/Src/stm32f4xx_hal_tim_ex.o
 .ARM.attributes
                0x000004bb       0x34 ./Drivers/STM32F4xx_HAL_Driver/Src/stm32f4xx_hal_uart.o
 .ARM.attributes
                0x000004ef       0x34 C:/ST/STM32CubeIDE_2.1.1/STM32CubeIDE/plugins/com.st.stm32cube.ide.mcu.externaltools.gnu-tools-for-stm32.14.3.rel1.win32_1.0.100.202602081740/tools/bin/../lib/gcc/arm-none-eabi/14.3.1/../../../../arm-none-eabi/lib/thumb/v7e-m+fp/hard\libc_nano.a(libc_a-malloc.o)
 .ARM.attributes
                0x00000523       0x34 C:/ST/STM32CubeIDE_2.1.1/STM32CubeIDE/plugins/com.st.stm32cube.ide.mcu.externaltools.gnu-tools-for-stm32.14.3.rel1.win32_1.0.100.202602081740/tools/bin/../lib/gcc/arm-none-eabi/14.3.1/../../../../arm-none-eabi/lib/thumb/v7e-m+fp/hard\libc_nano.a(libc_a-mallocr.o)
 .ARM.attributes
                0x00000557       0x34 C:/ST/STM32CubeIDE_2.1.1/STM32CubeIDE/plugins/com.st.stm32cube.ide.mcu.externaltools.gnu-tools-for-stm32.14.3.rel1.win32_1.0.100.202602081740/tools/bin/../lib/gcc/arm-none-eabi/14.3.1/../../../../arm-none-eabi/lib/thumb/v7e-m+fp/hard\libc_nano.a(libc_a-mlock.o)
 .ARM.attributes
                0x0000058b       0x34 C:/ST/STM32CubeIDE_2.1.1/STM32CubeIDE/plugins/com.st.stm32cube.ide.mcu.externaltools.gnu-tools-for-stm32.14.3.rel1.win32_1.0.100.202602081740/tools/bin/../lib/gcc/arm-none-eabi/14.3.1/../../../../arm-none-eabi/lib/thumb/v7e-m+fp/hard\libc_nano.a(libc_a-findfp.o)
 .ARM.attributes
                0x000005bf       0x34 C:/ST/STM32CubeIDE_2.1.1/STM32CubeIDE/plugins/com.st.stm32cube.ide.mcu.externaltools.gnu-tools-for-stm32.14.3.rel1.win32_1.0.100.202602081740/tools/bin/../lib/gcc/arm-none-eabi/14.3.1/../../../../arm-none-eabi/lib/thumb/v7e-m+fp/hard\libc_nano.a(libc_a-memset.o)
 .ARM.attributes
                0x000005f3       0x34 C:/ST/STM32CubeIDE_2.1.1/STM32CubeIDE/plugins/com.st.stm32cube.ide.mcu.externaltools.gnu-tools-for-stm32.14.3.rel1.win32_1.0.100.202602081740/tools/bin/../lib/gcc/arm-none-eabi/14.3.1/../../../../arm-none-eabi/lib/thumb/v7e-m+fp/hard\libc_nano.a(libc_a-reent.o)
 .ARM.attributes
                0x00000627       0x34 C:/ST/STM32CubeIDE_2.1.1/STM32CubeIDE/plugins/com.st.stm32cube.ide.mcu.externaltools.gnu-tools-for-stm32.14.3.rel1.win32_1.0.100.202602081740/tools/bin/../lib/gcc/arm-none-eabi/14.3.1/../../../../arm-none-eabi/lib/thumb/v7e-m+fp/hard\libc_nano.a(libc_a-impure.o)
 .ARM.attributes
                0x0000065b       0x34 C:/ST/STM32CubeIDE_2.1.1/STM32CubeIDE/plugins/com.st.stm32cube.ide.mcu.externaltools.gnu-tools-for-stm32.14.3.rel1.win32_1.0.100.202602081740/tools/bin/../lib/gcc/arm-none-eabi/14.3.1/../../../../arm-none-eabi/lib/thumb/v7e-m+fp/hard\libc_nano.a(libc_a-sbrkr.o)
 .ARM.attributes
                0x0000068f       0x34 C:/ST/STM32CubeIDE_2.1.1/STM32CubeIDE/plugins/com.st.stm32cube.ide.mcu.externaltools.gnu-tools-for-stm32.14.3.rel1.win32_1.0.100.202602081740/tools/bin/../lib/gcc/arm-none-eabi/14.3.1/../../../../arm-none-eabi/lib/thumb/v7e-m+fp/hard\libc_nano.a(libc_a-errno.o)
 .ARM.attributes
                0x000006c3       0x34 C:/ST/STM32CubeIDE_2.1.1/STM32CubeIDE/plugins/com.st.stm32cube.ide.mcu.externaltools.gnu-tools-for-stm32.14.3.rel1.win32_1.0.100.202602081740/tools/bin/../lib/gcc/arm-none-eabi/14.3.1/../../../../arm-none-eabi/lib/thumb/v7e-m+fp/hard\libc_nano.a(libc_a-init.o)
 .ARM.attributes
                0x000006f7       0x34 C:/ST/STM32CubeIDE_2.1.1/STM32CubeIDE/plugins/com.st.stm32cube.ide.mcu.externaltools.gnu-tools-for-stm32.14.3.rel1.win32_1.0.100.202602081740/tools/bin/../lib/gcc/arm-none-eabi/14.3.1/../../../../arm-none-eabi/lib/thumb/v7e-m+fp/hard\libc_nano.a(libc_a-lock.o)
 .ARM.attributes
                0x0000072b       0x34 C:/ST/STM32CubeIDE_2.1.1/STM32CubeIDE/plugins/com.st.stm32cube.ide.mcu.externaltools.gnu-tools-for-stm32.14.3.rel1.win32_1.0.100.202602081740/tools/bin/../lib/gcc/arm-none-eabi/14.3.1/../../../../arm-none-eabi/lib/thumb/v7e-m+fp/hard\libc_nano.a(libc_a-freer.o)
 .ARM.attributes
                0x0000075f       0x22 C:/ST/STM32CubeIDE_2.1.1/STM32CubeIDE/plugins/com.st.stm32cube.ide.mcu.externaltools.gnu-tools-for-stm32.14.3.rel1.win32_1.0.100.202602081740/tools/bin/../lib/gcc/arm-none-eabi/14.3.1/thumb/v7e-m+fp/hard\libgcc.a(_arm_truncdfsf2.o)
 .ARM.attributes
                0x00000781       0x22 C:/ST/STM32CubeIDE_2.1.1/STM32CubeIDE/plugins/com.st.stm32cube.ide.mcu.externaltools.gnu-tools-for-stm32.14.3.rel1.win32_1.0.100.202602081740/tools/bin/../lib/gcc/arm-none-eabi/14.3.1/thumb/v7e-m+fp/hard\libgcc.a(_aeabi_uldivmod.o)
 .ARM.attributes
                0x000007a3       0x34 C:/ST/STM32CubeIDE_2.1.1/STM32CubeIDE/plugins/com.st.stm32cube.ide.mcu.externaltools.gnu-tools-for-stm32.14.3.rel1.win32_1.0.100.202602081740/tools/bin/../lib/gcc/arm-none-eabi/14.3.1/thumb/v7e-m+fp/hard\libgcc.a(_udivmoddi4.o)
 .ARM.attributes
                0x000007d7       0x22 C:/ST/STM32CubeIDE_2.1.1/STM32CubeIDE/plugins/com.st.stm32cube.ide.mcu.externaltools.gnu-tools-for-stm32.14.3.rel1.win32_1.0.100.202602081740/tools/bin/../lib/gcc/arm-none-eabi/14.3.1/thumb/v7e-m+fp/hard\libgcc.a(_dvmd_tls.o)
 .ARM.attributes
                0x000007f9       0x22 C:/ST/STM32CubeIDE_2.1.1/STM32CubeIDE/plugins/com.st.stm32cube.ide.mcu.externaltools.gnu-tools-for-stm32.14.3.rel1.win32_1.0.100.202602081740/tools/bin/../lib/gcc/arm-none-eabi/14.3.1/thumb/v7e-m+fp/hard/crtn.o
OUTPUT(arm_stm32.elf elf32-littlearm)
LOAD linker stubs
LOAD C:/ST/STM32CubeIDE_2.1.1/STM32CubeIDE/plugins/com.st.stm32cube.ide.mcu.externaltools.gnu-tools-for-stm32.14.3.rel1.win32_1.0.100.202602081740/tools/bin/../lib/gcc/arm-none-eabi/14.3.1/../../../../arm-none-eabi/lib/thumb/v7e-m+fp/hard\libc.a
LOAD C:/ST/STM32CubeIDE_2.1.1/STM32CubeIDE/plugins/com.st.stm32cube.ide.mcu.externaltools.gnu-tools-for-stm32.14.3.rel1.win32_1.0.100.202602081740/tools/bin/../lib/gcc/arm-none-eabi/14.3.1/../../../../arm-none-eabi/lib/thumb/v7e-m+fp/hard\libm.a
LOAD C:/ST/STM32CubeIDE_2.1.1/STM32CubeIDE/plugins/com.st.stm32cube.ide.mcu.externaltools.gnu-tools-for-stm32.14.3.rel1.win32_1.0.100.202602081740/tools/bin/../lib/gcc/arm-none-eabi/14.3.1/thumb/v7e-m+fp/hard\libgcc.a

.debug_info     0x00000000    0x10ad8
 .debug_info    0x00000000      0x807 ./Core/Src/encoder.o
 .debug_info    0x00000807      0xb06 ./Core/Src/joint.o
 .debug_info    0x0000130d     0x1773 ./Core/Src/main.o
 .debug_info    0x00002a80      0x6f3 ./Core/Src/motor.o
 .debug_info    0x00003173      0x10f ./Core/Src/pid.o
 .debug_info    0x00003282      0x449 ./Core/Src/protocol.o
 .debug_info    0x000036cb      0x1d7 ./Core/Src/protocol_data.o
 .debug_info    0x000038a2      0x6d4 ./Core/Src/serial.o
 .debug_info    0x00003f76      0x2b5 ./Core/Src/serial_monitor.o
 .debug_info    0x0000422b     0x10dd ./Core/Src/stm32f4xx_hal_msp.o
 .debug_info    0x00005308      0x992 ./Core/Src/stm32f4xx_it.o
 .debug_info    0x00005c9a      0x168 ./Core/Src/sysmem.o
 .debug_info    0x00005e02      0x54a ./Core/Src/system_stm32f4xx.o
 .debug_info    0x0000634c       0x30 ./Core/Startup/startup_stm32f446retx.o
 .debug_info    0x0000637c      0x99a ./Drivers/STM32F4xx_HAL_Driver/Src/stm32f4xx_hal.o
 .debug_info    0x00006d16      0xdaa ./Drivers/STM32F4xx_HAL_Driver/Src/stm32f4xx_hal_cortex.o
 .debug_info    0x00007ac0      0x8e7 ./Drivers/STM32F4xx_HAL_Driver/Src/stm32f4xx_hal_dma.o
 .debug_info    0x000083a7      0x70b ./Drivers/STM32F4xx_HAL_Driver/Src/stm32f4xx_hal_gpio.o
 .debug_info    0x00008ab2      0x8ff ./Drivers/STM32F4xx_HAL_Driver/Src/stm32f4xx_hal_rcc.o
 .debug_info    0x000093b1      0x960 ./Drivers/STM32F4xx_HAL_Driver/Src/stm32f4xx_hal_rcc_ex.o
 .debug_info    0x00009d11     0x299d ./Drivers/STM32F4xx_HAL_Driver/Src/stm32f4xx_hal_tim.o
 .debug_info    0x0000c6ae     0x14db ./Drivers/STM32F4xx_HAL_Driver/Src/stm32f4xx_hal_tim_ex.o
 .debug_info    0x0000db89     0x2f4f ./Drivers/STM32F4xx_HAL_Driver/Src/stm32f4xx_hal_uart.o

.debug_abbrev   0x00000000     0x2abe
 .debug_abbrev  0x00000000      0x1e4 ./Core/Src/encoder.o
 .debug_abbrev  0x000001e4      0x1eb ./Core/Src/joint.o
 .debug_abbrev  0x000003cf      0x312 ./Core/Src/main.o
 .debug_abbrev  0x000006e1      0x169 ./Core/Src/motor.o
 .debug_abbrev  0x0000084a       0xed ./Core/Src/pid.o
 .debug_abbrev  0x00000937      0x1c0 ./Core/Src/protocol.o
 .debug_abbrev  0x00000af7       0xad ./Core/Src/protocol_data.o
 .debug_abbrev  0x00000ba4      0x195 ./Core/Src/serial.o
 .debug_abbrev  0x00000d39      0x196 ./Core/Src/serial_monitor.o
 .debug_abbrev  0x00000ecf      0x21f ./Core/Src/stm32f4xx_hal_msp.o
 .debug_abbrev  0x000010ee      0x19c ./Core/Src/stm32f4xx_it.o
 .debug_abbrev  0x0000128a       0xbc ./Core/Src/sysmem.o
 .debug_abbrev  0x00001346      0x11a ./Core/Src/system_stm32f4xx.o
 .debug_abbrev  0x00001460       0x24 ./Core/Startup/startup_stm32f446retx.o
 .debug_abbrev  0x00001484      0x214 ./Drivers/STM32F4xx_HAL_Driver/Src/stm32f4xx_hal.o
 .debug_abbrev  0x00001698      0x31d ./Drivers/STM32F4xx_HAL_Driver/Src/stm32f4xx_hal_cortex.o
 .debug_abbrev  0x000019b5      0x264 ./Drivers/STM32F4xx_HAL_Driver/Src/stm32f4xx_hal_dma.o
 .debug_abbrev  0x00001c19      0x1d4 ./Drivers/STM32F4xx_HAL_Driver/Src/stm32f4xx_hal_gpio.o
 .debug_abbrev  0x00001ded      0x2b7 ./Drivers/STM32F4xx_HAL_Driver/Src/stm32f4xx_hal_rcc.o
 .debug_abbrev  0x000020a4      0x211 ./Drivers/STM32F4xx_HAL_Driver/Src/stm32f4xx_hal_rcc_ex.o
 .debug_abbrev  0x000022b5      0x278 ./Drivers/STM32F4xx_HAL_Driver/Src/stm32f4xx_hal_tim.o
 .debug_abbrev  0x0000252d      0x283 ./Drivers/STM32F4xx_HAL_Driver/Src/stm32f4xx_hal_tim_ex.o
 .debug_abbrev  0x000027b0      0x30e ./Drivers/STM32F4xx_HAL_Driver/Src/stm32f4xx_hal_uart.o

.debug_aranges  0x00000000      0xec8
 .debug_aranges
                0x00000000       0x48 ./Core/Src/encoder.o
 .debug_aranges
                0x00000048       0x48 ./Core/Src/joint.o
 .debug_aranges
                0x00000090       0x70 ./Core/Src/main.o
 .debug_aranges
                0x00000100       0x28 ./Core/Src/motor.o
 .debug_aranges
                0x00000128       0x28 ./Core/Src/pid.o
 .debug_aranges
                0x00000150       0x40 ./Core/Src/protocol.o
 .debug_aranges
                0x00000190       0x30 ./Core/Src/protocol_data.o
 .debug_aranges
                0x000001c0       0x40 ./Core/Src/serial.o
 .debug_aranges
                0x00000200       0x48 ./Core/Src/serial_monitor.o
 .debug_aranges
                0x00000248       0x58 ./Core/Src/stm32f4xx_hal_msp.o
 .debug_aranges
                0x000002a0       0x70 ./Core/Src/stm32f4xx_it.o
 .debug_aranges
                0x00000310       0x20 ./Core/Src/sysmem.o
 .debug_aranges
                0x00000330       0x28 ./Core/Src/system_stm32f4xx.o
 .debug_aranges
                0x00000358       0x28 ./Core/Startup/startup_stm32f446retx.o
 .debug_aranges
                0x00000380       0xf0 ./Drivers/STM32F4xx_HAL_Driver/Src/stm32f4xx_hal.o
 .debug_aranges
                0x00000470      0x130 ./Drivers/STM32F4xx_HAL_Driver/Src/stm32f4xx_hal_cortex.o
 .debug_aranges
                0x000005a0       0x90 ./Drivers/STM32F4xx_HAL_Driver/Src/stm32f4xx_hal_dma.o
 .debug_aranges
                0x00000630       0x58 ./Drivers/STM32F4xx_HAL_Driver/Src/stm32f4xx_hal_gpio.o
 .debug_aranges
                0x00000688       0x88 ./Drivers/STM32F4xx_HAL_Driver/Src/stm32f4xx_hal_rcc.o
 .debug_aranges
                0x00000710       0x78 ./Drivers/STM32F4xx_HAL_Driver/Src/stm32f4xx_hal_rcc_ex.o
 .debug_aranges
                0x00000788      0x3d0 ./Drivers/STM32F4xx_HAL_Driver/Src/stm32f4xx_hal_tim.o
 .debug_aranges
                0x00000b58      0x168 ./Drivers/STM32F4xx_HAL_Driver/Src/stm32f4xx_hal_tim_ex.o
 .debug_aranges
                0x00000cc0      0x208 ./Drivers/STM32F4xx_HAL_Driver/Src/stm32f4xx_hal_uart.o

.debug_rnglists
                0x00000000      0xb77
 .debug_rnglists
                0x00000000       0x31 ./Core/Src/encoder.o
 .debug_rnglists
                0x00000031       0x33 ./Core/Src/joint.o
 .debug_rnglists
                0x00000064       0x56 ./Core/Src/main.o
 .debug_rnglists
                0x000000ba       0x1a ./Core/Src/motor.o
 .debug_rnglists
                0x000000d4       0x1a ./Core/Src/pid.o
 .debug_rnglists
                0x000000ee       0x3b ./Core/Src/protocol.o
 .debug_rnglists
                0x00000129       0x20 ./Core/Src/protocol_data.o
 .debug_rnglists
                0x00000149       0x2b ./Core/Src/serial.o
 .debug_rnglists
                0x00000174       0x31 ./Core/Src/serial_monitor.o
 .debug_rnglists
                0x000001a5       0x40 ./Core/Src/stm32f4xx_hal_msp.o
 .debug_rnglists
                0x000001e5       0x4f ./Core/Src/stm32f4xx_it.o
 .debug_rnglists
                0x00000234       0x13 ./Core/Src/sysmem.o
 .debug_rnglists
                0x00000247       0x1a ./Core/Src/system_stm32f4xx.o
 .debug_rnglists
                0x00000261       0x19 ./Core/Startup/startup_stm32f446retx.o
 .debug_rnglists
                0x0000027a       0xaf ./Drivers/STM32F4xx_HAL_Driver/Src/stm32f4xx_hal.o
 .debug_rnglists
                0x00000329       0xe0 ./Drivers/STM32F4xx_HAL_Driver/Src/stm32f4xx_hal_cortex.o
 .debug_rnglists
                0x00000409       0x70 ./Drivers/STM32F4xx_HAL_Driver/Src/stm32f4xx_hal_dma.o
 .debug_rnglists
                0x00000479       0x3f ./Drivers/STM32F4xx_HAL_Driver/Src/stm32f4xx_hal_gpio.o
 .debug_rnglists
                0x000004b8       0x66 ./Drivers/STM32F4xx_HAL_Driver/Src/stm32f4xx_hal_rcc.o
 .debug_rnglists
                0x0000051e       0x5e ./Drivers/STM32F4xx_HAL_Driver/Src/stm32f4xx_hal_rcc_ex.o
 .debug_rnglists
                0x0000057c      0x31a ./Drivers/STM32F4xx_HAL_Driver/Src/stm32f4xx_hal_tim.o
 .debug_rnglists
                0x00000896      0x125 ./Drivers/STM32F4xx_HAL_Driver/Src/stm32f4xx_hal_tim_ex.o
 .debug_rnglists
                0x000009bb      0x1bc ./Drivers/STM32F4xx_HAL_Driver/Src/stm32f4xx_hal_uart.o

.debug_macro    0x00000000    0x23837
 .debug_macro   0x00000000      0x2e3 ./Core/Src/encoder.o
 .debug_macro   0x000002e3      0xad8 ./Core/Src/encoder.o
 .debug_macro   0x00000dbb      0x29b ./Core/Src/encoder.o
 .debug_macro   0x00001056       0x2e ./Core/Src/encoder.o
 .debug_macro   0x00001084       0x28 ./Core/Src/encoder.o
 .debug_macro   0x000010ac       0x22 ./Core/Src/encoder.o
 .debug_macro   0x000010ce       0x8e ./Core/Src/encoder.o
 .debug_macro   0x0000115c       0x51 ./Core/Src/encoder.o
 .debug_macro   0x000011ad      0x103 ./Core/Src/encoder.o
 .debug_macro   0x000012b0       0x6a ./Core/Src/encoder.o
 .debug_macro   0x0000131a      0x1df ./Core/Src/encoder.o
 .debug_macro   0x000014f9       0x1c ./Core/Src/encoder.o
 .debug_macro   0x00001515       0x22 ./Core/Src/encoder.o
 .debug_macro   0x00001537       0xfb ./Core/Src/encoder.o
 .debug_macro   0x00001632     0x1011 ./Core/Src/encoder.o
 .debug_macro   0x00002643      0x11f ./Core/Src/encoder.o
 .debug_macro   0x00002762    0x1675e ./Core/Src/encoder.o
 .debug_macro   0x00018ec0       0x6d ./Core/Src/encoder.o
 .debug_macro   0x00018f2d     0x3693 ./Core/Src/encoder.o
 .debug_macro   0x0001c5c0      0x190 ./Core/Src/encoder.o
 .debug_macro   0x0001c750       0x5c ./Core/Src/encoder.o
 .debug_macro   0x0001c7ac      0xca5 ./Core/Src/encoder.o
 .debug_macro   0x0001d451      0x9e9 ./Core/Src/encoder.o
 .debug_macro   0x0001de3a      0x115 ./Core/Src/encoder.o
 .debug_macro   0x0001df4f      0x1a0 ./Core/Src/encoder.o
 .debug_macro   0x0001e0ef       0xa5 ./Core/Src/encoder.o
 .debug_macro   0x0001e194      0x16d ./Core/Src/encoder.o
 .debug_macro   0x0001e301      0x287 ./Core/Src/encoder.o
 .debug_macro   0x0001e588       0x5f ./Core/Src/encoder.o
 .debug_macro   0x0001e5e7      0x236 ./Core/Src/encoder.o
 .debug_macro   0x0001e81d      0x132 ./Core/Src/encoder.o
 .debug_macro   0x0001e94f      0x29c ./Core/Src/encoder.o
 .debug_macro   0x0001ebeb       0x2e ./Core/Src/encoder.o
 .debug_macro   0x0001ec19      0x127 ./Core/Src/encoder.o
 .debug_macro   0x0001ed40       0xe8 ./Core/Src/encoder.o
 .debug_macro   0x0001ee28       0x89 ./Core/Src/encoder.o
 .debug_macro   0x0001eeb1      0x8ed ./Core/Src/encoder.o
 .debug_macro   0x0001f79e       0x53 ./Core/Src/encoder.o
 .debug_macro   0x0001f7f1      0x2aa ./Core/Src/encoder.o
 .debug_macro   0x0001fa9b      0x126 ./Core/Src/encoder.o
 .debug_macro   0x0001fbc1       0x58 ./Core/Src/encoder.o
 .debug_macro   0x0001fc19       0x61 ./Core/Src/encoder.o
 .debug_macro   0x0001fc7a       0x2a ./Core/Src/encoder.o
 .debug_macro   0x0001fca4       0x43 ./Core/Src/encoder.o
 .debug_macro   0x0001fce7       0x34 ./Core/Src/encoder.o
 .debug_macro   0x0001fd1b      0x364 ./Core/Src/encoder.o
 .debug_macro   0x0002007f       0x16 ./Core/Src/encoder.o
 .debug_macro   0x00020095       0x4a ./Core/Src/encoder.o
 .debug_macro   0x000200df       0x34 ./Core/Src/encoder.o
 .debug_macro   0x00020113       0x10 ./Core/Src/encoder.o
 .debug_macro   0x00020123       0x58 ./Core/Src/encoder.o
 .debug_macro   0x0002017b       0x8e ./Core/Src/encoder.o
 .debug_macro   0x00020209       0x1c ./Core/Src/encoder.o
 .debug_macro   0x00020225      0x17e ./Core/Src/encoder.o
 .debug_macro   0x000203a3       0x10 ./Core/Src/encoder.o
 .debug_macro   0x000203b3       0x3c ./Core/Src/encoder.o
 .debug_macro   0x000203ef       0x20 ./Core/Src/encoder.o
 .debug_macro   0x0002040f       0x1c ./Core/Src/encoder.o
 .debug_macro   0x0002042b       0x1c ./Core/Src/encoder.o
 .debug_macro   0x00020447       0x16 ./Core/Src/encoder.o
 .debug_macro   0x0002045d      0x146 ./Core/Src/encoder.o
 .debug_macro   0x000205a3       0xd0 ./Core/Src/encoder.o
 .debug_macro   0x00020673      0x301 ./Core/Src/joint.o
 .debug_macro   0x00020974      0x373 ./Core/Src/main.o
 .debug_macro   0x00020ce7       0x10 ./Core/Src/main.o
 .debug_macro   0x00020cf7       0x16 ./Core/Src/main.o
 .debug_macro   0x00020d0d       0x16 ./Core/Src/main.o
 .debug_macro   0x00020d23       0x16 ./Core/Src/main.o
 .debug_macro   0x00020d39       0x29 ./Core/Src/main.o
 .debug_macro   0x00020d62      0x2e7 ./Core/Src/motor.o
 .debug_macro   0x00021049       0x1b ./Core/Src/pid.o
 .debug_macro   0x00021064      0x333 ./Core/Src/protocol.o
 .debug_macro   0x00021397      0x2e8 ./Core/Src/protocol_data.o
 .debug_macro   0x0002167f       0x10 ./Core/Src/protocol_data.o
 .debug_macro   0x0002168f      0x2e9 ./Core/Src/serial.o
 .debug_macro   0x00021978      0x317 ./Core/Src/serial_monitor.o
 .debug_macro   0x00021c8f      0x2d9 ./Core/Src/stm32f4xx_hal_msp.o
 .debug_macro   0x00021f68      0x2e3 ./Core/Src/stm32f4xx_it.o
 .debug_macro   0x0002224b      0x112 ./Core/Src/sysmem.o
 .debug_macro   0x0002235d      0x23c ./Core/Src/sysmem.o
 .debug_macro   0x00022599      0x1ce ./Core/Src/system_stm32f4xx.o
 .debug_macro   0x00022767      0x22e ./Drivers/STM32F4xx_HAL_Driver/Src/stm32f4xx_hal.o
 .debug_macro   0x00022995      0x1ce ./Drivers/STM32F4xx_HAL_Driver/Src/stm32f4xx_hal_cortex.o
 .debug_macro   0x00022b63      0x1d4 ./Drivers/STM32F4xx_HAL_Driver/Src/stm32f4xx_hal_dma.o
 .debug_macro   0x00022d37      0x1d4 ./Drivers/STM32F4xx_HAL_Driver/Src/stm32f4xx_hal_gpio.o
 .debug_macro   0x00022f0b      0x1f2 ./Drivers/STM32F4xx_HAL_Driver/Src/stm32f4xx_hal_rcc.o
 .debug_macro   0x000230fd      0x1ce ./Drivers/STM32F4xx_HAL_Driver/Src/stm32f4xx_hal_rcc_ex.o
 .debug_macro   0x000232cb      0x1cf ./Drivers/STM32F4xx_HAL_Driver/Src/stm32f4xx_hal_tim.o
 .debug_macro   0x0002349a      0x1ce ./Drivers/STM32F4xx_HAL_Driver/Src/stm32f4xx_hal_tim_ex.o
 .debug_macro   0x00023668      0x1cf ./Drivers/STM32F4xx_HAL_Driver/Src/stm32f4xx_hal_uart.o

.debug_line     0x00000000    0x14143
 .debug_line    0x00000000      0x97b ./Core/Src/encoder.o
 .debug_line    0x0000097b      0x9fa ./Core/Src/joint.o
 .debug_line    0x00001375      0xca4 ./Core/Src/main.o
 .debug_line    0x00002019      0x9c1 ./Core/Src/motor.o
 .debug_line    0x000029da       0xaf ./Core/Src/pid.o
 .debug_line    0x00002a89      0xb6c ./Core/Src/protocol.o
 .debug_line    0x000035f5      0x98f ./Core/Src/protocol_data.o
 .debug_line    0x00003f84      0x95c ./Core/Src/serial.o
 .debug_line    0x000048e0      0xa0f ./Core/Src/serial_monitor.o
 .debug_line    0x000052ef      0xa3a ./Core/Src/stm32f4xx_hal_msp.o
 .debug_line    0x00005d29      0x9ad ./Core/Src/stm32f4xx_it.o
 .debug_line    0x000066d6      0x58d ./Core/Src/sysmem.o
 .debug_line    0x00006c63      0x7c0 ./Core/Src/system_stm32f4xx.o
 .debug_line    0x00007423       0x7a ./Core/Startup/startup_stm32f446retx.o
 .debug_line    0x0000749d      0xa3f ./Drivers/STM32F4xx_HAL_Driver/Src/stm32f4xx_hal.o
 .debug_line    0x00007edc      0xd0c ./Drivers/STM32F4xx_HAL_Driver/Src/stm32f4xx_hal_cortex.o
 .debug_line    0x00008be8      0xfa8 ./Drivers/STM32F4xx_HAL_Driver/Src/stm32f4xx_hal_dma.o
 .debug_line    0x00009b90      0xb7d ./Drivers/STM32F4xx_HAL_Driver/Src/stm32f4xx_hal_gpio.o
 .debug_line    0x0000a70d      0xe57 ./Drivers/STM32F4xx_HAL_Driver/Src/stm32f4xx_hal_rcc.o
 .debug_line    0x0000b564     0x1508 ./Drivers/STM32F4xx_HAL_Driver/Src/stm32f4xx_hal_rcc_ex.o
 .debug_line    0x0000ca6c     0x37b7 ./Drivers/STM32F4xx_HAL_Driver/Src/stm32f4xx_hal_tim.o
 .debug_line    0x00010223     0x199c ./Drivers/STM32F4xx_HAL_Driver/Src/stm32f4xx_hal_tim_ex.o
 .debug_line    0x00011bbf     0x2584 ./Drivers/STM32F4xx_HAL_Driver/Src/stm32f4xx_hal_uart.o

.debug_str      0x00000000    0xd1bb4
 .debug_str     0x00000000    0xd1bb4 ./Core/Src/encoder.o
                              0xcd8bd (size before relaxing)
 .debug_str     0x000d1bb4    0xcda6e ./Core/Src/joint.o
 .debug_str     0x000d1bb4    0xce4fb ./Core/Src/main.o
 .debug_str     0x000d1bb4    0xcd858 ./Core/Src/motor.o
 .debug_str     0x000d1bb4     0x2ee6 ./Core/Src/pid.o
 .debug_str     0x000d1bb4    0xcd646 ./Core/Src/protocol.o
 .debug_str     0x000d1bb4    0xcd3e2 ./Core/Src/protocol_data.o
 .debug_str     0x000d1bb4    0xcd7fe ./Core/Src/serial.o
 .debug_str     0x000d1bb4    0xcd4d5 ./Core/Src/serial_monitor.o
 .debug_str     0x000d1bb4    0xce1ef ./Core/Src/stm32f4xx_hal_msp.o
 .debug_str     0x000d1bb4    0xcdaee ./Core/Src/stm32f4xx_it.o
 .debug_str     0x000d1bb4     0x771a ./Core/Src/sysmem.o
 .debug_str     0x000d1bb4    0xc98b1 ./Core/Src/system_stm32f4xx.o
 .debug_str     0x000d1bb4       0x92 ./Core/Startup/startup_stm32f446retx.o
 .debug_str     0x000d1bb4    0xca476 ./Drivers/STM32F4xx_HAL_Driver/Src/stm32f4xx_hal.o
 .debug_str     0x000d1bb4    0xca1cd ./Drivers/STM32F4xx_HAL_Driver/Src/stm32f4xx_hal_cortex.o
 .debug_str     0x000d1bb4    0xc9ca6 ./Drivers/STM32F4xx_HAL_Driver/Src/stm32f4xx_hal_dma.o
 .debug_str     0x000d1bb4    0xc9a2c ./Drivers/STM32F4xx_HAL_Driver/Src/stm32f4xx_hal_gpio.o
 .debug_str     0x000d1bb4    0xc9cea ./Drivers/STM32F4xx_HAL_Driver/Src/stm32f4xx_hal_rcc.o
 .debug_str     0x000d1bb4    0xc9d1d ./Drivers/STM32F4xx_HAL_Driver/Src/stm32f4xx_hal_rcc_ex.o
 .debug_str     0x000d1bb4    0xcac16 ./Drivers/STM32F4xx_HAL_Driver/Src/stm32f4xx_hal_tim.o
 .debug_str     0x000d1bb4    0xca422 ./Drivers/STM32F4xx_HAL_Driver/Src/stm32f4xx_hal_tim_ex.o
 .debug_str     0x000d1bb4    0xca2a1 ./Drivers/STM32F4xx_HAL_Driver/Src/stm32f4xx_hal_uart.o

.comment        0x00000000       0x43
 .comment       0x00000000       0x43 ./Core/Src/encoder.o
                                 0x44 (size before relaxing)
 .comment       0x00000043       0x44 ./Core/Src/joint.o
 .comment       0x00000043       0x44 ./Core/Src/main.o
 .comment       0x00000043       0x44 ./Core/Src/motor.o
 .comment       0x00000043       0x44 ./Core/Src/pid.o
 .comment       0x00000043       0x44 ./Core/Src/protocol.o
 .comment       0x00000043       0x44 ./Core/Src/protocol_data.o
 .comment       0x00000043       0x44 ./Core/Src/serial.o
 .comment       0x00000043       0x44 ./Core/Src/serial_monitor.o
 .comment       0x00000043       0x44 ./Core/Src/stm32f4xx_hal_msp.o
 .comment       0x00000043       0x44 ./Core/Src/stm32f4xx_it.o
 .comment       0x00000043       0x44 ./Core/Src/sysmem.o
 .comment       0x00000043       0x44 ./Core/Src/system_stm32f4xx.o
 .comment       0x00000043       0x44 ./Drivers/STM32F4xx_HAL_Driver/Src/stm32f4xx_hal.o
 .comment       0x00000043       0x44 ./Drivers/STM32F4xx_HAL_Driver/Src/stm32f4xx_hal_cortex.o
 .comment       0x00000043       0x44 ./Drivers/STM32F4xx_HAL_Driver/Src/stm32f4xx_hal_dma.o
 .comment       0x00000043       0x44 ./Drivers/STM32F4xx_HAL_Driver/Src/stm32f4xx_hal_gpio.o
 .comment       0x00000043       0x44 ./Drivers/STM32F4xx_HAL_Driver/Src/stm32f4xx_hal_rcc.o
 .comment       0x00000043       0x44 ./Drivers/STM32F4xx_HAL_Driver/Src/stm32f4xx_hal_rcc_ex.o
 .comment       0x00000043       0x44 ./Drivers/STM32F4xx_HAL_Driver/Src/stm32f4xx_hal_tim.o
 .comment       0x00000043       0x44 ./Drivers/STM32F4xx_HAL_Driver/Src/stm32f4xx_hal_tim_ex.o
 .comment       0x00000043       0x44 ./Drivers/STM32F4xx_HAL_Driver/Src/stm32f4xx_hal_uart.o

.debug_frame    0x00000000     0x3cd4
 .debug_frame   0x00000000       0xe8 ./Core/Src/encoder.o
 .debug_frame   0x000000e8       0xe8 ./Core/Src/joint.o
 .debug_frame   0x000001d0      0x188 ./Core/Src/main.o
 .debug_frame   0x00000358       0x58 ./Core/Src/motor.o
 .debug_frame   0x000003b0       0x58 ./Core/Src/pid.o
 .debug_frame   0x00000408       0xe0 ./Core/Src/protocol.o
 .debug_frame   0x000004e8       0x7c ./Core/Src/protocol_data.o
 .debug_frame   0x00000564       0xc4 ./Core/Src/serial.o
 .debug_frame   0x00000628       0xd8 ./Core/Src/serial_monitor.o
 .debug_frame   0x00000700      0x130 ./Core/Src/stm32f4xx_hal_msp.o
 .debug_frame   0x00000830      0x130 ./Core/Src/stm32f4xx_it.o
 .debug_frame   0x00000960       0x34 ./Core/Src/sysmem.o
 .debug_frame   0x00000994       0x50 ./Core/Src/system_stm32f4xx.o
 .debug_frame   0x000009e4      0x31c ./Drivers/STM32F4xx_HAL_Driver/Src/stm32f4xx_hal.o
 .debug_frame   0x00000d00      0x4b8 ./Drivers/STM32F4xx_HAL_Driver/Src/stm32f4xx_hal_cortex.o
 .debug_frame   0x000011b8      0x230 ./Drivers/STM32F4xx_HAL_Driver/Src/stm32f4xx_hal_dma.o
 .debug_frame   0x000013e8      0x130 ./Drivers/STM32F4xx_HAL_Driver/Src/stm32f4xx_hal_gpio.o
 .debug_frame   0x00001518      0x1d8 ./Drivers/STM32F4xx_HAL_Driver/Src/stm32f4xx_hal_rcc.o
 .debug_frame   0x000016f0      0x1d8 ./Drivers/STM32F4xx_HAL_Driver/Src/stm32f4xx_hal_rcc_ex.o
 .debug_frame   0x000018c8     0x10f0 ./Drivers/STM32F4xx_HAL_Driver/Src/stm32f4xx_hal_tim.o
 .debug_frame   0x000029b8      0x600 ./Drivers/STM32F4xx_HAL_Driver/Src/stm32f4xx_hal_tim_ex.o
 .debug_frame   0x00002fb8      0x8ec ./Drivers/STM32F4xx_HAL_Driver/Src/stm32f4xx_hal_uart.o
 .debug_frame   0x000038a4       0x30 C:/ST/STM32CubeIDE_2.1.1/STM32CubeIDE/plugins/com.st.stm32cube.ide.mcu.externaltools.gnu-tools-for-stm32.14.3.rel1.win32_1.0.100.202602081740/tools/bin/../lib/gcc/arm-none-eabi/14.3.1/../../../../arm-none-eabi/lib/thumb/v7e-m+fp/hard\libc_nano.a(libc_a-malloc.o)
 .debug_frame   0x000038d4       0x50 C:/ST/STM32CubeIDE_2.1.1/STM32CubeIDE/plugins/com.st.stm32cube.ide.mcu.externaltools.gnu-tools-for-stm32.14.3.rel1.win32_1.0.100.202602081740/tools/bin/../lib/gcc/arm-none-eabi/14.3.1/../../../../arm-none-eabi/lib/thumb/v7e-m+fp/hard\libc_nano.a(libc_a-mallocr.o)
 .debug_frame   0x00003924       0x30 C:/ST/STM32CubeIDE_2.1.1/STM32CubeIDE/plugins/com.st.stm32cube.ide.mcu.externaltools.gnu-tools-for-stm32.14.3.rel1.win32_1.0.100.202602081740/tools/bin/../lib/gcc/arm-none-eabi/14.3.1/../../../../arm-none-eabi/lib/thumb/v7e-m+fp/hard\libc_nano.a(libc_a-mlock.o)
 .debug_frame   0x00003954      0x144 C:/ST/STM32CubeIDE_2.1.1/STM32CubeIDE/plugins/com.st.stm32cube.ide.mcu.externaltools.gnu-tools-for-stm32.14.3.rel1.win32_1.0.100.202602081740/tools/bin/../lib/gcc/arm-none-eabi/14.3.1/../../../../arm-none-eabi/lib/thumb/v7e-m+fp/hard\libc_nano.a(libc_a-findfp.o)
 .debug_frame   0x00003a98       0x20 C:/ST/STM32CubeIDE_2.1.1/STM32CubeIDE/plugins/com.st.stm32cube.ide.mcu.externaltools.gnu-tools-for-stm32.14.3.rel1.win32_1.0.100.202602081740/tools/bin/../lib/gcc/arm-none-eabi/14.3.1/../../../../arm-none-eabi/lib/thumb/v7e-m+fp/hard\libc_nano.a(libc_a-memset.o)
 .debug_frame   0x00003ab8       0x38 C:/ST/STM32CubeIDE_2.1.1/STM32CubeIDE/plugins/com.st.stm32cube.ide.mcu.externaltools.gnu-tools-for-stm32.14.3.rel1.win32_1.0.100.202602081740/tools/bin/../lib/gcc/arm-none-eabi/14.3.1/../../../../arm-none-eabi/lib/thumb/v7e-m+fp/hard\libc_nano.a(libc_a-reent.o)
 .debug_frame   0x00003af0       0x2c C:/ST/STM32CubeIDE_2.1.1/STM32CubeIDE/plugins/com.st.stm32cube.ide.mcu.externaltools.gnu-tools-for-stm32.14.3.rel1.win32_1.0.100.202602081740/tools/bin/../lib/gcc/arm-none-eabi/14.3.1/../../../../arm-none-eabi/lib/thumb/v7e-m+fp/hard\libc_nano.a(libc_a-sbrkr.o)
 .debug_frame   0x00003b1c       0x20 C:/ST/STM32CubeIDE_2.1.1/STM32CubeIDE/plugins/com.st.stm32cube.ide.mcu.externaltools.gnu-tools-for-stm32.14.3.rel1.win32_1.0.100.202602081740/tools/bin/../lib/gcc/arm-none-eabi/14.3.1/../../../../arm-none-eabi/lib/thumb/v7e-m+fp/hard\libc_nano.a(libc_a-errno.o)
 .debug_frame   0x00003b3c       0x2c C:/ST/STM32CubeIDE_2.1.1/STM32CubeIDE/plugins/com.st.stm32cube.ide.mcu.externaltools.gnu-tools-for-stm32.14.3.rel1.win32_1.0.100.202602081740/tools/bin/../lib/gcc/arm-none-eabi/14.3.1/../../../../arm-none-eabi/lib/thumb/v7e-m+fp/hard\libc_nano.a(libc_a-init.o)
 .debug_frame   0x00003b68       0xb0 C:/ST/STM32CubeIDE_2.1.1/STM32CubeIDE/plugins/com.st.stm32cube.ide.mcu.externaltools.gnu-tools-for-stm32.14.3.rel1.win32_1.0.100.202602081740/tools/bin/../lib/gcc/arm-none-eabi/14.3.1/../../../../arm-none-eabi/lib/thumb/v7e-m+fp/hard\libc_nano.a(libc_a-lock.o)
 .debug_frame   0x00003c18       0x38 C:/ST/STM32CubeIDE_2.1.1/STM32CubeIDE/plugins/com.st.stm32cube.ide.mcu.externaltools.gnu-tools-for-stm32.14.3.rel1.win32_1.0.100.202602081740/tools/bin/../lib/gcc/arm-none-eabi/14.3.1/../../../../arm-none-eabi/lib/thumb/v7e-m+fp/hard\libc_nano.a(libc_a-freer.o)
 .debug_frame   0x00003c50       0x24 C:/ST/STM32CubeIDE_2.1.1/STM32CubeIDE/plugins/com.st.stm32cube.ide.mcu.externaltools.gnu-tools-for-stm32.14.3.rel1.win32_1.0.100.202602081740/tools/bin/../lib/gcc/arm-none-eabi/14.3.1/thumb/v7e-m+fp/hard\libgcc.a(_arm_truncdfsf2.o)
 .debug_frame   0x00003c74       0x2c C:/ST/STM32CubeIDE_2.1.1/STM32CubeIDE/plugins/com.st.stm32cube.ide.mcu.externaltools.gnu-tools-for-stm32.14.3.rel1.win32_1.0.100.202602081740/tools/bin/../lib/gcc/arm-none-eabi/14.3.1/thumb/v7e-m+fp/hard\libgcc.a(_aeabi_uldivmod.o)
 .debug_frame   0x00003ca0       0x34 C:/ST/STM32CubeIDE_2.1.1/STM32CubeIDE/plugins/com.st.stm32cube.ide.mcu.externaltools.gnu-tools-for-stm32.14.3.rel1.win32_1.0.100.202602081740/tools/bin/../lib/gcc/arm-none-eabi/14.3.1/thumb/v7e-m+fp/hard\libgcc.a(_udivmoddi4.o)

.debug_line_str
                0x00000000       0x76
 .debug_line_str
                0x00000000       0x76 ./Core/Startup/startup_stm32f446retx.o
