Archive member included to satisfy reference by file (symbol)

C:/ST/STM32CubeIDE_2.1.1/STM32CubeIDE/plugins/com.st.stm32cube.ide.mcu.externaltools.gnu-tools-for-stm32.14.3.rel1.win32_1.0.100.202602081740/tools/bin/../lib/gcc/arm-none-eabi/14.3.1/../../../../arm-none-eabi/lib/thumb/v7e-m+fp/hard\libc_nano.a(libc_a-exit.o)
                              C:/ST/STM32CubeIDE_2.1.1/STM32CubeIDE/plugins/com.st.stm32cube.ide.mcu.externaltools.gnu-tools-for-stm32.14.3.rel1.win32_1.0.100.202602081740/tools/bin/../lib/gcc/arm-none-eabi/14.3.1/../../../../arm-none-eabi/lib/thumb/v7e-m+fp/hard/crt0.o (exit)
C:/ST/STM32CubeIDE_2.1.1/STM32CubeIDE/plugins/com.st.stm32cube.ide.mcu.externaltools.gnu-tools-for-stm32.14.3.rel1.win32_1.0.100.202602081740/tools/bin/../lib/gcc/arm-none-eabi/14.3.1/../../../../arm-none-eabi/lib/thumb/v7e-m+fp/hard\libc_nano.a(libc_a-findfp.o)
                              C:/ST/STM32CubeIDE_2.1.1/STM32CubeIDE/plugins/com.st.stm32cube.ide.mcu.externaltools.gnu-tools-for-stm32.14.3.rel1.win32_1.0.100.202602081740/tools/bin/../lib/gcc/arm-none-eabi/14.3.1/../../../../arm-none-eabi/lib/thumb/v7e-m+fp/hard\libc_nano.a(libc_a-exit.o) (__stdio_exit_handler)
C:/ST/STM32CubeIDE_2.1.1/STM32CubeIDE/plugins/com.st.stm32cube.ide.mcu.externaltools.gnu-tools-for-stm32.14.3.rel1.win32_1.0.100.202602081740/tools/bin/../lib/gcc/arm-none-eabi/14.3.1/../../../../arm-none-eabi/lib/thumb/v7e-m+fp/hard\libc_nano.a(libc_a-fwalk.o)
                              C:/ST/STM32CubeIDE_2.1.1/STM32CubeIDE/plugins/com.st.stm32cube.ide.mcu.externaltools.gnu-tools-for-stm32.14.3.rel1.win32_1.0.100.202602081740/tools/bin/../lib/gcc/arm-none-eabi/14.3.1/../../../../arm-none-eabi/lib/thumb/v7e-m+fp/hard\libc_nano.a(libc_a-findfp.o) (_fwalk_sglue)
C:/ST/STM32CubeIDE_2.1.1/STM32CubeIDE/plugins/com.st.stm32cube.ide.mcu.externaltools.gnu-tools-for-stm32.14.3.rel1.win32_1.0.100.202602081740/tools/bin/../lib/gcc/arm-none-eabi/14.3.1/../../../../arm-none-eabi/lib/thumb/v7e-m+fp/hard\libc_nano.a(libc_a-sprintf.o)
                              ./Core/Src/main.o (sprintf)
C:/ST/STM32CubeIDE_2.1.1/STM32CubeIDE/plugins/com.st.stm32cube.ide.mcu.externaltools.gnu-tools-for-stm32.14.3.rel1.win32_1.0.100.202602081740/tools/bin/../lib/gcc/arm-none-eabi/14.3.1/../../../../arm-none-eabi/lib/thumb/v7e-m+fp/hard\libc_nano.a(libc_a-stdio.o)
                              C:/ST/STM32CubeIDE_2.1.1/STM32CubeIDE/plugins/com.st.stm32cube.ide.mcu.externaltools.gnu-tools-for-stm32.14.3.rel1.win32_1.0.100.202602081740/tools/bin/../lib/gcc/arm-none-eabi/14.3.1/../../../../arm-none-eabi/lib/thumb/v7e-m+fp/hard\libc_nano.a(libc_a-findfp.o) (__sread)
C:/ST/STM32CubeIDE_2.1.1/STM32CubeIDE/plugins/com.st.stm32cube.ide.mcu.externaltools.gnu-tools-for-stm32.14.3.rel1.win32_1.0.100.202602081740/tools/bin/../lib/gcc/arm-none-eabi/14.3.1/../../../../arm-none-eabi/lib/thumb/v7e-m+fp/hard\libc_nano.a(libc_a-memset.o)
                              C:/ST/STM32CubeIDE_2.1.1/STM32CubeIDE/plugins/com.st.stm32cube.ide.mcu.externaltools.gnu-tools-for-stm32.14.3.rel1.win32_1.0.100.202602081740/tools/bin/../lib/gcc/arm-none-eabi/14.3.1/../../../../arm-none-eabi/lib/thumb/v7e-m+fp/hard/crt0.o (memset)
C:/ST/STM32CubeIDE_2.1.1/STM32CubeIDE/plugins/com.st.stm32cube.ide.mcu.externaltools.gnu-tools-for-stm32.14.3.rel1.win32_1.0.100.202602081740/tools/bin/../lib/gcc/arm-none-eabi/14.3.1/../../../../arm-none-eabi/lib/thumb/v7e-m+fp/hard\libc_nano.a(libc_a-closer.o)
                              C:/ST/STM32CubeIDE_2.1.1/STM32CubeIDE/plugins/com.st.stm32cube.ide.mcu.externaltools.gnu-tools-for-stm32.14.3.rel1.win32_1.0.100.202602081740/tools/bin/../lib/gcc/arm-none-eabi/14.3.1/../../../../arm-none-eabi/lib/thumb/v7e-m+fp/hard\libc_nano.a(libc_a-stdio.o) (_close_r)
C:/ST/STM32CubeIDE_2.1.1/STM32CubeIDE/plugins/com.st.stm32cube.ide.mcu.externaltools.gnu-tools-for-stm32.14.3.rel1.win32_1.0.100.202602081740/tools/bin/../lib/gcc/arm-none-eabi/14.3.1/../../../../arm-none-eabi/lib/thumb/v7e-m+fp/hard\libc_nano.a(libc_a-reent.o)
                              C:/ST/STM32CubeIDE_2.1.1/STM32CubeIDE/plugins/com.st.stm32cube.ide.mcu.externaltools.gnu-tools-for-stm32.14.3.rel1.win32_1.0.100.202602081740/tools/bin/../lib/gcc/arm-none-eabi/14.3.1/../../../../arm-none-eabi/lib/thumb/v7e-m+fp/hard\libc_nano.a(libc_a-closer.o) (errno)
C:/ST/STM32CubeIDE_2.1.1/STM32CubeIDE/plugins/com.st.stm32cube.ide.mcu.externaltools.gnu-tools-for-stm32.14.3.rel1.win32_1.0.100.202602081740/tools/bin/../lib/gcc/arm-none-eabi/14.3.1/../../../../arm-none-eabi/lib/thumb/v7e-m+fp/hard\libc_nano.a(libc_a-impure.o)
                              C:/ST/STM32CubeIDE_2.1.1/STM32CubeIDE/plugins/com.st.stm32cube.ide.mcu.externaltools.gnu-tools-for-stm32.14.3.rel1.win32_1.0.100.202602081740/tools/bin/../lib/gcc/arm-none-eabi/14.3.1/../../../../arm-none-eabi/lib/thumb/v7e-m+fp/hard\libc_nano.a(libc_a-sprintf.o) (_impure_ptr)
[...]
Memory Configuration

Name             Origin             Length             Attributes
RAM              0x20000000         0x00020000         xrw
FLASH            0x08000000         0x00080000         xr
*default*        0x00000000         0xffffffff

Linker script and memory map

LOAD C:/ST/STM32CubeIDE_2.1.1/STM32CubeIDE/plugins/com.st.stm32cube.ide.mcu.externaltools.gnu-tools-for-stm32.14.3.rel1.win32_1.0.100.202602081740/tools/bin/../lib/gcc/arm-none-eabi/14.3.1/thumb/v7e-m+fp/hard/crti.o
LOAD C:/ST/STM32CubeIDE_2.1.1/STM32CubeIDE/plugins/com.st.stm32cube.ide.mcu.externaltools.gnu-tools-for-stm32.14.3.rel1.win32_1.0.100.202602081740/tools/bin/../lib/gcc/arm-none-eabi/14.3.1/thumb/v7e-m+fp/hard/crtbegin.o
LOAD C:/ST/STM32CubeIDE_2.1.1/STM32CubeIDE/plugins/com.st.stm32cube.ide.mcu.externaltools.gnu-tools-for-stm32.14.3.rel1.win32_1.0.100.202602081740/tools/bin/../lib/gcc/arm-none-eabi/14.3.1/../../../../arm-none-eabi/lib/thumb/v7e-m+fp/hard/crt0.o
LOAD ./Core/Src/encoder.o
LOAD ./Core/Src/joint.o
LOAD ./Core/Src/main.o
LOAD ./Core/Src/motor.o
LOAD ./Core/Src/pid.o
LOAD ./Core/Src/protocol.o
LOAD ./Core/Src/protocol_data.o
LOAD ./Core/Src/serial.o
LOAD ./Core/Src/serial_monitor.o
LOAD ./Core/Src/stm32f4xx_hal_msp.o
LOAD ./Core/Src/stm32f4xx_it.o
LOAD ./Core/Src/syscalls.o
LOAD ./Core/Src/sysmem.o
LOAD ./Core/Src/system_stm32f4xx.o
LOAD ./Core/Startup/startup_stm32f446retx.o
LOAD ./Drivers/STM32F4xx_HAL_Driver/Src/stm32f4xx_hal.o
LOAD ./Drivers/STM32F4xx_HAL_Driver/Src/stm32f4xx_hal_cortex.o
LOAD ./Drivers/STM32F4xx_HAL_Driver/Src/stm32f4xx_hal_dma.o
LOAD ./Drivers/STM32F4xx_HAL_Driver/Src/stm32f4xx_hal_dma_ex.o
LOAD ./Drivers/STM32F4xx_HAL_Driver/Src/stm32f4xx_hal_exti.o
LOAD ./Drivers/STM32F4xx_HAL_Driver/Src/stm32f4xx_hal_flash.o
LOAD ./Drivers/STM32F4xx_HAL_Driver/Src/stm32f4xx_hal_flash_ex.o
LOAD ./Drivers/STM32F4xx_HAL_Driver/Src/stm32f4xx_hal_flash_ramfunc.o
LOAD ./Drivers/STM32F4xx_HAL_Driver/Src/stm32f4xx_hal_gpio.o
LOAD ./Drivers/STM32F4xx_HAL_Driver/Src/stm32f4xx_hal_pwr.o
LOAD ./Drivers/STM32F4xx_HAL_Driver/Src/stm32f4xx_hal_pwr_ex.o
LOAD ./Drivers/STM32F4xx_HAL_Driver/Src/stm32f4xx_hal_rcc.o
LOAD ./Drivers/STM32F4xx_HAL_Driver/Src/stm32f4xx_hal_rcc_ex.o
LOAD ./Drivers/STM32F4xx_HAL_Driver/Src/stm32f4xx_hal_tim.o
LOAD ./Drivers/STM32F4xx_HAL_Driver/Src/stm32f4xx_hal_tim_ex.o
LOAD ./Drivers/STM32F4xx_HAL_Driver/Src/stm32f4xx_hal_uart.o
START GROUP
LOAD C:/ST/STM32CubeIDE_2.1.1/STM32CubeIDE/plugins/com.st.stm32cube.ide.mcu.externaltools.gnu-tools-for-stm32.14.3.rel1.win32_1.0.100.202602081740/tools/bin/../lib/gcc/arm-none-eabi/14.3.1/../../../../arm-none-eabi/lib/thumb/v7e-m+fp/hard\libc_nano.a
LOAD C:/ST/STM32CubeIDE_2.1.1/STM32CubeIDE/plugins/com.st.stm32cube.ide.mcu.externaltools.gnu-tools-for-stm32.14.3.rel1.win32_1.0.100.202602081740/tools/bin/../lib/gcc/arm-none-eabi/14.3.1/../../../../arm-none-eabi/lib/thumb/v7e-m+fp/hard\libm.a
END GROUP
START GROUP
LOAD C:/ST/STM32CubeIDE_2.1.1/STM32CubeIDE/plugins/com.st.stm32cube.ide.mcu.externaltools.gnu-tools-for-stm32.14.3.rel1.win32_1.0.100.202602081740/tools/bin/../lib/gcc/arm-none-eabi/14.3.1/thumb/v7e-m+fp/hard\libgcc.a
LOAD C:/ST/STM32CubeIDE_2.1.1/STM32CubeIDE/plugins/com.st.stm32cube.ide.mcu.externaltools.gnu-tools-for-stm32.14.3.rel1.win32_1.0.100.202602081740/tools/bin/../lib/gcc/arm-none-eabi/14.3.1/../../../../arm-none-eabi/lib/thumb/v7e-m+fp/hard\libc_nano.a
END GROUP
START GROUP
LOAD C:/ST/STM32CubeIDE_2.1.1/STM32CubeIDE/plugins/com.st.stm32cube.ide.mcu.externaltools.gnu-tools-for-stm32.14.3.rel1.win32_1.0.100.202602081740/tools/bin/../lib/gcc/arm-none-eabi/14.3.1/thumb/v7e-m+fp/hard\libgcc.a
LOAD C:/ST/STM32CubeIDE_2.1.1/STM32CubeIDE/plugins/com.st.stm32cube.ide.mcu.externaltools.gnu-tools-for-stm32.14.3.rel1.win32_1.0.100.202602081740/tools/bin/../lib/gcc/arm-none-eabi/14.3.1/../../../../arm-none-eabi/lib/thumb/v7e-m+fp/hard\libc_nano.a
LOAD C:/ST/STM32CubeIDE_2.1.1/STM32CubeIDE/plugins/com.st.stm32cube.ide.mcu.externaltools.gnu-tools-for-stm32.14.3.rel1.win32_1.0.100.202602081740/tools/bin/../lib/gcc/arm-none-eabi/14.3.1/../../../../arm-none-eabi/lib/thumb/v7e-m+fp/hard\libnosys.a
END GROUP
START GROUP
LOAD C:/ST/STM32CubeIDE_2.1.1/STM32CubeIDE/plugins/com.st.stm32cube.ide.mcu.externaltools.gnu-tools-for-stm32.14.3.rel1.win32_1.0.100.202602081740/tools/bin/../lib/gcc/arm-none-eabi/14.3.1/thumb/v7e-m+fp/hard\libgcc.a
LOAD C:/ST/STM32CubeIDE_2.1.1/STM32CubeIDE/plugins/com.st.stm32cube.ide.mcu.externaltools.gnu-tools-for-stm32.14.3.rel1.win32_1.0.100.202602081740/tools/bin/../lib/gcc/arm-none-eabi/14.3.1/../../../../arm-none-eabi/lib/thumb/v7e-m+fp/hard\libc_nano.a
LOAD C:/ST/STM32CubeIDE_2.1.1/STM32CubeIDE/plugins/com.st.stm32cube.ide.mcu.externaltools.gnu-tools-for-stm32.14.3.rel1.win32_1.0.100.202602081740/tools/bin/../lib/gcc/arm-none-eabi/14.3.1/../../../../arm-none-eabi/lib/thumb/v7e-m+fp/hard\libnosys.a
END GROUP
LOAD C:/ST/STM32CubeIDE_2.1.1/STM32CubeIDE/plugins/com.st.stm32cube.ide.mcu.externaltools.gnu-tools-for-stm32.14.3.rel1.win32_1.0.100.202602081740/tools/bin/../lib/gcc/arm-none-eabi/14.3.1/thumb/v7e-m+fp/hard/crtend.o
LOAD C:/ST/STM32CubeIDE_2.1.1/STM32CubeIDE/plugins/com.st.stm32cube.ide.mcu.externaltools.gnu-tools-for-stm32.14.3.rel1.win32_1.0.100.202602081740/tools/bin/../lib/gcc/arm-none-eabi/14.3.1/thumb/v7e-m+fp/hard/crtn.o
                0x20020000                        _estack = (ORIGIN (RAM) + LENGTH (RAM))
                0x00000200                        _Min_Heap_Size = 0x200
                0x00000400                        _Min_Stack_Size = 0x400

.isr_vector     0x08000000      0x1c4
                0x08000000                        . = ALIGN (0x4)
 *(.isr_vector)
 .isr_vector    0x08000000      0x1c4 ./Core/Startup/startup_stm32f446retx.o
                0x08000000                g_pfnVectors
                0x080001c4                        . = ALIGN (0x4)

.text           0x080001d0     0x6688
                0x080001d0                        . = ALIGN (0x4)
 *(.text)
 .text          0x080001d0       0x40 C:/ST/STM32CubeIDE_2.1.1/STM32CubeIDE/plugins/com.st.stm32cube.ide.mcu.externaltools.gnu-tools-for-stm32.14.3.rel1.win32_1.0.100.202602081740/tools/bin/../lib/gcc/arm-none-eabi/14.3.1/thumb/v7e-m+fp/hard/crtbegin.o
 .text          0x08000210       0x10 C:/ST/STM32CubeIDE_2.1.1/STM32CubeIDE/plugins/com.st.stm32cube.ide.mcu.externaltools.gnu-tools-for-stm32.14.3.rel1.win32_1.0.100.202602081740/tools/bin/../lib/gcc/arm-none-eabi/14.3.1/../../../../arm-none-eabi/lib/thumb/v7e-m+fp/hard\libc_nano.a(libc_a-strlen.o)
                0x08000210                strlen
 .text          0x08000220       0xa0 C:/ST/STM32CubeIDE_2.1.1/STM32CubeIDE/plugins/com.st.stm32cube.ide.mcu.externaltools.gnu-tools-for-stm32.14.3.rel1.win32_1.0.100.202602081740/tools/bin/../lib/gcc/arm-none-eabi/14.3.1/../../../../arm-none-eabi/lib/thumb/v7e-m+fp/hard\libc_nano.a(libc_a-memchr.o)
                0x08000220                memchr
 .text          0x080002c0      0x378 C:/ST/STM32CubeIDE_2.1.1/STM32CubeIDE/plugins/com.st.stm32cube.ide.mcu.externaltools.gnu-tools-for-stm32.14.3.rel1.win32_1.0.100.202602081740/tools/bin/../lib/gcc/arm-none-eabi/14.3.1/thumb/v7e-m+fp/hard\libgcc.a(_arm_addsubdf3.o)
                0x080002c0                __aeabi_drsub
                0x080002c8                __aeabi_dsub
                0x080002c8                __subdf3
                0x080002cc                __aeabi_dadd
                0x080002cc                __adddf3
                0x08000544                __floatunsidf
                0x08000544                __aeabi_ui2d
                0x08000564                __floatsidf
                0x08000564                __aeabi_i2d
                0x08000588                __aeabi_f2d
                0x08000588                __extendsfdf2
                0x080005cc                __floatundidf
                0x080005cc                __aeabi_ul2d
                0x080005dc                __floatdidf
                0x080005dc                __aeabi_l2d
 .text          0x08000638       0xa0 C:/ST/STM32CubeIDE_2.1.1/STM32CubeIDE/plugins/com.st.stm32cube.ide.mcu.externaltools.gnu-tools-for-stm32.14.3.rel1.win32_1.0.100.202602081740/tools/bin/../lib/gcc/arm-none-eabi/14.3.1/thumb/v7e-m+fp/hard\libgcc.a(_arm_truncdfsf2.o)
                0x08000638                __truncdfsf2
                0x08000638                __aeabi_d2f
 .text          0x080006d8       0x30 C:/ST/STM32CubeIDE_2.1.1/STM32CubeIDE/plugins/com.st.stm32cube.ide.mcu.externaltools.gnu-tools-for-stm32.14.3.rel1.win32_1.0.100.202602081740/tools/bin/../lib/gcc/arm-none-eabi/14.3.1/thumb/v7e-m+fp/hard\libgcc.a(_aeabi_uldivmod.o)
                0x080006d8                __aeabi_uldivmod
 .text          0x08000708      0x2f8 C:/ST/STM32CubeIDE_2.1.1/STM32CubeIDE/plugins/com.st.stm32cube.ide.mcu.externaltools.gnu-tools-for-stm32.14.3.rel1.win32_1.0.100.202602081740/tools/bin/../lib/gcc/arm-none-eabi/14.3.1/thumb/v7e-m+fp/hard\libgcc.a(_udivmoddi4.o)
                0x08000708                __udivmoddi4
 .text          0x08000a00        0x4 C:/ST/STM32CubeIDE_2.1.1/STM32CubeIDE/plugins/com.st.stm32cube.ide.mcu.externaltools.gnu-tools-for-stm32.14.3.rel1.win32_1.0.100.202602081740/tools/bin/../lib/gcc/arm-none-eabi/14.3.1/thumb/v7e-m+fp/hard\libgcc.a(_dvmd_tls.o)
                0x08000a00                __aeabi_idiv0
                0x08000a00                __aeabi_ldiv0
 *(.text*)
 .text.Encoder_GetPosition
                0x08000a04       0x28 ./Core/Src/encoder.o
                0x08000a04                Encoder_GetPosition
 .text.Encoder_CountToAngle
                0x08000a2c       0x4c ./Core/Src/encoder.o
                0x08000a2c                Encoder_CountToAngle
 .text.Encoder_AngleToCount
                0x08000a78       0x4c ./Core/Src/encoder.o
                0x08000a78                Encoder_AngleToCount
 .text.Encoder_GetAngle
                0x08000ac4       0x2e ./Core/Src/encoder.o
                0x08000ac4                Encoder_GetAngle
 .text.Encoder_SetAngle
                0x08000af2       0x2e ./Core/Src/encoder.o
                0x08000af2                Encoder_SetAngle
 .text.Joint_Init
                0x08000b20       0x4e ./Core/Src/joint.o
                0x08000b20                Joint_Init
 .text.Joint_SetTargetAngle
                0x08000b6e       0x62 ./Core/Src/joint.o
                0x08000b6e                Joint_SetTargetAngle
 .text.Joint_GetAngle
                0x08000bd0       0x20 ./Core/Src/joint.o
                0x08000bd0                Joint_GetAngle
 .text.Joint_Update
                0x08000bf0       0x58 ./Core/Src/joint.o
                0x08000bf0                Joint_Update
 .text.Joint_Calibrate
                0x08000c48       0xc8 ./Core/Src/joint.o
                0x08000c48                Joint_Calibrate
 .text.main     0x08000d10      0x360 ./Core/Src/main.o
                0x08000d10                main
 .text.SystemClock_Config
                0x08001070       0xdc ./Core/Src/main.o
                0x08001070                SystemClock_Config
 .text.MX_TIM2_Init
                0x0800114c       0xa8 ./Core/Src/main.o
 .text.MX_TIM3_Init
                0x080011f4      0x130 ./Core/Src/main.o
 .text.MX_TIM4_Init
                0x08001324       0xa8 ./Core/Src/main.o
 .text.MX_TIM6_Init
                0x080013cc       0x6c ./Core/Src/main.o
 .text.MX_TIM8_Init
                0x08001438       0xb0 ./Core/Src/main.o
 .text.MX_TIM12_Init
                0x080014e8       0xa0 ./Core/Src/main.o
 .text.MX_USART2_UART_Init
                0x08001588       0x54 ./Core/Src/main.o
 .text.MX_GPIO_Init
                0x080015dc       0xf4 ./Core/Src/main.o
 .text.HAL_TIM_PeriodElapsedCallback
                0x080016d0      0x13c ./Core/Src/main.o
                0x080016d0                HAL_TIM_PeriodElapsedCallback
 .text.HAL_UART_RxCpltCallback
                0x0800180c       0x38 ./Core/Src/main.o
                0x0800180c                HAL_UART_RxCpltCallback
 .text.Error_Handler
                0x08001844        0xc ./Core/Src/main.o
                0x08001844                Error_Handler
 .text.Motor_SetPower
                0x08001850      0x238 ./Core/Src/motor.o
                0x08001850                Motor_SetPower
 .text.Motor_Stop
                0x08001a88       0x20 ./Core/Src/motor.o
                0x08001a88                Motor_Stop
 .text.PID_Compute
                0x08001aa8       0x98 ./Core/Src/pid.o
                0x08001aa8                PID_Compute
 .text.Protocol_ReadPacket
                0x08001b40      0x12c ./Core/Src/protocol.o
                0x08001b40                Protocol_ReadPacket
 .text.Protocol_WritePacket
                0x08001c6c       0x74 ./Core/Src/protocol.o
                0x08001c6c                Protocol_WritePacket
 .text.Protocol_Checksum
                0x08001ce0       0x60 ./Core/Src/protocol.o
                0x08001ce0                Protocol_Checksum
 .text.Protocol_WriteCommand
                0x08001d40       0xfc ./Core/Src/protocol.o
                0x08001d40                Protocol_WriteCommand
 .text.Protocol_WriteError
                0x08001e3c       0x28 ./Core/Src/protocol.o
                0x08001e3c                Protocol_WriteError
 .text.Protocol_GetPacketLength
                0x08001e64       0x60 ./Core/Src/protocol_data.o
                0x08001e64                Protocol_GetPacketLength
 .text.Protocol_GetArgumentTypes
                0x08001ec4       0xb4 ./Core/Src/protocol_data.o
                0x08001ec4                Protocol_GetArgumentTypes
 .text.Protocol_GetNumArguments
                0x08001f78       0x60 ./Core/Src/protocol_data.o
                0x08001f78                Protocol_GetNumArguments
 .text.Serial_Init
                0x08001fd8       0x20 ./Core/Src/serial.o
                0x08001fd8                Serial_Init
 .text.Serial_WriteBytes
                0x08001ff8       0x30 ./Core/Src/serial.o
                0x08001ff8                Serial_WriteBytes
 .text.SerialMonitor_Init
                0x08002028       0x24 ./Core/Src/serial_monitor.o
                0x08002028                SerialMonitor_Init
 .text.SerialMonitor_Append
                0x0800204c       0x5c ./Core/Src/serial_monitor.o
                0x0800204c                SerialMonitor_Append
 .text.SerialMonitor_ReadByte
                0x080020a8       0x58 ./Core/Src/serial_monitor.o
                0x080020a8                SerialMonitor_ReadByte
 .text.SerialMonitor_ReadBytes
                0x08002100       0x5a ./Core/Src/serial_monitor.o
                0x08002100                SerialMonitor_ReadBytes
 *fill*         0x0800215a        0x2 
 .text.SerialMonitor_Available
                0x0800215c       0x50 ./Core/Src/serial_monitor.o
                0x0800215c                SerialMonitor_Available
 .text.HAL_MspInit
                0x080021ac       0x50 ./Core/Src/stm32f4xx_hal_msp.o
                0x080021ac                HAL_MspInit
 .text.HAL_TIM_Encoder_MspInit
                0x080021fc      0x1a4 ./Core/Src/stm32f4xx_hal_msp.o
                0x080021fc                HAL_TIM_Encoder_MspInit
 .text.HAL_TIM_Base_MspInit
                0x080023a0       0x7c ./Core/Src/stm32f4xx_hal_msp.o
                0x080023a0                HAL_TIM_Base_MspInit
 .text.HAL_TIM_PWM_MspInit
                0x0800241c       0x44 ./Core/Src/stm32f4xx_hal_msp.o
                0x0800241c                HAL_TIM_PWM_MspInit
 .text.HAL_TIM_MspPostInit
                0x08002460      0x100 ./Core/Src/stm32f4xx_hal_msp.o
                0x08002460                HAL_TIM_MspPostInit
 .text.HAL_UART_MspInit
                0x08002560       0xa0 ./Core/Src/stm32f4xx_hal_msp.o
                0x08002560                HAL_UART_MspInit
 .text.NMI_Handler
                0x08002600        0x8 ./Core/Src/stm32f4xx_it.o
                0x08002600                NMI_Handler
 .text.HardFault_Handler
                0x08002608        0x8 ./Core/Src/stm32f4xx_it.o
                0x08002608                HardFault_Handler
 .text.MemManage_Handler
                0x08002610        0x8 ./Core/Src/stm32f4xx_it.o
                0x08002610                MemManage_Handler
 .text.BusFault_Handler
                0x08002618        0x8 ./Core/Src/stm32f4xx_it.o
                0x08002618                BusFault_Handler
 .text.UsageFault_Handler
                0x08002620        0x8 ./Core/Src/stm32f4xx_it.o
                0x08002620                UsageFault_Handler
 .text.SVC_Handler
                0x08002628        0xe ./Core/Src/stm32f4xx_it.o
                0x08002628                SVC_Handler
 .text.DebugMon_Handler
                0x08002636        0xe ./Core/Src/stm32f4xx_it.o
                0x08002636                DebugMon_Handler
 .text.PendSV_Handler
                0x08002644        0xe ./Core/Src/stm32f4xx_it.o
                0x08002644                PendSV_Handler
 .text.SysTick_Handler
                0x08002652        0xc ./Core/Src/stm32f4xx_it.o
                0x08002652                SysTick_Handler
 *fill*         0x0800265e        0x2 
 .text.USART2_IRQHandler
                0x08002660       0x14 ./Core/Src/stm32f4xx_it.o
                0x08002660                USART2_IRQHandler
 .text.TIM6_DAC_IRQHandler
                0x08002674       0x14 ./Core/Src/stm32f4xx_it.o
                0x08002674                TIM6_DAC_IRQHandler
 .text._sbrk    0x08002688       0x6c ./Core/Src/sysmem.o
                0x08002688                _sbrk
 .text.SystemInit
                0x080026f4       0x24 ./Core/Src/system_stm32f4xx.o
                0x080026f4                SystemInit
 .text.Reset_Handler
                0x08002718       0x50 ./Core/Startup/startup_stm32f446retx.o
                0x08002718                Reset_Handler
 .text.Default_Handler
                0x08002768        0x2 ./Core/Startup/startup_stm32f446retx.o
                0x08002768                RTC_Alarm_IRQHandler
                0x08002768                EXTI2_IRQHandler
                0x08002768                TIM8_CC_IRQHandler
                0x08002768                FMPI2C1_EV_IRQHandler
                0x08002768                SPI4_IRQHandler
                0x08002768                TIM1_CC_IRQHandler
                0x08002768                DMA2_Stream5_IRQHandler
                0x08002768                DMA1_Stream5_IRQHandler
                0x08002768                PVD_IRQHandler
                0x08002768                SDIO_IRQHandler
                0x08002768                TAMP_STAMP_IRQHandler
                0x08002768                CAN2_RX1_IRQHandler
                0x08002768                EXTI3_IRQHandler
                0x08002768                TIM8_TRG_COM_TIM14_IRQHandler
                0x08002768                TIM1_UP_TIM10_IRQHandler
                0x08002768                TIM8_UP_TIM13_IRQHandler
                0x08002768                I2C3_ER_IRQHandler
                0x08002768                EXTI0_IRQHandler
                0x08002768                I2C2_EV_IRQHandler
                0x08002768                DMA1_Stream2_IRQHandler
                0x08002768                CAN1_RX0_IRQHandler
                0x08002768                FPU_IRQHandler
                0x08002768                OTG_HS_WKUP_IRQHandler
                0x08002768                CAN2_SCE_IRQHandler
                0x08002768                DMA2_Stream2_IRQHandler
                0x08002768                SPI1_IRQHandler
                0x08002768                TIM1_BRK_TIM9_IRQHandler
                0x08002768                DCMI_IRQHandler
                0x08002768                CAN2_RX0_IRQHandler
                0x08002768                DMA2_Stream3_IRQHandler
                0x08002768                SAI2_IRQHandler
                0x08002768                USART6_IRQHandler
                0x08002768                USART3_IRQHandler
                0x08002768                CAN1_RX1_IRQHandler
                0x08002768                UART5_IRQHandler
                0x08002768                DMA2_Stream0_IRQHandler
                0x08002768                TIM4_IRQHandler
                0x08002768                QUADSPI_IRQHandler
                0x08002768                I2C1_EV_IRQHandler
                0x08002768                DMA1_Stream6_IRQHandler
                0x08002768                DMA1_Stream1_IRQHandler
                0x08002768                UART4_IRQHandler
                0x08002768                TIM3_IRQHandler
                0x08002768                RCC_IRQHandler
                0x08002768                TIM8_BRK_TIM12_IRQHandler
                0x08002768                Default_Handler
                0x08002768                CEC_IRQHandler
                0x08002768                EXTI15_10_IRQHandler
                0x08002768                ADC_IRQHandler
                0x08002768                DMA1_Stream7_IRQHandler
                0x08002768                TIM7_IRQHandler
                0x08002768                CAN2_TX_IRQHandler
                0x08002768                TIM5_IRQHandler
                0x08002768                DMA2_Stream7_IRQHandler
                0x08002768                I2C3_EV_IRQHandler
                0x08002768                EXTI9_5_IRQHandler
                0x08002768                RTC_WKUP_IRQHandler
                0x08002768                SPDIF_RX_IRQHandler
                0x08002768                SPI2_IRQHandler
                0x08002768                OTG_HS_EP1_IN_IRQHandler
                0x08002768                DMA1_Stream0_IRQHandler
                0x08002768                CAN1_TX_IRQHandler
                0x08002768                FMPI2C1_ER_IRQHandler
                0x08002768                EXTI4_IRQHandler
                0x08002768                OTG_HS_EP1_OUT_IRQHandler
                0x08002768                WWDG_IRQHandler
                0x08002768                TIM2_IRQHandler
                0x08002768                OTG_FS_WKUP_IRQHandler
                0x08002768                TIM1_TRG_COM_TIM11_IRQHandler
                0x08002768                OTG_HS_IRQHandler
                0x08002768                EXTI1_IRQHandler
                0x08002768                I2C2_ER_IRQHandler
                0x08002768                DMA2_Stream1_IRQHandler
                0x08002768                CAN1_SCE_IRQHandler
                0x08002768                FLASH_IRQHandler
                0x08002768                DMA2_Stream4_IRQHandler
                0x08002768                USART1_IRQHandler
                0x08002768                OTG_FS_IRQHandler
                0x08002768                SPI3_IRQHandler
                0x08002768                DMA1_Stream4_IRQHandler
                0x08002768                I2C1_ER_IRQHandler
                0x08002768                FMC_IRQHandler
                0x08002768                DMA2_Stream6_IRQHandler
                0x08002768                SAI1_IRQHandler
                0x08002768                DMA1_Stream3_IRQHandler
 *fill*         0x0800276a        0x2 
 .text.HAL_Init
                0x0800276c       0x44 ./Drivers/STM32F4xx_HAL_Driver/Src/stm32f4xx_hal.o
                0x0800276c                HAL_Init
 .text.HAL_InitTick
                0x080027b0       0x60 ./Drivers/STM32F4xx_HAL_Driver/Src/stm32f4xx_hal.o
                0x080027b0                HAL_InitTick
 .text.HAL_IncTick
                0x08002810       0x28 ./Drivers/STM32F4xx_HAL_Driver/Src/stm32f4xx_hal.o
                0x08002810                HAL_IncTick
 .text.HAL_GetTick
                0x08002838       0x18 ./Drivers/STM32F4xx_HAL_Driver/Src/stm32f4xx_hal.o
                0x08002838                HAL_GetTick
 .text.HAL_Delay
                0x08002850       0x48 ./Drivers/STM32F4xx_HAL_Driver/Src/stm32f4xx_hal.o
                0x08002850                HAL_Delay
 .text.__NVIC_SetPriorityGrouping
                0x08002898       0x48 ./Drivers/STM32F4xx_HAL_Driver/Src/stm32f4xx_hal_cortex.o
 .text.__NVIC_GetPriorityGrouping
                0x080028e0       0x1c ./Drivers/STM32F4xx_HAL_Driver/Src/stm32f4xx_hal_cortex.o
 .text.__NVIC_EnableIRQ
                0x080028fc       0x3c ./Drivers/STM32F4xx_HAL_Driver/Src/stm32f4xx_hal_cortex.o
 .text.__NVIC_SetPriority
                0x08002938       0x54 ./Drivers/STM32F4xx_HAL_Driver/Src/stm32f4xx_hal_cortex.o
 .text.NVIC_EncodePriority
                0x0800298c       0x66 ./Drivers/STM32F4xx_HAL_Driver/Src/stm32f4xx_hal_cortex.o
 *fill*         0x080029f2        0x2 
 .text.SysTick_Config
                0x080029f4       0x44 ./Drivers/STM32F4xx_HAL_Driver/Src/stm32f4xx_hal_cortex.o
 .text.HAL_NVIC_SetPriorityGrouping
                0x08002a38       0x16 ./Drivers/STM32F4xx_HAL_Driver/Src/stm32f4xx_hal_cortex.o
                0x08002a38                HAL_NVIC_SetPriorityGrouping
 .text.HAL_NVIC_SetPriority
                0x08002a4e       0x38 ./Drivers/STM32F4xx_HAL_Driver/Src/stm32f4xx_hal_cortex.o
                0x08002a4e                HAL_NVIC_SetPriority
 .text.HAL_NVIC_EnableIRQ
                0x08002a86       0x1c ./Drivers/STM32F4xx_HAL_Driver/Src/stm32f4xx_hal_cortex.o
                0x08002a86                HAL_NVIC_EnableIRQ
 .text.HAL_SYSTICK_Config
                0x08002aa2       0x18 ./Drivers/STM32F4xx_HAL_Driver/Src/stm32f4xx_hal_cortex.o
                0x08002aa2                HAL_SYSTICK_Config
 .text.HAL_DMA_Abort
                0x08002aba       0xe0 ./Drivers/STM32F4xx_HAL_Driver/Src/stm32f4xx_hal_dma.o
                0x08002aba                HAL_DMA_Abort
 .text.HAL_DMA_Abort_IT
                0x08002b9a       0x44 ./Drivers/STM32F4xx_HAL_Driver/Src/stm32f4xx_hal_dma.o
                0x08002b9a                HAL_DMA_Abort_IT
 *fill*         0x08002bde        0x2 
 .text.HAL_GPIO_Init
                0x08002be0      0x328 ./Drivers/STM32F4xx_HAL_Driver/Src/stm32f4xx_hal_gpio.o
                0x08002be0                HAL_GPIO_Init
 .text.HAL_GPIO_ReadPin
                0x08002f08       0x30 ./Drivers/STM32F4xx_HAL_Driver/Src/stm32f4xx_hal_gpio.o
                0x08002f08                HAL_GPIO_ReadPin
 .text.HAL_GPIO_WritePin
                0x08002f38       0x32 ./Drivers/STM32F4xx_HAL_Driver/Src/stm32f4xx_hal_gpio.o
                0x08002f38                HAL_GPIO_WritePin
 .text.HAL_GPIO_TogglePin
                0x08002f6a       0x34 ./Drivers/STM32F4xx_HAL_Driver/Src/stm32f4xx_hal_gpio.o
                0x08002f6a                HAL_GPIO_TogglePin
 *fill*         0x08002f9e        0x2 
 .text.HAL_RCC_ClockConfig
                0x08002fa0      0x1cc ./Drivers/STM32F4xx_HAL_Driver/Src/stm32f4xx_hal_rcc.o
                0x08002fa0                HAL_RCC_ClockConfig
 .text.HAL_RCC_GetHCLKFreq
                0x0800316c       0x18 ./Drivers/STM32F4xx_HAL_Driver/Src/stm32f4xx_hal_rcc.o
                0x0800316c                HAL_RCC_GetHCLKFreq
 .text.HAL_RCC_GetPCLK1Freq
                0x08003184       0x28 ./Drivers/STM32F4xx_HAL_Driver/Src/stm32f4xx_hal_rcc.o
                0x08003184                HAL_RCC_GetPCLK1Freq
 .text.HAL_RCC_GetPCLK2Freq
                0x080031ac       0x28 ./Drivers/STM32F4xx_HAL_Driver/Src/stm32f4xx_hal_rcc.o
                0x080031ac                HAL_RCC_GetPCLK2Freq
 .text.HAL_RCC_GetSysClockFreq
                0x080031d4      0x460 ./Drivers/STM32F4xx_HAL_Driver/Src/stm32f4xx_hal_rcc_ex.o
                0x080031d4                HAL_RCC_GetSysClockFreq
 .text.HAL_RCC_OscConfig
                0x08003634      0x53c ./Drivers/STM32F4xx_HAL_Driver/Src/stm32f4xx_hal_rcc_ex.o
                0x08003634                HAL_RCC_OscConfig
 .text.HAL_TIM_Base_Init
                0x08003b70       0x9e ./Drivers/STM32F4xx_HAL_Driver/Src/stm32f4xx_hal_tim.o
                0x08003b70                HAL_TIM_Base_Init
 *fill*         0x08003c0e        0x2 
 .text.HAL_TIM_Base_Start_IT
                0x08003c10       0xe0 ./Drivers/STM32F4xx_HAL_Driver/Src/stm32f4xx_hal_tim.o
                0x08003c10                HAL_TIM_Base_Start_IT
 .text.HAL_TIM_PWM_Init
                0x08003cf0       0x9e ./Drivers/STM32F4xx_HAL_Driver/Src/stm32f4xx_hal_tim.o
                0x08003cf0                HAL_TIM_PWM_Init
 *fill*         0x08003d8e        0x2 
 .text.HAL_TIM_PWM_Start
                0x08003d90      0x190 ./Drivers/STM32F4xx_HAL_Driver/Src/stm32f4xx_hal_tim.o
                0x08003d90                HAL_TIM_PWM_Start
 .text.HAL_TIM_Encoder_Init
                0x08003f20      0x14c ./Drivers/STM32F4xx_HAL_Driver/Src/stm32f4xx_hal_tim.o
                0x08003f20                HAL_TIM_Encoder_Init
 .text.HAL_TIM_Encoder_Start
                0x0800406c      0x11c ./Drivers/STM32F4xx_HAL_Driver/Src/stm32f4xx_hal_tim.o
                0x0800406c                HAL_TIM_Encoder_Start
 .text.HAL_TIM_IRQHandler
                0x08004188      0x1e0 ./Drivers/STM32F4xx_HAL_Driver/Src/stm32f4xx_hal_tim.o
                0x08004188                HAL_TIM_IRQHandler
 .text.HAL_TIM_PWM_ConfigChannel
                0x08004368      0x184 ./Drivers/STM32F4xx_HAL_Driver/Src/stm32f4xx_hal_tim.o
                0x08004368                HAL_TIM_PWM_ConfigChannel
 .text.HAL_TIM_ConfigClockSource
                0x080044ec      0x18e ./Drivers/STM32F4xx_HAL_Driver/Src/stm32f4xx_hal_tim.o
                0x080044ec                HAL_TIM_ConfigClockSource
 .text.HAL_TIM_OC_DelayElapsedCallback
                0x0800467a       0x14 ./Drivers/STM32F4xx_HAL_Driver/Src/stm32f4xx_hal_tim.o
                0x0800467a                HAL_TIM_OC_DelayElapsedCallback
 .text.HAL_TIM_IC_CaptureCallback
                0x0800468e       0x14 ./Drivers/STM32F4xx_HAL_Driver/Src/stm32f4xx_hal_tim.o
                0x0800468e                HAL_TIM_IC_CaptureCallback
 .text.HAL_TIM_PWM_PulseFinishedCallback
                0x080046a2       0x14 ./Drivers/STM32F4xx_HAL_Driver/Src/stm32f4xx_hal_tim.o
                0x080046a2                HAL_TIM_PWM_PulseFinishedCallback
 .text.HAL_TIM_TriggerCallback
                0x080046b6       0x14 ./Drivers/STM32F4xx_HAL_Driver/Src/stm32f4xx_hal_tim.o
                0x080046b6                HAL_TIM_TriggerCallback
 *fill*         0x080046ca        0x2 
 .text.TIM_Base_SetConfig
                0x080046cc      0x14c ./Drivers/STM32F4xx_HAL_Driver/Src/stm32f4xx_hal_tim.o
                0x080046cc                TIM_Base_SetConfig
 .text.TIM_OC1_SetConfig
                0x08004818       0xe0 ./Drivers/STM32F4xx_HAL_Driver/Src/stm32f4xx_hal_tim.o
 .text.TIM_OC2_SetConfig
                0x080048f8       0xec ./Drivers/STM32F4xx_HAL_Driver/Src/stm32f4xx_hal_tim.o
                0x080048f8                TIM_OC2_SetConfig
 .text.TIM_OC3_SetConfig
                0x080049e4       0xe8 ./Drivers/STM32F4xx_HAL_Driver/Src/stm32f4xx_hal_tim.o
 .text.TIM_OC4_SetConfig
                0x08004acc       0xac ./Drivers/STM32F4xx_HAL_Driver/Src/stm32f4xx_hal_tim.o
 .text.TIM_TI1_ConfigInputStage
                0x08004b78       0x5e ./Drivers/STM32F4xx_HAL_Driver/Src/stm32f4xx_hal_tim.o
 .text.TIM_TI2_ConfigInputStage
                0x08004bd6       0x60 ./Drivers/STM32F4xx_HAL_Driver/Src/stm32f4xx_hal_tim.o
 .text.TIM_ITRx_SetConfig
                0x08004c36       0x36 ./Drivers/STM32F4xx_HAL_Driver/Src/stm32f4xx_hal_tim.o
 .text.TIM_ETR_SetConfig
                0x08004c6c       0x40 ./Drivers/STM32F4xx_HAL_Driver/Src/stm32f4xx_hal_tim.o
                0x08004c6c                TIM_ETR_SetConfig
 .text.TIM_CCxChannelCmd
                0x08004cac       0x4a ./Drivers/STM32F4xx_HAL_Driver/Src/stm32f4xx_hal_tim.o
                0x08004cac                TIM_CCxChannelCmd
 *fill*         0x08004cf6        0x2 
 .text.HAL_TIMEx_MasterConfigSynchronization
                0x08004cf8       0xf8 ./Drivers/STM32F4xx_HAL_Driver/Src/stm32f4xx_hal_tim_ex.o
                0x08004cf8                HAL_TIMEx_MasterConfigSynchronization
 .text.HAL_TIMEx_CommutCallback
                0x08004df0       0x14 ./Drivers/STM32F4xx_HAL_Driver/Src/stm32f4xx_hal_tim_ex.o
                0x08004df0                HAL_TIMEx_CommutCallback
 .text.HAL_TIMEx_BreakCallback
                0x08004e04       0x14 ./Drivers/STM32F4xx_HAL_Driver/Src/stm32f4xx_hal_tim_ex.o
                0x08004e04                HAL_TIMEx_BreakCallback
 .text.HAL_UART_Init
                0x08004e18       0xa0 ./Drivers/STM32F4xx_HAL_Driver/Src/stm32f4xx_hal_uart.o
                0x08004e18                HAL_UART_Init
 .text.HAL_UART_Transmit
                0x08004eb8      0x116 ./Drivers/STM32F4xx_HAL_Driver/Src/stm32f4xx_hal_uart.o
                0x08004eb8                HAL_UART_Transmit
 .text.HAL_UART_Receive_IT
                0x08004fce       0x4a ./Drivers/STM32F4xx_HAL_Driver/Src/stm32f4xx_hal_uart.o
                0x08004fce                HAL_UART_Receive_IT
 .text.HAL_UART_IRQHandler
                0x08005018      0x554 ./Drivers/STM32F4xx_HAL_Driver/Src/stm32f4xx_hal_uart.o
                0x08005018                HAL_UART_IRQHandler
 .text.HAL_UART_TxCpltCallback
                0x0800556c       0x14 ./Drivers/STM32F4xx_HAL_Driver/Src/stm32f4xx_hal_uart.o
                0x0800556c                HAL_UART_TxCpltCallback
 .text.HAL_UART_ErrorCallback
                0x08005580       0x14 ./Drivers/STM32F4xx_HAL_Driver/Src/stm32f4xx_hal_uart.o
                0x08005580                HAL_UART_ErrorCallback
 .text.HAL_UARTEx_RxEventCallback
                0x08005594       0x18 ./Drivers/STM32F4xx_HAL_Driver/Src/stm32f4xx_hal_uart.o
                0x08005594                HAL_UARTEx_RxEventCallback
 .text.UART_WaitOnFlagUntilTimeout
                0x080055ac       0xb2 ./Drivers/STM32F4xx_HAL_Driver/Src/stm32f4xx_hal_uart.o
 .text.UART_Start_Receive_IT
                0x0800565e       0x74 ./Drivers/STM32F4xx_HAL_Driver/Src/stm32f4xx_hal_uart.o
                0x0800565e                UART_Start_Receive_IT
 .text.UART_EndRxTransfer
                0x080056d2       0xc6 ./Drivers/STM32F4xx_HAL_Driver/Src/stm32f4xx_hal_uart.o
 .text.UART_DMAAbortOnError
                0x08005798       0x22 ./Drivers/STM32F4xx_HAL_Driver/Src/stm32f4xx_hal_uart.o
 .text.UART_Transmit_IT
                0x080057ba       0xa0 ./Drivers/STM32F4xx_HAL_Driver/Src/stm32f4xx_hal_uart.o
 .text.UART_EndTransmit_IT
                0x0800585a       0x30 ./Drivers/STM32F4xx_HAL_Driver/Src/stm32f4xx_hal_uart.o
 .text.UART_Receive_IT
                0x0800588a      0x17c ./Drivers/STM32F4xx_HAL_Driver/Src/stm32f4xx_hal_uart.o
 *fill*         0x08005a06        0x2 
 .text.UART_SetConfig
                0x08005a08      0x4e8 ./Drivers/STM32F4xx_HAL_Driver/Src/stm32f4xx_hal_uart.o
 .text.sprintf  0x08005ef0       0x44 C:/ST/STM32CubeIDE_2.1.1/STM32CubeIDE/plugins/com.st.stm32cube.ide.mcu.externaltools.gnu-tools-for-stm32.14.3.rel1.win32_1.0.100.202602081740/tools/bin/../lib/gcc/arm-none-eabi/14.3.1/../../../../arm-none-eabi/lib/thumb/v7e-m+fp/hard\libc_nano.a(libc_a-sprintf.o)
                0x08005ef0                siprintf
                0x08005ef0                sprintf
 .text.memset   0x08005f34       0x10 C:/ST/STM32CubeIDE_2.1.1/STM32CubeIDE/plugins/com.st.stm32cube.ide.mcu.externaltools.gnu-tools-for-stm32.14.3.rel1.win32_1.0.100.202602081740/tools/bin/../lib/gcc/arm-none-eabi/14.3.1/../../../../arm-none-eabi/lib/thumb/v7e-m+fp/hard\libc_nano.a(libc_a-memset.o)
                0x08005f34                memset
 .text.__errno  0x08005f44        0xc C:/ST/STM32CubeIDE_2.1.1/STM32CubeIDE/plugins/com.st.stm32cube.ide.mcu.externaltools.gnu-tools-for-stm32.14.3.rel1.win32_1.0.100.202602081740/tools/bin/../lib/gcc/arm-none-eabi/14.3.1/../../../../arm-none-eabi/lib/thumb/v7e-m+fp/hard\libc_nano.a(libc_a-errno.o)
                0x08005f44                __errno
 .text.__libc_init_array
                0x08005f50       0x48 C:/ST/STM32CubeIDE_2.1.1/STM32CubeIDE/plugins/com.st.stm32cube.ide.mcu.externaltools.gnu-tools-for-stm32.14.3.rel1.win32_1.0.100.202602081740/tools/bin/../lib/gcc/arm-none-eabi/14.3.1/../../../../arm-none-eabi/lib/thumb/v7e-m+fp/hard\libc_nano.a(libc_a-init.o)
                0x08005f50                __libc_init_array
 .text.__retarget_lock_acquire_recursive
                0x08005f98        0x2 C:/ST/STM32CubeIDE_2.1.1/STM32CubeIDE/plugins/com.st.stm32cube.ide.mcu.externaltools.gnu-tools-for-stm32.14.3.rel1.win32_1.0.100.202602081740/tools/bin/../lib/gcc/arm-none-eabi/14.3.1/../../../../arm-none-eabi/lib/thumb/v7e-m+fp/hard\libc_nano.a(libc_a-lock.o)
                0x08005f98                __retarget_lock_acquire_recursive
 .text.__retarget_lock_release_recursive
                0x08005f9a        0x2 C:/ST/STM32CubeIDE_2.1.1/STM32CubeIDE/plugins/com.st.stm32cube.ide.mcu.externaltools.gnu-tools-for-stm32.14.3.rel1.win32_1.0.100.202602081740/tools/bin/../lib/gcc/arm-none-eabi/14.3.1/../../../../arm-none-eabi/lib/thumb/v7e-m+fp/hard\libc_nano.a(libc_a-lock.o)
                0x08005f9a                __retarget_lock_release_recursive
 .text._free_r  0x08005f9c       0x94 C:/ST/STM32CubeIDE_2.1.1/STM32CubeIDE/plugins/com.st.stm32cube.ide.mcu.externaltools.gnu-tools-for-stm32.14.3.rel1.win32_1.0.100.202602081740/tools/bin/../lib/gcc/arm-none-eabi/14.3.1/../../../../arm-none-eabi/lib/thumb/v7e-m+fp/hard\libc_nano.a(libc_a-freer.o)
                0x08005f9c                _free_r
 .text.sbrk_aligned
                0x08006030       0x44 C:/ST/STM32CubeIDE_2.1.1/STM32CubeIDE/plugins/com.st.stm32cube.ide.mcu.externaltools.gnu-tools-for-stm32.14.3.rel1.win32_1.0.100.202602081740/tools/bin/../lib/gcc/arm-none-eabi/14.3.1/../../../../arm-none-eabi/lib/thumb/v7e-m+fp/hard\libc_nano.a(libc_a-mallocr.o)
 .text._malloc_r
                0x08006074      0x100 C:/ST/STM32CubeIDE_2.1.1/STM32CubeIDE/plugins/com.st.stm32cube.ide.mcu.externaltools.gnu-tools-for-stm32.14.3.rel1.win32_1.0.100.202602081740/tools/bin/../lib/gcc/arm-none-eabi/14.3.1/../../../../arm-none-eabi/lib/thumb/v7e-m+fp/hard\libc_nano.a(libc_a-mallocr.o)
                0x08006074                _malloc_r
 .text.__malloc_lock
                0x08006174        0xc C:/ST/STM32CubeIDE_2.1.1/STM32CubeIDE/plugins/com.st.stm32cube.ide.mcu.externaltools.gnu-tools-for-stm32.14.3.rel1.win32_1.0.100.202602081740/tools/bin/../lib/gcc/arm-none-eabi/14.3.1/../../../../arm-none-eabi/lib/thumb/v7e-m+fp/hard\libc_nano.a(libc_a-mlock.o)
                0x08006174                __malloc_lock
 .text.__malloc_unlock
                0x08006180        0xc C:/ST/STM32CubeIDE_2.1.1/STM32CubeIDE/plugins/com.st.stm32cube.ide.mcu.externaltools.gnu-tools-for-stm32.14.3.rel1.win32_1.0.100.202602081740/tools/bin/../lib/gcc/arm-none-eabi/14.3.1/../../../../arm-none-eabi/lib/thumb/v7e-m+fp/hard\libc_nano.a(libc_a-mlock.o)
                0x08006180                __malloc_unlock
 .text.__ssputs_r
                0x0800618c       0xc0 C:/ST/STM32CubeIDE_2.1.1/STM32CubeIDE/plugins/com.st.stm32cube.ide.mcu.externaltools.gnu-tools-for-stm32.14.3.rel1.win32_1.0.100.202602081740/tools/bin/../lib/gcc/arm-none-eabi/14.3.1/../../../../arm-none-eabi/lib/thumb/v7e-m+fp/hard\libc_nano.a(libc_a-nano-svfprintf.o)
                0x0800618c                __ssputs_r
 .text._svfprintf_r
                0x0800624c      0x1f0 C:/ST/STM32CubeIDE_2.1.1/STM32CubeIDE/plugins/com.st.stm32cube.ide.mcu.externaltools.gnu-tools-for-stm32.14.3.rel1.win32_1.0.100.202602081740/tools/bin/../lib/gcc/arm-none-eabi/14.3.1/../../../../arm-none-eabi/lib/thumb/v7e-m+fp/hard\libc_nano.a(libc_a-nano-svfprintf.o)
                0x0800624c                _svfiprintf_r
                0x0800624c                _svfprintf_r
 .text._printf_common
                0x0800643c       0xda C:/ST/STM32CubeIDE_2.1.1/STM32CubeIDE/plugins/com.st.stm32cube.ide.mcu.externaltools.gnu-tools-for-stm32.14.3.rel1.win32_1.0.100.202602081740/tools/bin/../lib/gcc/arm-none-eabi/14.3.1/../../../../arm-none-eabi/lib/thumb/v7e-m+fp/hard\libc_nano.a(libc_a-nano-vfprintf_i.o)
                0x0800643c                _printf_common
 *fill*         0x08006516        0x2 
 .text._printf_i
                0x08006518      0x24c C:/ST/STM32CubeIDE_2.1.1/STM32CubeIDE/plugins/com.st.stm32cube.ide.mcu.externaltools.gnu-tools-for-stm32.14.3.rel1.win32_1.0.100.202602081740/tools/bin/../lib/gcc/arm-none-eabi/14.3.1/../../../../arm-none-eabi/lib/thumb/v7e-m+fp/hard\libc_nano.a(libc_a-nano-vfprintf_i.o)
                0x08006518                _printf_i
 .text.memmove  0x08006764       0x32 C:/ST/STM32CubeIDE_2.1.1/STM32CubeIDE/plugins/com.st.stm32cube.ide.mcu.externaltools.gnu-tools-for-stm32.14.3.rel1.win32_1.0.100.202602081740/tools/bin/../lib/gcc/arm-none-eabi/14.3.1/../../../../arm-none-eabi/lib/thumb/v7e-m+fp/hard\libc_nano.a(libc_a-memmove.o)
                0x08006764                memmove
 *fill*         0x08006796        0x2 
 .text._sbrk_r  0x08006798       0x20 C:/ST/STM32CubeIDE_2.1.1/STM32CubeIDE/plugins/com.st.stm32cube.ide.mcu.externaltools.gnu-tools-for-stm32.14.3.rel1.win32_1.0.100.202602081740/tools/bin/../lib/gcc/arm-none-eabi/14.3.1/../../../../arm-none-eabi/lib/thumb/v7e-m+fp/hard\libc_nano.a(libc_a-sbrkr.o)
                0x08006798                _sbrk_r
 .text.memcpy   0x080067b8       0x1c C:/ST/STM32CubeIDE_2.1.1/STM32CubeIDE/plugins/com.st.stm32cube.ide.mcu.externaltools.gnu-tools-for-stm32.14.3.rel1.win32_1.0.100.202602081740/tools/bin/../lib/gcc/arm-none-eabi/14.3.1/../../../../arm-none-eabi/lib/thumb/v7e-m+fp/hard\libc_nano.a(libc_a-memcpy-stub.o)
                0x080067b8                memcpy
 .text._realloc_r
                0x080067d4       0x5c C:/ST/STM32CubeIDE_2.1.1/STM32CubeIDE/plugins/com.st.stm32cube.ide.mcu.externaltools.gnu-tools-for-stm32.14.3.rel1.win32_1.0.100.202602081740/tools/bin/../lib/gcc/arm-none-eabi/14.3.1/../../../../arm-none-eabi/lib/thumb/v7e-m+fp/hard\libc_nano.a(libc_a-reallocr.o)
                0x080067d4                _realloc_r
 .text._malloc_usable_size_r
                0x08006830       0x10 C:/ST/STM32CubeIDE_2.1.1/STM32CubeIDE/plugins/com.st.stm32cube.ide.mcu.externaltools.gnu-tools-for-stm32.14.3.rel1.win32_1.0.100.202602081740/tools/bin/../lib/gcc/arm-none-eabi/14.3.1/../../../../arm-none-eabi/lib/thumb/v7e-m+fp/hard\libc_nano.a(libc_a-msizer.o)
                0x08006830                _malloc_usable_size_r
 *(.glue_7)
 .glue_7        0x08006840        0x0 linker stubs
 *(.glue_7t)
 .glue_7t       0x08006840        0x0 linker stubs
 *(.eh_frame)
 .eh_frame      0x08006840        0x0 C:/ST/STM32CubeIDE_2.1.1/STM32CubeIDE/plugins/com.st.stm32cube.ide.mcu.externaltools.gnu-tools-for-stm32.14.3.rel1.win32_1.0.100.202602081740/tools/bin/../lib/gcc/arm-none-eabi/14.3.1/thumb/v7e-m+fp/hard/crtbegin.o
 *(.init)
 .init          0x08006840        0x4 C:/ST/STM32CubeIDE_2.1.1/STM32CubeIDE/plugins/com.st.stm32cube.ide.mcu.externaltools.gnu-tools-for-stm32.14.3.rel1.win32_1.0.100.202602081740/tools/bin/../lib/gcc/arm-none-eabi/14.3.1/thumb/v7e-m+fp/hard/crti.o
                0x08006840                _init
 .init          0x08006844        0x8 C:/ST/STM32CubeIDE_2.1.1/STM32CubeIDE/plugins/com.st.stm32cube.ide.mcu.externaltools.gnu-tools-for-stm32.14.3.rel1.win32_1.0.100.202602081740/tools/bin/../lib/gcc/arm-none-eabi/14.3.1/thumb/v7e-m+fp/hard/crtn.o
 *(.fini)
 .fini          0x0800684c        0x4 C:/ST/STM32CubeIDE_2.1.1/STM32CubeIDE/plugins/com.st.stm32cube.ide.mcu.externaltools.gnu-tools-for-stm32.14.3.rel1.win32_1.0.100.202602081740/tools/bin/../lib/gcc/arm-none-eabi/14.3.1/thumb/v7e-m+fp/hard/crti.o
                0x0800684c                _fini
 .fini          0x08006850        0x8 C:/ST/STM32CubeIDE_2.1.1/STM32CubeIDE/plugins/com.st.stm32cube.ide.mcu.externaltools.gnu-tools-for-stm32.14.3.rel1.win32_1.0.100.202602081740/tools/bin/../lib/gcc/arm-none-eabi/14.3.1/thumb/v7e-m+fp/hard/crtn.o
                0x08006858                        . = ALIGN (0x4)
                0x08006858                        _etext = .

.vfp11_veneer   0x08006858        0x0
 .vfp11_veneer  0x08006858        0x0 linker stubs

.v4_bx          0x08006858        0x0
 .v4_bx         0x08006858        0x0 linker stubs

.iplt           0x08006858        0x0
 .iplt          0x08006858        0x0 C:/ST/STM32CubeIDE_2.1.1/STM32CubeIDE/plugins/com.st.stm32cube.ide.mcu.externaltools.gnu-tools-for-stm32.14.3.rel1.win32_1.0.100.202602081740/tools/bin/../lib/gcc/arm-none-eabi/14.3.1/thumb/v7e-m+fp/hard/crtbegin.o

.rodata         0x08006858       0xb4
                0x08006858                        . = ALIGN (0x4)
 *(.rodata)
 .rodata        0x08006858       0x68 ./Core/Src/main.o
 *(.rodata*)
 .rodata.AHBPrescTable
                0x080068c0       0x10 ./Core/Src/system_stm32f4xx.o
                0x080068c0                AHBPrescTable
 .rodata.APBPrescTable
                0x080068d0        0x8 ./Core/Src/system_stm32f4xx.o
                0x080068d0                APBPrescTable
 .rodata._svfprintf_r.str1.1
                0x080068d8       0x33 C:/ST/STM32CubeIDE_2.1.1/STM32CubeIDE/plugins/com.st.stm32cube.ide.mcu.externaltools.gnu-tools-for-stm32.14.3.rel1.win32_1.0.100.202602081740/tools/bin/../lib/gcc/arm-none-eabi/14.3.1/../../../../arm-none-eabi/lib/thumb/v7e-m+fp/hard\libc_nano.a(libc_a-nano-svfprintf.o)
                                 0x11 (size before relaxing)
 .rodata._printf_i.str1.1
                0x0800690b       0x22 C:/ST/STM32CubeIDE_2.1.1/STM32CubeIDE/plugins/com.st.stm32cube.ide.mcu.externaltools.gnu-tools-for-stm32.14.3.rel1.win32_1.0.100.202602081740/tools/bin/../lib/gcc/arm-none-eabi/14.3.1/../../../../arm-none-eabi/lib/thumb/v7e-m+fp/hard\libc_nano.a(libc_a-nano-vfprintf_i.o)
                0x08006930                        . = ALIGN (0x4)
 *fill*         0x0800690b        0x1 

.ARM.extab      0x0800690c        0x0
                0x0800690c                        . = ALIGN (0x4)
 *(.ARM.extab* .gnu.linkonce.armextab.*)
                0x0800690c                        . = ALIGN (0x4)

.ARM            0x0800690c        0x8
                0x0800690c                        . = ALIGN (0x4)
                0x0800690c                        __exidx_start = .
 *(.ARM.exidx*)
 .ARM.exidx     0x0800690c        0x8 C:/ST/STM32CubeIDE_2.1.1/STM32CubeIDE/plugins/com.st.stm32cube.ide.mcu.externaltools.gnu-tools-for-stm32.14.3.rel1.win32_1.0.100.202602081740/tools/bin/../lib/gcc/arm-none-eabi/14.3.1/../../../../arm-none-eabi/lib/thumb/v7e-m+fp/hard\libc_nano.a(libc_a-strlen.o)
 .ARM.exidx     0x08006914        0x0 C:/ST/STM32CubeIDE_2.1.1/STM32CubeIDE/plugins/com.st.stm32cube.ide.mcu.externaltools.gnu-tools-for-stm32.14.3.rel1.win32_1.0.100.202602081740/tools/bin/../lib/gcc/arm-none-eabi/14.3.1/../../../../arm-none-eabi/lib/thumb/v7e-m+fp/hard\libc_nano.a(libc_a-memchr.o)
                                  0x8 (size before relaxing)
 .ARM.exidx     0x08006914        0x0 C:/ST/STM32CubeIDE_2.1.1/STM32CubeIDE/plugins/com.st.stm32cube.ide.mcu.externaltools.gnu-tools-for-stm32.14.3.rel1.win32_1.0.100.202602081740/tools/bin/../lib/gcc/arm-none-eabi/14.3.1/thumb/v7e-m+fp/hard\libgcc.a(_udivmoddi4.o)
                                  0x8 (size before relaxing)
                0x08006914                        __exidx_end = .
                0x08006914                        . = ALIGN (0x4)

.preinit_array  0x08006914        0x0
                0x08006914                        . = ALIGN (0x4)
                0x08006914                        PROVIDE (__preinit_array_start = .)
 *(.preinit_array*)
                0x08006914                        PROVIDE (__preinit_array_end = .)
                0x08006914                        . = ALIGN (0x4)

.init_array     0x08006914        0x4
                0x08006914                        . = ALIGN (0x4)
                0x08006914                        PROVIDE (__init_array_start = .)
 *(SORT_BY_NAME(.init_array.*))
 *(.init_array*)
 .init_array    0x08006914        0x4 C:/ST/STM32CubeIDE_2.1.1/STM32CubeIDE/plugins/com.st.stm32cube.ide.mcu.externaltools.gnu-tools-for-stm32.14.3.rel1.win32_1.0.100.202602081740/tools/bin/../lib/gcc/arm-none-eabi/14.3.1/thumb/v7e-m+fp/hard/crtbegin.o
                0x08006918                        PROVIDE (__init_array_end = .)
                0x08006918                        . = ALIGN (0x4)

.fini_array     0x08006918        0x4
                0x08006918                        . = ALIGN (0x4)
                [!provide]                        PROVIDE (__fini_array_start = .)
 *(SORT_BY_NAME(.fini_array.*))
 *(.fini_array*)
 .fini_array    0x08006918        0x4 C:/ST/STM32CubeIDE_2.1.1/STM32CubeIDE/plugins/com.st.stm32cube.ide.mcu.externaltools.gnu-tools-for-stm32.14.3.rel1.win32_1.0.100.202602081740/tools/bin/../lib/gcc/arm-none-eabi/14.3.1/thumb/v7e-m+fp/hard/crtbegin.o
                [!provide]                        PROVIDE (__fini_array_end = .)
                0x0800691c                        . = ALIGN (0x4)
                0x0800691c                        _sidata = LOADADDR (.data)

.rel.dyn        0x0800691c        0x0
 .rel.iplt      0x0800691c        0x0 C:/ST/STM32CubeIDE_2.1.1/STM32CubeIDE/plugins/com.st.stm32cube.ide.mcu.externaltools.gnu-tools-for-stm32.14.3.rel1.win32_1.0.100.202602081740/tools/bin/../lib/gcc/arm-none-eabi/14.3.1/thumb/v7e-m+fp/hard/crtbegin.o

.data           0x20000000       0x60 load address 0x0800691c
                0x20000000                        . = ALIGN (0x4)
                0x20000000                        _sdata = .
 *(.data)
 *(.data*)
 .data.JOINT_PUBLISH_FREQ
                0x20000000        0x2 ./Core/Src/main.o
 *fill*         0x20000002        0x2 
 .data.SystemCoreClock
                0x20000004        0x4 ./Core/Src/system_stm32f4xx.o
                0x20000004                SystemCoreClock
 .data.uwTickPrio
                0x20000008        0x4 ./Drivers/STM32F4xx_HAL_Driver/Src/stm32f4xx_hal.o
                0x20000008                uwTickPrio
 .data.uwTickFreq
                0x2000000c        0x1 ./Drivers/STM32F4xx_HAL_Driver/Src/stm32f4xx_hal.o
                0x2000000c                uwTickFreq
 *fill*         0x2000000d        0x3 
 .data._impure_ptr
                0x20000010        0x4 C:/ST/STM32CubeIDE_2.1.1/STM32CubeIDE/plugins/com.st.stm32cube.ide.mcu.externaltools.gnu-tools-for-stm32.14.3.rel1.win32_1.0.100.202602081740/tools/bin/../lib/gcc/arm-none-eabi/14.3.1/../../../../arm-none-eabi/lib/thumb/v7e-m+fp/hard\libc_nano.a(libc_a-impure.o)
                0x20000010                _impure_ptr
 .data._impure_data
                0x20000014       0x4c C:/ST/STM32CubeIDE_2.1.1/STM32CubeIDE/plugins/com.st.stm32cube.ide.mcu.externaltools.gnu-tools-for-stm32.14.3.rel1.win32_1.0.100.202602081740/tools/bin/../lib/gcc/arm-none-eabi/14.3.1/../../../../arm-none-eabi/lib/thumb/v7e-m+fp/hard\libc_nano.a(libc_a-impure.o)
                0x20000014                _impure_data
 *(.RamFunc)
 *(.RamFunc*)
                0x20000060                        . = ALIGN (0x4)
                0x20000060                        _edata = .

.igot.plt       0x20000060        0x0 load address 0x0800697c
 .igot.plt      0x20000060        0x0 C:/ST/STM32CubeIDE_2.1.1/STM32CubeIDE/plugins/com.st.stm32cube.ide.mcu.externaltools.gnu-tools-for-stm32.14.3.rel1.win32_1.0.100.202602081740/tools/bin/../lib/gcc/arm-none-eabi/14.3.1/thumb/v7e-m+fp/hard/crtbegin.o
                0x20000060                        . = ALIGN (0x4)

.bss            0x20000060      0x5d0 load address 0x0800697c
                0x20000060                        _sbss = .
                0x20000060                        __bss_start__ = _sbss
 *(.bss)
 .bss           0x20000060       0x1c C:/ST/STM32CubeIDE_2.1.1/STM32CubeIDE/plugins/com.st.stm32cube.ide.mcu.externaltools.gnu-tools-for-stm32.14.3.rel1.win32_1.0.100.202602081740/tools/bin/../lib/gcc/arm-none-eabi/14.3.1/thumb/v7e-m+fp/hard/crtbegin.o
 *(.bss*)
 .bss.htim2     0x2000007c       0x48 ./Core/Src/main.o
                0x2000007c                htim2
 .bss.htim3     0x200000c4       0x48 ./Core/Src/main.o
                0x200000c4                htim3
 .bss.htim4     0x2000010c       0x48 ./Core/Src/main.o
                0x2000010c                htim4
 .bss.htim6     0x20000154       0x48 ./Core/Src/main.o
                0x20000154                htim6
 .bss.htim8     0x2000019c       0x48 ./Core/Src/main.o
                0x2000019c                htim8
 .bss.htim12    0x200001e4       0x48 ./Core/Src/main.o
                0x200001e4                htim12
 .bss.huart2    0x2000022c       0x48 ./Core/Src/main.o
                0x2000022c                huart2
 .bss.shoulder_joint
                0x20000274       0x18 ./Core/Src/main.o
 .bss.base_joint
                0x2000028c       0x18 ./Core/Src/main.o
 .bss.elbow_joint
                0x200002a4       0x18 ./Core/Src/main.o
 .bss.rx_byte   0x200002bc        0x1 ./Core/Src/main.o
                0x200002bc                rx_byte
 *fill*         0x200002bd        0x3 
 .bss.packet    0x200002c0       0x10 ./Core/Src/main.o
                0x200002c0                packet
 .bss.joint_publish_flag
                0x200002d0        0x1 ./Core/Src/main.o
                0x200002d0                joint_publish_flag
 .bss.joint_calibrate_flag
                0x200002d1        0x1 ./Core/Src/main.o
                0x200002d1                joint_calibrate_flag
 .bss.joint_control_flag
                0x200002d2        0x1 ./Core/Src/main.o
                0x200002d2                joint_control_flag
 *fill*         0x200002d3        0x1 
 .bss.joint_publish_counter
                0x200002d4        0x2 ./Core/Src/main.o
                0x200002d4                joint_publish_counter
 .bss.current_state
                0x200002d6        0x1 ./Core/Src/protocol.o
 *fill*         0x200002d7        0x1 
 .bss.serial_uart
                0x200002d8        0x4 ./Core/Src/serial.o
 .bss.buffer    0x200002dc      0x200 ./Core/Src/serial_monitor.o
                0x200002dc                buffer
 .bss.head      0x200004dc        0x2 ./Core/Src/serial_monitor.o
                0x200004dc                head
 .bss.tail      0x200004de        0x2 ./Core/Src/serial_monitor.o
                0x200004de                tail
 .bss.__sbrk_heap_end
                0x200004e0        0x4 ./Core/Src/sysmem.o
 .bss.uwTick    0x200004e4        0x4 ./Drivers/STM32F4xx_HAL_Driver/Src/stm32f4xx_hal.o
                0x200004e4                uwTick
 .bss.__sf      0x200004e8      0x138 C:/ST/STM32CubeIDE_2.1.1/STM32CubeIDE/plugins/com.st.stm32cube.ide.mcu.externaltools.gnu-tools-for-stm32.14.3.rel1.win32_1.0.100.202602081740/tools/bin/../lib/gcc/arm-none-eabi/14.3.1/../../../../arm-none-eabi/lib/thumb/v7e-m+fp/hard\libc_nano.a(libc_a-findfp.o)
                0x200004e8                __sf
 .bss.errno     0x20000620        0x4 C:/ST/STM32CubeIDE_2.1.1/STM32CubeIDE/plugins/com.st.stm32cube.ide.mcu.externaltools.gnu-tools-for-stm32.14.3.rel1.win32_1.0.100.202602081740/tools/bin/../lib/gcc/arm-none-eabi/14.3.1/../../../../arm-none-eabi/lib/thumb/v7e-m+fp/hard\libc_nano.a(libc_a-reent.o)
                0x20000620                errno
 .bss.__lock___malloc_recursive_mutex
                0x20000624        0x1 C:/ST/STM32CubeIDE_2.1.1/STM32CubeIDE/plugins/com.st.stm32cube.ide.mcu.externaltools.gnu-tools-for-stm32.14.3.rel1.win32_1.0.100.202602081740/tools/bin/../lib/gcc/arm-none-eabi/14.3.1/../../../../arm-none-eabi/lib/thumb/v7e-m+fp/hard\libc_nano.a(libc_a-lock.o)
                0x20000624                __lock___malloc_recursive_mutex
 *fill*         0x20000625        0x3 
 .bss.__malloc_sbrk_start
                0x20000628        0x4 C:/ST/STM32CubeIDE_2.1.1/STM32CubeIDE/plugins/com.st.stm32cube.ide.mcu.externaltools.gnu-tools-for-stm32.14.3.rel1.win32_1.0.100.202602081740/tools/bin/../lib/gcc/arm-none-eabi/14.3.1/../../../../arm-none-eabi/lib/thumb/v7e-m+fp/hard\libc_nano.a(libc_a-mallocr.o)
                0x20000628                __malloc_sbrk_start
 .bss.__malloc_free_list
                0x2000062c        0x4 C:/ST/STM32CubeIDE_2.1.1/STM32CubeIDE/plugins/com.st.stm32cube.ide.mcu.externaltools.gnu-tools-for-stm32.14.3.rel1.win32_1.0.100.202602081740/tools/bin/../lib/gcc/arm-none-eabi/14.3.1/../../../../arm-none-eabi/lib/thumb/v7e-m+fp/hard\libc_nano.a(libc_a-mallocr.o)
                0x2000062c                __malloc_free_list
 *(COMMON)
                0x20000630                        . = ALIGN (0x4)
                0x20000630                        _ebss = .
                0x20000630                        __bss_end__ = _ebss

._user_heap_stack
                0x20000630      0x600 load address 0x0800697c
                0x20000630                        . = ALIGN (0x8)
                [!provide]                        PROVIDE (end = .)
                0x20000630                        PROVIDE (_end = .)
                0x20000830                        . = (. + _Min_Heap_Size)
 *fill*         0x20000630      0x200 
                0x20000c30                        . = (. + _Min_Stack_Size)
 *fill*         0x20000830      0x400 
                0x20000c30                        . = ALIGN (0x8)

/DISCARD/
 libc.a(*)
 libm.a(*)
 libgcc.a(*)

.ARM.attributes
                0x00000000       0x30
 *(.ARM.attributes)
 .ARM.attributes
                0x00000000       0x22 C:/ST/STM32CubeIDE_2.1.1/STM32CubeIDE/plugins/com.st.stm32cube.ide.mcu.externaltools.gnu-tools-for-stm32.14.3.rel1.win32_1.0.100.202602081740/tools/bin/../lib/gcc/arm-none-eabi/14.3.1/thumb/v7e-m+fp/hard/crti.o
 .ARM.attributes
                0x00000022       0x34 C:/ST/STM32CubeIDE_2.1.1/STM32CubeIDE/plugins/com.st.stm32cube.ide.mcu.externaltools.gnu-tools-for-stm32.14.3.rel1.win32_1.0.100.202602081740/tools/bin/../lib/gcc/arm-none-eabi/14.3.1/thumb/v7e-m+fp/hard/crtbegin.o
 .ARM.attributes
                0x00000056       0x34 ./Core/Src/encoder.o
 .ARM.attributes
                0x0000008a       0x34 ./Core/Src/joint.o
 .ARM.attributes
                0x000000be       0x34 ./Core/Src/main.o
 .ARM.attributes
                0x000000f2       0x34 ./Core/Src/motor.o
 .ARM.attributes
                0x00000126       0x34 ./Core/Src/pid.o
 .ARM.attributes
                0x0000015a       0x34 ./Core/Src/protocol.o
 .ARM.attributes
                0x0000018e       0x34 ./Core/Src/protocol_data.o
 .ARM.attributes
                0x000001c2       0x34 ./Core/Src/serial.o
 .ARM.attributes
                0x000001f6       0x34 ./Core/Src/serial_monitor.o
 .ARM.attributes
                0x0000022a       0x34 ./Core/Src/stm32f4xx_hal_msp.o
 .ARM.attributes
                0x0000025e       0x34 ./Core/Src/stm32f4xx_it.o
 .ARM.attributes
                0x00000292       0x34 ./Core/Src/sysmem.o
 .ARM.attributes
                0x000002c6       0x34 ./Core/Src/system_stm32f4xx.o
 .ARM.attributes
                0x000002fa       0x21 ./Core/Startup/startup_stm32f446retx.o
 .ARM.attributes
                0x0000031b       0x34 ./Drivers/STM32F4xx_HAL_Driver/Src/stm32f4xx_hal.o
 .ARM.attributes
                0x0000034f       0x34 ./Drivers/STM32F4xx_HAL_Driver/Src/stm32f4xx_hal_cortex.o
 .ARM.attributes
                0x00000383       0x34 ./Drivers/STM32F4xx_HAL_Driver/Src/stm32f4xx_hal_dma.o
 .ARM.attributes
                0x000003b7       0x34 ./Drivers/STM32F4xx_HAL_Driver/Src/stm32f4xx_hal_gpio.o
 .ARM.attributes
                0x000003eb       0x34 ./Drivers/STM32F4xx_HAL_Driver/Src/stm32f4xx_hal_rcc.o
 .ARM.attributes
                0x0000041f       0x34 ./Drivers/STM32F4xx_HAL_Driver/Src/stm32f4xx_hal_rcc_ex.o
 .ARM.attributes
                0x00000453       0x34 ./Drivers/STM32F4xx_HAL_Driver/Src/stm32f4xx_hal_tim.o
 .ARM.attributes
                0x00000487       0x34 ./Drivers/STM32F4xx_HAL_Driver/Src/stm32f4xx_hal_tim_ex.o
 .ARM.attributes
                0x000004bb       0x34 ./Drivers/STM32F4xx_HAL_Driver/Src/stm32f4xx_hal_uart.o
 .ARM.attributes
                0x000004ef       0x34 C:/ST/STM32CubeIDE_2.1.1/STM32CubeIDE/plugins/com.st.stm32cube.ide.mcu.externaltools.gnu-tools-for-stm32.14.3.rel1.win32_1.0.100.202602081740/tools/bin/../lib/gcc/arm-none-eabi/14.3.1/../../../../arm-none-eabi/lib/thumb/v7e-m+fp/hard\libc_nano.a(libc_a-findfp.o)
 .ARM.attributes
                0x00000523       0x34 C:/ST/STM32CubeIDE_2.1.1/STM32CubeIDE/plugins/com.st.stm32cube.ide.mcu.externaltools.gnu-tools-for-stm32.14.3.rel1.win32_1.0.100.202602081740/tools/bin/../lib/gcc/arm-none-eabi/14.3.1/../../../../arm-none-eabi/lib/thumb/v7e-m+fp/hard\libc_nano.a(libc_a-sprintf.o)
 .ARM.attributes
                0x00000557       0x34 C:/ST/STM32CubeIDE_2.1.1/STM32CubeIDE/plugins/com.st.stm32cube.ide.mcu.externaltools.gnu-tools-for-stm32.14.3.rel1.win32_1.0.100.202602081740/tools/bin/../lib/gcc/arm-none-eabi/14.3.1/../../../../arm-none-eabi/lib/thumb/v7e-m+fp/hard\libc_nano.a(libc_a-memset.o)
 .ARM.attributes
                0x0000058b       0x34 C:/ST/STM32CubeIDE_2.1.1/STM32CubeIDE/plugins/com.st.stm32cube.ide.mcu.externaltools.gnu-tools-for-stm32.14.3.rel1.win32_1.0.100.202602081740/tools/bin/../lib/gcc/arm-none-eabi/14.3.1/../../../../arm-none-eabi/lib/thumb/v7e-m+fp/hard\libc_nano.a(libc_a-reent.o)
 .ARM.attributes
                0x000005bf       0x34 C:/ST/STM32CubeIDE_2.1.1/STM32CubeIDE/plugins/com.st.stm32cube.ide.mcu.externaltools.gnu-tools-for-stm32.14.3.rel1.win32_1.0.100.202602081740/tools/bin/../lib/gcc/arm-none-eabi/14.3.1/../../../../arm-none-eabi/lib/thumb/v7e-m+fp/hard\libc_nano.a(libc_a-impure.o)
 .ARM.attributes
                0x000005f3       0x34 C:/ST/STM32CubeIDE_2.1.1/STM32CubeIDE/plugins/com.st.stm32cube.ide.mcu.externaltools.gnu-tools-for-stm32.14.3.rel1.win32_1.0.100.202602081740/tools/bin/../lib/gcc/arm-none-eabi/14.3.1/../../../../arm-none-eabi/lib/thumb/v7e-m+fp/hard\libc_nano.a(libc_a-errno.o)
 .ARM.attributes
                0x00000627       0x34 C:/ST/STM32CubeIDE_2.1.1/STM32CubeIDE/plugins/com.st.stm32cube.ide.mcu.externaltools.gnu-tools-for-stm32.14.3.rel1.win32_1.0.100.202602081740/tools/bin/../lib/gcc/arm-none-eabi/14.3.1/../../../../arm-none-eabi/lib/thumb/v7e-m+fp/hard\libc_nano.a(libc_a-init.o)
 .ARM.attributes
                0x0000065b       0x34 C:/ST/STM32CubeIDE_2.1.1/STM32CubeIDE/plugins/com.st.stm32cube.ide.mcu.externaltools.gnu-tools-for-stm32.14.3.rel1.win32_1.0.100.202602081740/tools/bin/../lib/gcc/arm-none-eabi/14.3.1/../../../../arm-none-eabi/lib/thumb/v7e-m+fp/hard\libc_nano.a(libc_a-lock.o)
 .ARM.attributes
                0x0000068f       0x17 C:/ST/STM32CubeIDE_2.1.1/STM32CubeIDE/plugins/com.st.stm32cube.ide.mcu.externaltools.gnu-tools-for-stm32.14.3.rel1.win32_1.0.100.202602081740/tools/bin/../lib/gcc/arm-none-eabi/14.3.1/../../../../arm-none-eabi/lib/thumb/v7e-m+fp/hard\libc_nano.a(libc_a-strlen.o)
 .ARM.attributes
                0x000006a6       0x34 C:/ST/STM32CubeIDE_2.1.1/STM32CubeIDE/plugins/com.st.stm32cube.ide.mcu.externaltools.gnu-tools-for-stm32.14.3.rel1.win32_1.0.100.202602081740/tools/bin/../lib/gcc/arm-none-eabi/14.3.1/../../../../arm-none-eabi/lib/thumb/v7e-m+fp/hard\libc_nano.a(libc_a-freer.o)
 .ARM.attributes
                0x000006da       0x34 C:/ST/STM32CubeIDE_2.1.1/STM32CubeIDE/plugins/com.st.stm32cube.ide.mcu.externaltools.gnu-tools-for-stm32.14.3.rel1.win32_1.0.100.202602081740/tools/bin/../lib/gcc/arm-none-eabi/14.3.1/../../../../arm-none-eabi/lib/thumb/v7e-m+fp/hard\libc_nano.a(libc_a-mallocr.o)
 .ARM.attributes
                0x0000070e       0x34 C:/ST/STM32CubeIDE_2.1.1/STM32CubeIDE/plugins/com.st.stm32cube.ide.mcu.externaltools.gnu-tools-for-stm32.14.3.rel1.win32_1.0.100.202602081740/tools/bin/../lib/gcc/arm-none-eabi/14.3.1/../../../../arm-none-eabi/lib/thumb/v7e-m+fp/hard\libc_nano.a(libc_a-mlock.o)
 .ARM.attributes
                0x00000742       0x34 C:/ST/STM32CubeIDE_2.1.1/STM32CubeIDE/plugins/com.st.stm32cube.ide.mcu.externaltools.gnu-tools-for-stm32.14.3.rel1.win32_1.0.100.202602081740/tools/bin/../lib/gcc/arm-none-eabi/14.3.1/../../../../arm-none-eabi/lib/thumb/v7e-m+fp/hard\libc_nano.a(libc_a-nano-svfprintf.o)
 .ARM.attributes
                0x00000776       0x34 C:/ST/STM32CubeIDE_2.1.1/STM32CubeIDE/plugins/com.st.stm32cube.ide.mcu.externaltools.gnu-tools-for-stm32.14.3.rel1.win32_1.0.100.202602081740/tools/bin/../lib/gcc/arm-none-eabi/14.3.1/../../../../arm-none-eabi/lib/thumb/v7e-m+fp/hard\libc_nano.a(libc_a-nano-vfprintf_i.o)
 .ARM.attributes
                0x000007aa       0x34 C:/ST/STM32CubeIDE_2.1.1/STM32CubeIDE/plugins/com.st.stm32cube.ide.mcu.externaltools.gnu-tools-for-stm32.14.3.rel1.win32_1.0.100.202602081740/tools/bin/../lib/gcc/arm-none-eabi/14.3.1/../../../../arm-none-eabi/lib/thumb/v7e-m+fp/hard\libc_nano.a(libc_a-memmove.o)
 .ARM.attributes
                0x000007de       0x34 C:/ST/STM32CubeIDE_2.1.1/STM32CubeIDE/plugins/com.st.stm32cube.ide.mcu.externaltools.gnu-tools-for-stm32.14.3.rel1.win32_1.0.100.202602081740/tools/bin/../lib/gcc/arm-none-eabi/14.3.1/../../../../arm-none-eabi/lib/thumb/v7e-m+fp/hard\libc_nano.a(libc_a-sbrkr.o)
 .ARM.attributes
                0x00000812       0x1c C:/ST/STM32CubeIDE_2.1.1/STM32CubeIDE/plugins/com.st.stm32cube.ide.mcu.externaltools.gnu-tools-for-stm32.14.3.rel1.win32_1.0.100.202602081740/tools/bin/../lib/gcc/arm-none-eabi/14.3.1/../../../../arm-none-eabi/lib/thumb/v7e-m+fp/hard\libc_nano.a(libc_a-memchr.o)
 .ARM.attributes
                0x0000082e       0x34 C:/ST/STM32CubeIDE_2.1.1/STM32CubeIDE/plugins/com.st.stm32cube.ide.mcu.externaltools.gnu-tools-for-stm32.14.3.rel1.win32_1.0.100.202602081740/tools/bin/../lib/gcc/arm-none-eabi/14.3.1/../../../../arm-none-eabi/lib/thumb/v7e-m+fp/hard\libc_nano.a(libc_a-memcpy-stub.o)
 .ARM.attributes
                0x00000862       0x34 C:/ST/STM32CubeIDE_2.1.1/STM32CubeIDE/plugins/com.st.stm32cube.ide.mcu.externaltools.gnu-tools-for-stm32.14.3.rel1.win32_1.0.100.202602081740/tools/bin/../lib/gcc/arm-none-eabi/14.3.1/../../../../arm-none-eabi/lib/thumb/v7e-m+fp/hard\libc_nano.a(libc_a-reallocr.o)
 .ARM.attributes
                0x00000896       0x34 C:/ST/STM32CubeIDE_2.1.1/STM32CubeIDE/plugins/com.st.stm32cube.ide.mcu.externaltools.gnu-tools-for-stm32.14.3.rel1.win32_1.0.100.202602081740/tools/bin/../lib/gcc/arm-none-eabi/14.3.1/../../../../arm-none-eabi/lib/thumb/v7e-m+fp/hard\libc_nano.a(libc_a-msizer.o)
 .ARM.attributes
                0x000008ca       0x22 C:/ST/STM32CubeIDE_2.1.1/STM32CubeIDE/plugins/com.st.stm32cube.ide.mcu.externaltools.gnu-tools-for-stm32.14.3.rel1.win32_1.0.100.202602081740/tools/bin/../lib/gcc/arm-none-eabi/14.3.1/thumb/v7e-m+fp/hard\libgcc.a(_arm_addsubdf3.o)
 .ARM.attributes
                0x000008ec       0x22 C:/ST/STM32CubeIDE_2.1.1/STM32CubeIDE/plugins/com.st.stm32cube.ide.mcu.externaltools.gnu-tools-for-stm32.14.3.rel1.win32_1.0.100.202602081740/tools/bin/../lib/gcc/arm-none-eabi/14.3.1/thumb/v7e-m+fp/hard\libgcc.a(_arm_truncdfsf2.o)
 .ARM.attributes
                0x0000090e       0x22 C:/ST/STM32CubeIDE_2.1.1/STM32CubeIDE/plugins/com.st.stm32cube.ide.mcu.externaltools.gnu-tools-for-stm32.14.3.rel1.win32_1.0.100.202602081740/tools/bin/../lib/gcc/arm-none-eabi/14.3.1/thumb/v7e-m+fp/hard\libgcc.a(_aeabi_uldivmod.o)
 .ARM.attributes
                0x00000930       0x34 C:/ST/STM32CubeIDE_2.1.1/STM32CubeIDE/plugins/com.st.stm32cube.ide.mcu.externaltools.gnu-tools-for-stm32.14.3.rel1.win32_1.0.100.202602081740/tools/bin/../lib/gcc/arm-none-eabi/14.3.1/thumb/v7e-m+fp/hard\libgcc.a(_udivmoddi4.o)
 .ARM.attributes
                0x00000964       0x22 C:/ST/STM32CubeIDE_2.1.1/STM32CubeIDE/plugins/com.st.stm32cube.ide.mcu.externaltools.gnu-tools-for-stm32.14.3.rel1.win32_1.0.100.202602081740/tools/bin/../lib/gcc/arm-none-eabi/14.3.1/thumb/v7e-m+fp/hard\libgcc.a(_dvmd_tls.o)
 .ARM.attributes
                0x00000986       0x22 C:/ST/STM32CubeIDE_2.1.1/STM32CubeIDE/plugins/com.st.stm32cube.ide.mcu.externaltools.gnu-tools-for-stm32.14.3.rel1.win32_1.0.100.202602081740/tools/bin/../lib/gcc/arm-none-eabi/14.3.1/thumb/v7e-m+fp/hard/crtn.o
OUTPUT(arm_stm32.elf elf32-littlearm)
LOAD linker stubs
LOAD C:/ST/STM32CubeIDE_2.1.1/STM32CubeIDE/plugins/com.st.stm32cube.ide.mcu.externaltools.gnu-tools-for-stm32.14.3.rel1.win32_1.0.100.202602081740/tools/bin/../lib/gcc/arm-none-eabi/14.3.1/../../../../arm-none-eabi/lib/thumb/v7e-m+fp/hard\libc.a
LOAD C:/ST/STM32CubeIDE_2.1.1/STM32CubeIDE/plugins/com.st.stm32cube.ide.mcu.externaltools.gnu-tools-for-stm32.14.3.rel1.win32_1.0.100.202602081740/tools/bin/../lib/gcc/arm-none-eabi/14.3.1/../../../../arm-none-eabi/lib/thumb/v7e-m+fp/hard\libm.a
LOAD C:/ST/STM32CubeIDE_2.1.1/STM32CubeIDE/plugins/com.st.stm32cube.ide.mcu.externaltools.gnu-tools-for-stm32.14.3.rel1.win32_1.0.100.202602081740/tools/bin/../lib/gcc/arm-none-eabi/14.3.1/thumb/v7e-m+fp/hard\libgcc.a

.debug_info     0x00000000    0x10d7d
 .debug_info    0x00000000      0x807 ./Core/Src/encoder.o
 .debug_info    0x00000807      0xb45 ./Core/Src/joint.o
 .debug_info    0x0000134c     0x19a0 ./Core/Src/main.o
 .debug_info    0x00002cec      0x6f3 ./Core/Src/motor.o
 .debug_info    0x000033df      0x10f ./Core/Src/pid.o
 .debug_info    0x000034ee      0x449 ./Core/Src/protocol.o
 .debug_info    0x00003937      0x1d7 ./Core/Src/protocol_data.o
 .debug_info    0x00003b0e      0x6d4 ./Core/Src/serial.o
 .debug_info    0x000041e2      0x217 ./Core/Src/serial_monitor.o
 .debug_info    0x000043f9     0x11b4 ./Core/Src/stm32f4xx_hal_msp.o
 .debug_info    0x000055ad      0x992 ./Core/Src/stm32f4xx_it.o
 .debug_info    0x00005f3f      0x168 ./Core/Src/sysmem.o
 .debug_info    0x000060a7      0x54a ./Core/Src/system_stm32f4xx.o
 .debug_info    0x000065f1       0x30 ./Core/Startup/startup_stm32f446retx.o
 .debug_info    0x00006621      0x99a ./Drivers/STM32F4xx_HAL_Driver/Src/stm32f4xx_hal.o
 .debug_info    0x00006fbb      0xdaa ./Drivers/STM32F4xx_HAL_Driver/Src/stm32f4xx_hal_cortex.o
 .debug_info    0x00007d65      0x8e7 ./Drivers/STM32F4xx_HAL_Driver/Src/stm32f4xx_hal_dma.o
 .debug_info    0x0000864c      0x70b ./Drivers/STM32F4xx_HAL_Driver/Src/stm32f4xx_hal_gpio.o
 .debug_info    0x00008d57      0x8ff ./Drivers/STM32F4xx_HAL_Driver/Src/stm32f4xx_hal_rcc.o
 .debug_info    0x00009656      0x960 ./Drivers/STM32F4xx_HAL_Driver/Src/stm32f4xx_hal_rcc_ex.o
 .debug_info    0x00009fb6     0x299d ./Drivers/STM32F4xx_HAL_Driver/Src/stm32f4xx_hal_tim.o
 .debug_info    0x0000c953     0x14db ./Drivers/STM32F4xx_HAL_Driver/Src/stm32f4xx_hal_tim_ex.o
 .debug_info    0x0000de2e     0x2f4f ./Drivers/STM32F4xx_HAL_Driver/Src/stm32f4xx_hal_uart.o

.debug_abbrev   0x00000000     0x2a8f
 .debug_abbrev  0x00000000      0x1e4 ./Core/Src/encoder.o
 .debug_abbrev  0x000001e4      0x208 ./Core/Src/joint.o
 .debug_abbrev  0x000003ec      0x2ed ./Core/Src/main.o
 .debug_abbrev  0x000006d9      0x169 ./Core/Src/motor.o
 .debug_abbrev  0x00000842       0xed ./Core/Src/pid.o
 .debug_abbrev  0x0000092f      0x1c0 ./Core/Src/protocol.o
 .debug_abbrev  0x00000aef       0xad ./Core/Src/protocol_data.o
 .debug_abbrev  0x00000b9c      0x195 ./Core/Src/serial.o
 .debug_abbrev  0x00000d31      0x139 ./Core/Src/serial_monitor.o
 .debug_abbrev  0x00000e6a      0x255 ./Core/Src/stm32f4xx_hal_msp.o
 .debug_abbrev  0x000010bf      0x19c ./Core/Src/stm32f4xx_it.o
 .debug_abbrev  0x0000125b       0xbc ./Core/Src/sysmem.o
 .debug_abbrev  0x00001317      0x11a ./Core/Src/system_stm32f4xx.o
 .debug_abbrev  0x00001431       0x24 ./Core/Startup/startup_stm32f446retx.o
 .debug_abbrev  0x00001455      0x214 ./Drivers/STM32F4xx_HAL_Driver/Src/stm32f4xx_hal.o
 .debug_abbrev  0x00001669      0x31d ./Drivers/STM32F4xx_HAL_Driver/Src/stm32f4xx_hal_cortex.o
 .debug_abbrev  0x00001986      0x264 ./Drivers/STM32F4xx_HAL_Driver/Src/stm32f4xx_hal_dma.o
 .debug_abbrev  0x00001bea      0x1d4 ./Drivers/STM32F4xx_HAL_Driver/Src/stm32f4xx_hal_gpio.o
 .debug_abbrev  0x00001dbe      0x2b7 ./Drivers/STM32F4xx_HAL_Driver/Src/stm32f4xx_hal_rcc.o
 .debug_abbrev  0x00002075      0x211 ./Drivers/STM32F4xx_HAL_Driver/Src/stm32f4xx_hal_rcc_ex.o
 .debug_abbrev  0x00002286      0x278 ./Drivers/STM32F4xx_HAL_Driver/Src/stm32f4xx_hal_tim.o
 .debug_abbrev  0x000024fe      0x283 ./Drivers/STM32F4xx_HAL_Driver/Src/stm32f4xx_hal_tim_ex.o
 .debug_abbrev  0x00002781      0x30e ./Drivers/STM32F4xx_HAL_Driver/Src/stm32f4xx_hal_uart.o

.debug_aranges  0x00000000      0xee8
 .debug_aranges
                0x00000000       0x48 ./Core/Src/encoder.o
 .debug_aranges
                0x00000048       0x50 ./Core/Src/joint.o
 .debug_aranges
                0x00000098       0x80 ./Core/Src/main.o
 .debug_aranges
                0x00000118       0x28 ./Core/Src/motor.o
 .debug_aranges
                0x00000140       0x28 ./Core/Src/pid.o
 .debug_aranges
                0x00000168       0x40 ./Core/Src/protocol.o
 .debug_aranges
                0x000001a8       0x30 ./Core/Src/protocol_data.o
 .debug_aranges
                0x000001d8       0x40 ./Core/Src/serial.o
 .debug_aranges
                0x00000218       0x40 ./Core/Src/serial_monitor.o
 .debug_aranges
                0x00000258       0x68 ./Core/Src/stm32f4xx_hal_msp.o
 .debug_aranges
                0x000002c0       0x70 ./Core/Src/stm32f4xx_it.o
 .debug_aranges
                0x00000330       0x20 ./Core/Src/sysmem.o
 .debug_aranges
                0x00000350       0x28 ./Core/Src/system_stm32f4xx.o
 .debug_aranges
                0x00000378       0x28 ./Core/Startup/startup_stm32f446retx.o
 .debug_aranges
                0x000003a0       0xf0 ./Drivers/STM32F4xx_HAL_Driver/Src/stm32f4xx_hal.o
 .debug_aranges
                0x00000490      0x130 ./Drivers/STM32F4xx_HAL_Driver/Src/stm32f4xx_hal_cortex.o
 .debug_aranges
                0x000005c0       0x90 ./Drivers/STM32F4xx_HAL_Driver/Src/stm32f4xx_hal_dma.o
 .debug_aranges
                0x00000650       0x58 ./Drivers/STM32F4xx_HAL_Driver/Src/stm32f4xx_hal_gpio.o
 .debug_aranges
                0x000006a8       0x88 ./Drivers/STM32F4xx_HAL_Driver/Src/stm32f4xx_hal_rcc.o
 .debug_aranges
                0x00000730       0x78 ./Drivers/STM32F4xx_HAL_Driver/Src/stm32f4xx_hal_rcc_ex.o
 .debug_aranges
                0x000007a8      0x3d0 ./Drivers/STM32F4xx_HAL_Driver/Src/stm32f4xx_hal_tim.o
 .debug_aranges
                0x00000b78      0x168 ./Drivers/STM32F4xx_HAL_Driver/Src/stm32f4xx_hal_tim_ex.o
 .debug_aranges
                0x00000ce0      0x208 ./Drivers/STM32F4xx_HAL_Driver/Src/stm32f4xx_hal_uart.o

.debug_rnglists
                0x00000000      0xb92
 .debug_rnglists
                0x00000000       0x31 ./Core/Src/encoder.o
 .debug_rnglists
                0x00000031       0x39 ./Core/Src/joint.o
 .debug_rnglists
                0x0000006a       0x64 ./Core/Src/main.o
 .debug_rnglists
                0x000000ce       0x1a ./Core/Src/motor.o
 .debug_rnglists
                0x000000e8       0x1a ./Core/Src/pid.o
 .debug_rnglists
                0x00000102       0x3b ./Core/Src/protocol.o
 .debug_rnglists
                0x0000013d       0x20 ./Core/Src/protocol_data.o
 .debug_rnglists
                0x0000015d       0x2b ./Core/Src/serial.o
 .debug_rnglists
                0x00000188       0x2b ./Core/Src/serial_monitor.o
 .debug_rnglists
                0x000001b3       0x4d ./Core/Src/stm32f4xx_hal_msp.o
 .debug_rnglists
                0x00000200       0x4f ./Core/Src/stm32f4xx_it.o
 .debug_rnglists
                0x0000024f       0x13 ./Core/Src/sysmem.o
 .debug_rnglists
                0x00000262       0x1a ./Core/Src/system_stm32f4xx.o
 .debug_rnglists
                0x0000027c       0x19 ./Core/Startup/startup_stm32f446retx.o
 .debug_rnglists
                0x00000295       0xaf ./Drivers/STM32F4xx_HAL_Driver/Src/stm32f4xx_hal.o
 .debug_rnglists
                0x00000344       0xe0 ./Drivers/STM32F4xx_HAL_Driver/Src/stm32f4xx_hal_cortex.o
 .debug_rnglists
                0x00000424       0x70 ./Drivers/STM32F4xx_HAL_Driver/Src/stm32f4xx_hal_dma.o
 .debug_rnglists
                0x00000494       0x3f ./Drivers/STM32F4xx_HAL_Driver/Src/stm32f4xx_hal_gpio.o
 .debug_rnglists
                0x000004d3       0x66 ./Drivers/STM32F4xx_HAL_Driver/Src/stm32f4xx_hal_rcc.o
 .debug_rnglists
                0x00000539       0x5e ./Drivers/STM32F4xx_HAL_Driver/Src/stm32f4xx_hal_rcc_ex.o
 .debug_rnglists
                0x00000597      0x31a ./Drivers/STM32F4xx_HAL_Driver/Src/stm32f4xx_hal_tim.o
 .debug_rnglists
                0x000008b1      0x125 ./Drivers/STM32F4xx_HAL_Driver/Src/stm32f4xx_hal_tim_ex.o
 .debug_rnglists
                0x000009d6      0x1bc ./Drivers/STM32F4xx_HAL_Driver/Src/stm32f4xx_hal_uart.o

.debug_macro    0x00000000    0x23879
 .debug_macro   0x00000000      0x2e3 ./Core/Src/encoder.o
 .debug_macro   0x000002e3      0xad8 ./Core/Src/encoder.o
 .debug_macro   0x00000dbb      0x29b ./Core/Src/encoder.o
 .debug_macro   0x00001056       0x2e ./Core/Src/encoder.o
 .debug_macro   0x00001084       0x28 ./Core/Src/encoder.o
 .debug_macro   0x000010ac       0x22 ./Core/Src/encoder.o
 .debug_macro   0x000010ce       0x8e ./Core/Src/encoder.o
 .debug_macro   0x0000115c       0x51 ./Core/Src/encoder.o
 .debug_macro   0x000011ad      0x103 ./Core/Src/encoder.o
 .debug_macro   0x000012b0       0x6a ./Core/Src/encoder.o
 .debug_macro   0x0000131a      0x1df ./Core/Src/encoder.o
 .debug_macro   0x000014f9       0x1c ./Core/Src/encoder.o
 .debug_macro   0x00001515       0x22 ./Core/Src/encoder.o
 .debug_macro   0x00001537       0xfb ./Core/Src/encoder.o
 .debug_macro   0x00001632     0x1011 ./Core/Src/encoder.o
 .debug_macro   0x00002643      0x11f ./Core/Src/encoder.o
 .debug_macro   0x00002762    0x1675e ./Core/Src/encoder.o
 .debug_macro   0x00018ec0       0x6d ./Core/Src/encoder.o
 .debug_macro   0x00018f2d     0x3693 ./Core/Src/encoder.o
 .debug_macro   0x0001c5c0      0x190 ./Core/Src/encoder.o
 .debug_macro   0x0001c750       0x5c ./Core/Src/encoder.o
 .debug_macro   0x0001c7ac      0xca5 ./Core/Src/encoder.o
 .debug_macro   0x0001d451      0x9e9 ./Core/Src/encoder.o
 .debug_macro   0x0001de3a      0x115 ./Core/Src/encoder.o
 .debug_macro   0x0001df4f      0x1a0 ./Core/Src/encoder.o
 .debug_macro   0x0001e0ef       0xa5 ./Core/Src/encoder.o
 .debug_macro   0x0001e194      0x16d ./Core/Src/encoder.o
 .debug_macro   0x0001e301      0x287 ./Core/Src/encoder.o
 .debug_macro   0x0001e588       0x5f ./Core/Src/encoder.o
 .debug_macro   0x0001e5e7      0x236 ./Core/Src/encoder.o
 .debug_macro   0x0001e81d      0x132 ./Core/Src/encoder.o
 .debug_macro   0x0001e94f      0x29c ./Core/Src/encoder.o
 .debug_macro   0x0001ebeb       0x2e ./Core/Src/encoder.o
 .debug_macro   0x0001ec19      0x127 ./Core/Src/encoder.o
 .debug_macro   0x0001ed40       0xe8 ./Core/Src/encoder.o
 .debug_macro   0x0001ee28       0x89 ./Core/Src/encoder.o
 .debug_macro   0x0001eeb1      0x8ed ./Core/Src/encoder.o
 .debug_macro   0x0001f79e       0x53 ./Core/Src/encoder.o
 .debug_macro   0x0001f7f1      0x2aa ./Core/Src/encoder.o
 .debug_macro   0x0001fa9b      0x126 ./Core/Src/encoder.o
 .debug_macro   0x0001fbc1       0x58 ./Core/Src/encoder.o
 .debug_macro   0x0001fc19       0x61 ./Core/Src/encoder.o
 .debug_macro   0x0001fc7a       0x2a ./Core/Src/encoder.o
 .debug_macro   0x0001fca4       0x43 ./Core/Src/encoder.o
 .debug_macro   0x0001fce7       0x34 ./Core/Src/encoder.o
 .debug_macro   0x0001fd1b      0x364 ./Core/Src/encoder.o
 .debug_macro   0x0002007f       0x16 ./Core/Src/encoder.o
 .debug_macro   0x00020095       0x4a ./Core/Src/encoder.o
 .debug_macro   0x000200df       0x34 ./Core/Src/encoder.o
 .debug_macro   0x00020113       0x10 ./Core/Src/encoder.o
 .debug_macro   0x00020123       0x58 ./Core/Src/encoder.o
 .debug_macro   0x0002017b       0x8e ./Core/Src/encoder.o
 .debug_macro   0x00020209       0x1c ./Core/Src/encoder.o
 .debug_macro   0x00020225      0x17e ./Core/Src/encoder.o
 .debug_macro   0x000203a3       0x10 ./Core/Src/encoder.o
 .debug_macro   0x000203b3       0x3c ./Core/Src/encoder.o
 .debug_macro   0x000203ef       0x20 ./Core/Src/encoder.o
 .debug_macro   0x0002040f       0x1c ./Core/Src/encoder.o
 .debug_macro   0x0002042b       0x1c ./Core/Src/encoder.o
 .debug_macro   0x00020447       0x16 ./Core/Src/encoder.o
 .debug_macro   0x0002045d      0x146 ./Core/Src/encoder.o
 .debug_macro   0x000205a3      0x100 ./Core/Src/encoder.o
 .debug_macro   0x000206a3      0x301 ./Core/Src/joint.o
 .debug_macro   0x000209a4      0x379 ./Core/Src/main.o
 .debug_macro   0x00020d1d       0x10 ./Core/Src/main.o
 .debug_macro   0x00020d2d       0x16 ./Core/Src/main.o
 .debug_macro   0x00020d43       0x16 ./Core/Src/main.o
 .debug_macro   0x00020d59       0x16 ./Core/Src/main.o
 .debug_macro   0x00020d6f       0x29 ./Core/Src/main.o
 .debug_macro   0x00020d98      0x2e7 ./Core/Src/motor.o
 .debug_macro   0x0002107f       0x1b ./Core/Src/pid.o
 .debug_macro   0x0002109a      0x339 ./Core/Src/protocol.o
 .debug_macro   0x000213d3      0x2e8 ./Core/Src/protocol_data.o
 .debug_macro   0x000216bb       0x10 ./Core/Src/protocol_data.o
 .debug_macro   0x000216cb      0x2e9 ./Core/Src/serial.o
 .debug_macro   0x000219b4      0x31d ./Core/Src/serial_monitor.o
 .debug_macro   0x00021cd1      0x2d9 ./Core/Src/stm32f4xx_hal_msp.o
 .debug_macro   0x00021faa      0x2e3 ./Core/Src/stm32f4xx_it.o
 .debug_macro   0x0002228d      0x112 ./Core/Src/sysmem.o
 .debug_macro   0x0002239f      0x23c ./Core/Src/sysmem.o
 .debug_macro   0x000225db      0x1ce ./Core/Src/system_stm32f4xx.o
 .debug_macro   0x000227a9      0x22e ./Drivers/STM32F4xx_HAL_Driver/Src/stm32f4xx_hal.o
 .debug_macro   0x000229d7      0x1ce ./Drivers/STM32F4xx_HAL_Driver/Src/stm32f4xx_hal_cortex.o
 .debug_macro   0x00022ba5      0x1d4 ./Drivers/STM32F4xx_HAL_Driver/Src/stm32f4xx_hal_dma.o
 .debug_macro   0x00022d79      0x1d4 ./Drivers/STM32F4xx_HAL_Driver/Src/stm32f4xx_hal_gpio.o
 .debug_macro   0x00022f4d      0x1f2 ./Drivers/STM32F4xx_HAL_Driver/Src/stm32f4xx_hal_rcc.o
 .debug_macro   0x0002313f      0x1ce ./Drivers/STM32F4xx_HAL_Driver/Src/stm32f4xx_hal_rcc_ex.o
 .debug_macro   0x0002330d      0x1cf ./Drivers/STM32F4xx_HAL_Driver/Src/stm32f4xx_hal_tim.o
 .debug_macro   0x000234dc      0x1ce ./Drivers/STM32F4xx_HAL_Driver/Src/stm32f4xx_hal_tim_ex.o
 .debug_macro   0x000236aa      0x1cf ./Drivers/STM32F4xx_HAL_Driver/Src/stm32f4xx_hal_uart.o

.debug_line     0x00000000    0x14324
 .debug_line    0x00000000      0x97b ./Core/Src/encoder.o
 .debug_line    0x0000097b      0xa1b ./Core/Src/joint.o
 .debug_line    0x00001396      0xe11 ./Core/Src/main.o
 .debug_line    0x000021a7      0x9c1 ./Core/Src/motor.o
 .debug_line    0x00002b68       0xaf ./Core/Src/pid.o
 .debug_line    0x00002c17      0xb5d ./Core/Src/protocol.o
 .debug_line    0x00003774      0x977 ./Core/Src/protocol_data.o
 .debug_line    0x000040eb      0x95c ./Core/Src/serial.o
 .debug_line    0x00004a47      0x9ef ./Core/Src/serial_monitor.o
 .debug_line    0x00005436      0xad4 ./Core/Src/stm32f4xx_hal_msp.o
 .debug_line    0x00005f0a      0x9ad ./Core/Src/stm32f4xx_it.o
 .debug_line    0x000068b7      0x58d ./Core/Src/sysmem.o
 .debug_line    0x00006e44      0x7c0 ./Core/Src/system_stm32f4xx.o
 .debug_line    0x00007604       0x7a ./Core/Startup/startup_stm32f446retx.o
 .debug_line    0x0000767e      0xa3f ./Drivers/STM32F4xx_HAL_Driver/Src/stm32f4xx_hal.o
 .debug_line    0x000080bd      0xd0c ./Drivers/STM32F4xx_HAL_Driver/Src/stm32f4xx_hal_cortex.o
 .debug_line    0x00008dc9      0xfa8 ./Drivers/STM32F4xx_HAL_Driver/Src/stm32f4xx_hal_dma.o
 .debug_line    0x00009d71      0xb7d ./Drivers/STM32F4xx_HAL_Driver/Src/stm32f4xx_hal_gpio.o
 .debug_line    0x0000a8ee      0xe57 ./Drivers/STM32F4xx_HAL_Driver/Src/stm32f4xx_hal_rcc.o
 .debug_line    0x0000b745     0x1508 ./Drivers/STM32F4xx_HAL_Driver/Src/stm32f4xx_hal_rcc_ex.o
 .debug_line    0x0000cc4d     0x37b7 ./Drivers/STM32F4xx_HAL_Driver/Src/stm32f4xx_hal_tim.o
 .debug_line    0x00010404     0x199c ./Drivers/STM32F4xx_HAL_Driver/Src/stm32f4xx_hal_tim_ex.o
 .debug_line    0x00011da0     0x2584 ./Drivers/STM32F4xx_HAL_Driver/Src/stm32f4xx_hal_uart.o

.debug_str      0x00000000    0xd1d1e
 .debug_str     0x00000000    0xd1d1e ./Core/Src/encoder.o
                              0xcd96f (size before relaxing)
 .debug_str     0x000d1d1e    0xcdb40 ./Core/Src/joint.o
 .debug_str     0x000d1d1e    0xce6f4 ./Core/Src/main.o
 .debug_str     0x000d1d1e    0xcd90a ./Core/Src/motor.o
 .debug_str     0x000d1d1e     0x2ee6 ./Core/Src/pid.o
 .debug_str     0x000d1d1e    0xcd708 ./Core/Src/protocol.o
 .debug_str     0x000d1d1e    0xcd494 ./Core/Src/protocol_data.o
 .debug_str     0x000d1d1e    0xcd8b0 ./Core/Src/serial.o
 .debug_str     0x000d1d1e    0xcd540 ./Core/Src/serial_monitor.o
 .debug_str     0x000d1d1e    0xce2d4 ./Core/Src/stm32f4xx_hal_msp.o
 .debug_str     0x000d1d1e    0xcdba0 ./Core/Src/stm32f4xx_it.o
 .debug_str     0x000d1d1e     0x771a ./Core/Src/sysmem.o
 .debug_str     0x000d1d1e    0xc98b1 ./Core/Src/system_stm32f4xx.o
 .debug_str     0x000d1d1e       0x92 ./Core/Startup/startup_stm32f446retx.o
 .debug_str     0x000d1d1e    0xca476 ./Drivers/STM32F4xx_HAL_Driver/Src/stm32f4xx_hal.o
 .debug_str     0x000d1d1e    0xca1cd ./Drivers/STM32F4xx_HAL_Driver/Src/stm32f4xx_hal_cortex.o
 .debug_str     0x000d1d1e    0xc9ca6 ./Drivers/STM32F4xx_HAL_Driver/Src/stm32f4xx_hal_dma.o
 .debug_str     0x000d1d1e    0xc9a2c ./Drivers/STM32F4xx_HAL_Driver/Src/stm32f4xx_hal_gpio.o
 .debug_str     0x000d1d1e    0xc9cea ./Drivers/STM32F4xx_HAL_Driver/Src/stm32f4xx_hal_rcc.o
 .debug_str     0x000d1d1e    0xc9d1d ./Drivers/STM32F4xx_HAL_Driver/Src/stm32f4xx_hal_rcc_ex.o
 .debug_str     0x000d1d1e    0xcac16 ./Drivers/STM32F4xx_HAL_Driver/Src/stm32f4xx_hal_tim.o
 .debug_str     0x000d1d1e    0xca422 ./Drivers/STM32F4xx_HAL_Driver/Src/stm32f4xx_hal_tim_ex.o
 .debug_str     0x000d1d1e    0xca2a1 ./Drivers/STM32F4xx_HAL_Driver/Src/stm32f4xx_hal_uart.o

.comment        0x00000000       0x43
 .comment       0x00000000       0x43 ./Core/Src/encoder.o
                                 0x44 (size before relaxing)
 .comment       0x00000043       0x44 ./Core/Src/joint.o
 .comment       0x00000043       0x44 ./Core/Src/main.o
 .comment       0x00000043       0x44 ./Core/Src/motor.o
 .comment       0x00000043       0x44 ./Core/Src/pid.o
 .comment       0x00000043       0x44 ./Core/Src/protocol.o
 .comment       0x00000043       0x44 ./Core/Src/protocol_data.o
 .comment       0x00000043       0x44 ./Core/Src/serial.o
 .comment       0x00000043       0x44 ./Core/Src/serial_monitor.o
 .comment       0x00000043       0x44 ./Core/Src/stm32f4xx_hal_msp.o
 .comment       0x00000043       0x44 ./Core/Src/stm32f4xx_it.o
 .comment       0x00000043       0x44 ./Core/Src/sysmem.o
 .comment       0x00000043       0x44 ./Core/Src/system_stm32f4xx.o
 .comment       0x00000043       0x44 ./Drivers/STM32F4xx_HAL_Driver/Src/stm32f4xx_hal.o
 .comment       0x00000043       0x44 ./Drivers/STM32F4xx_HAL_Driver/Src/stm32f4xx_hal_cortex.o
 .comment       0x00000043       0x44 ./Drivers/STM32F4xx_HAL_Driver/Src/stm32f4xx_hal_dma.o
 .comment       0x00000043       0x44 ./Drivers/STM32F4xx_HAL_Driver/Src/stm32f4xx_hal_gpio.o
 .comment       0x00000043       0x44 ./Drivers/STM32F4xx_HAL_Driver/Src/stm32f4xx_hal_rcc.o
 .comment       0x00000043       0x44 ./Drivers/STM32F4xx_HAL_Driver/Src/stm32f4xx_hal_rcc_ex.o
 .comment       0x00000043       0x44 ./Drivers/STM32F4xx_HAL_Driver/Src/stm32f4xx_hal_tim.o
 .comment       0x00000043       0x44 ./Drivers/STM32F4xx_HAL_Driver/Src/stm32f4xx_hal_tim_ex.o
 .comment       0x00000043       0x44 ./Drivers/STM32F4xx_HAL_Driver/Src/stm32f4xx_hal_uart.o

.debug_frame    0x00000000     0x405c
 .debug_frame   0x00000000       0xe8 ./Core/Src/encoder.o
 .debug_frame   0x000000e8      0x10c ./Core/Src/joint.o
 .debug_frame   0x000001f4      0x1d0 ./Core/Src/main.o
 .debug_frame   0x000003c4       0x58 ./Core/Src/motor.o
 .debug_frame   0x0000041c       0x58 ./Core/Src/pid.o
 .debug_frame   0x00000474       0xe0 ./Core/Src/protocol.o
 .debug_frame   0x00000554       0x7c ./Core/Src/protocol_data.o
 .debug_frame   0x000005d0       0xc4 ./Core/Src/serial.o
 .debug_frame   0x00000694       0xb4 ./Core/Src/serial_monitor.o
 .debug_frame   0x00000748      0x178 ./Core/Src/stm32f4xx_hal_msp.o
 .debug_frame   0x000008c0      0x130 ./Core/Src/stm32f4xx_it.o
 .debug_frame   0x000009f0       0x34 ./Core/Src/sysmem.o
 .debug_frame   0x00000a24       0x50 ./Core/Src/system_stm32f4xx.o
 .debug_frame   0x00000a74      0x31c ./Drivers/STM32F4xx_HAL_Driver/Src/stm32f4xx_hal.o
 .debug_frame   0x00000d90      0x4b8 ./Drivers/STM32F4xx_HAL_Driver/Src/stm32f4xx_hal_cortex.o
 .debug_frame   0x00001248      0x230 ./Drivers/STM32F4xx_HAL_Driver/Src/stm32f4xx_hal_dma.o
 .debug_frame   0x00001478      0x130 ./Drivers/STM32F4xx_HAL_Driver/Src/stm32f4xx_hal_gpio.o
 .debug_frame   0x000015a8      0x1d8 ./Drivers/STM32F4xx_HAL_Driver/Src/stm32f4xx_hal_rcc.o
 .debug_frame   0x00001780      0x1d8 ./Drivers/STM32F4xx_HAL_Driver/Src/stm32f4xx_hal_rcc_ex.o
 .debug_frame   0x00001958     0x10f0 ./Drivers/STM32F4xx_HAL_Driver/Src/stm32f4xx_hal_tim.o
 .debug_frame   0x00002a48      0x600 ./Drivers/STM32F4xx_HAL_Driver/Src/stm32f4xx_hal_tim_ex.o
 .debug_frame   0x00003048      0x8ec ./Drivers/STM32F4xx_HAL_Driver/Src/stm32f4xx_hal_uart.o
 .debug_frame   0x00003934      0x144 C:/ST/STM32CubeIDE_2.1.1/STM32CubeIDE/plugins/com.st.stm32cube.ide.mcu.externaltools.gnu-tools-for-stm32.14.3.rel1.win32_1.0.100.202602081740/tools/bin/../lib/gcc/arm-none-eabi/14.3.1/../../../../arm-none-eabi/lib/thumb/v7e-m+fp/hard\libc_nano.a(libc_a-findfp.o)
 .debug_frame   0x00003a78       0x74 C:/ST/STM32CubeIDE_2.1.1/STM32CubeIDE/plugins/com.st.stm32cube.ide.mcu.externaltools.gnu-tools-for-stm32.14.3.rel1.win32_1.0.100.202602081740/tools/bin/../lib/gcc/arm-none-eabi/14.3.1/../../../../arm-none-eabi/lib/thumb/v7e-m+fp/hard\libc_nano.a(libc_a-sprintf.o)
 .debug_frame   0x00003aec       0x20 C:/ST/STM32CubeIDE_2.1.1/STM32CubeIDE/plugins/com.st.stm32cube.ide.mcu.externaltools.gnu-tools-for-stm32.14.3.rel1.win32_1.0.100.202602081740/tools/bin/../lib/gcc/arm-none-eabi/14.3.1/../../../../arm-none-eabi/lib/thumb/v7e-m+fp/hard\libc_nano.a(libc_a-memset.o)
 .debug_frame   0x00003b0c       0x38 C:/ST/STM32CubeIDE_2.1.1/STM32CubeIDE/plugins/com.st.stm32cube.ide.mcu.externaltools.gnu-tools-for-stm32.14.3.rel1.win32_1.0.100.202602081740/tools/bin/../lib/gcc/arm-none-eabi/14.3.1/../../../../arm-none-eabi/lib/thumb/v7e-m+fp/hard\libc_nano.a(libc_a-reent.o)
 .debug_frame   0x00003b44       0x20 C:/ST/STM32CubeIDE_2.1.1/STM32CubeIDE/plugins/com.st.stm32cube.ide.mcu.externaltools.gnu-tools-for-stm32.14.3.rel1.win32_1.0.100.202602081740/tools/bin/../lib/gcc/arm-none-eabi/14.3.1/../../../../arm-none-eabi/lib/thumb/v7e-m+fp/hard\libc_nano.a(libc_a-errno.o)
 .debug_frame   0x00003b64       0x2c C:/ST/STM32CubeIDE_2.1.1/STM32CubeIDE/plugins/com.st.stm32cube.ide.mcu.externaltools.gnu-tools-for-stm32.14.3.rel1.win32_1.0.100.202602081740/tools/bin/../lib/gcc/arm-none-eabi/14.3.1/../../../../arm-none-eabi/lib/thumb/v7e-m+fp/hard\libc_nano.a(libc_a-init.o)
 .debug_frame   0x00003b90       0xb0 C:/ST/STM32CubeIDE_2.1.1/STM32CubeIDE/plugins/com.st.stm32cube.ide.mcu.externaltools.gnu-tools-for-stm32.14.3.rel1.win32_1.0.100.202602081740/tools/bin/../lib/gcc/arm-none-eabi/14.3.1/../../../../arm-none-eabi/lib/thumb/v7e-m+fp/hard\libc_nano.a(libc_a-lock.o)
 .debug_frame   0x00003c40       0x20 C:/ST/STM32CubeIDE_2.1.1/STM32CubeIDE/plugins/com.st.stm32cube.ide.mcu.externaltools.gnu-tools-for-stm32.14.3.rel1.win32_1.0.100.202602081740/tools/bin/../lib/gcc/arm-none-eabi/14.3.1/../../../../arm-none-eabi/lib/thumb/v7e-m+fp/hard\libc_nano.a(libc_a-strlen.o)
 .debug_frame   0x00003c60       0x38 C:/ST/STM32CubeIDE_2.1.1/STM32CubeIDE/plugins/com.st.stm32cube.ide.mcu.externaltools.gnu-tools-for-stm32.14.3.rel1.win32_1.0.100.202602081740/tools/bin/../lib/gcc/arm-none-eabi/14.3.1/../../../../arm-none-eabi/lib/thumb/v7e-m+fp/hard\libc_nano.a(libc_a-freer.o)
 .debug_frame   0x00003c98       0x50 C:/ST/STM32CubeIDE_2.1.1/STM32CubeIDE/plugins/com.st.stm32cube.ide.mcu.externaltools.gnu-tools-for-stm32.14.3.rel1.win32_1.0.100.202602081740/tools/bin/../lib/gcc/arm-none-eabi/14.3.1/../../../../arm-none-eabi/lib/thumb/v7e-m+fp/hard\libc_nano.a(libc_a-mallocr.o)
 .debug_frame   0x00003ce8       0x30 C:/ST/STM32CubeIDE_2.1.1/STM32CubeIDE/plugins/com.st.stm32cube.ide.mcu.externaltools.gnu-tools-for-stm32.14.3.rel1.win32_1.0.100.202602081740/tools/bin/../lib/gcc/arm-none-eabi/14.3.1/../../../../arm-none-eabi/lib/thumb/v7e-m+fp/hard\libc_nano.a(libc_a-mlock.o)
 .debug_frame   0x00003d18       0x90 C:/ST/STM32CubeIDE_2.1.1/STM32CubeIDE/plugins/com.st.stm32cube.ide.mcu.externaltools.gnu-tools-for-stm32.14.3.rel1.win32_1.0.100.202602081740/tools/bin/../lib/gcc/arm-none-eabi/14.3.1/../../../../arm-none-eabi/lib/thumb/v7e-m+fp/hard\libc_nano.a(libc_a-nano-svfprintf.o)
 .debug_frame   0x00003da8       0x60 C:/ST/STM32CubeIDE_2.1.1/STM32CubeIDE/plugins/com.st.stm32cube.ide.mcu.externaltools.gnu-tools-for-stm32.14.3.rel1.win32_1.0.100.202602081740/tools/bin/../lib/gcc/arm-none-eabi/14.3.1/../../../../arm-none-eabi/lib/thumb/v7e-m+fp/hard\libc_nano.a(libc_a-nano-vfprintf_i.o)
 .debug_frame   0x00003e08       0x28 C:/ST/STM32CubeIDE_2.1.1/STM32CubeIDE/plugins/com.st.stm32cube.ide.mcu.externaltools.gnu-tools-for-stm32.14.3.rel1.win32_1.0.100.202602081740/tools/bin/../lib/gcc/arm-none-eabi/14.3.1/../../../../arm-none-eabi/lib/thumb/v7e-m+fp/hard\libc_nano.a(libc_a-memmove.o)
 .debug_frame   0x00003e30       0x2c C:/ST/STM32CubeIDE_2.1.1/STM32CubeIDE/plugins/com.st.stm32cube.ide.mcu.externaltools.gnu-tools-for-stm32.14.3.rel1.win32_1.0.100.202602081740/tools/bin/../lib/gcc/arm-none-eabi/14.3.1/../../../../arm-none-eabi/lib/thumb/v7e-m+fp/hard\libc_nano.a(libc_a-sbrkr.o)
 .debug_frame   0x00003e5c       0x4c C:/ST/STM32CubeIDE_2.1.1/STM32CubeIDE/plugins/com.st.stm32cube.ide.mcu.externaltools.gnu-tools-for-stm32.14.3.rel1.win32_1.0.100.202602081740/tools/bin/../lib/gcc/arm-none-eabi/14.3.1/../../../../arm-none-eabi/lib/thumb/v7e-m+fp/hard\libc_nano.a(libc_a-memchr.o)
 .debug_frame   0x00003ea8       0x28 C:/ST/STM32CubeIDE_2.1.1/STM32CubeIDE/plugins/com.st.stm32cube.ide.mcu.externaltools.gnu-tools-for-stm32.14.3.rel1.win32_1.0.100.202602081740/tools/bin/../lib/gcc/arm-none-eabi/14.3.1/../../../../arm-none-eabi/lib/thumb/v7e-m+fp/hard\libc_nano.a(libc_a-memcpy-stub.o)
 .debug_frame   0x00003ed0       0x3c C:/ST/STM32CubeIDE_2.1.1/STM32CubeIDE/plugins/com.st.stm32cube.ide.mcu.externaltools.gnu-tools-for-stm32.14.3.rel1.win32_1.0.100.202602081740/tools/bin/../lib/gcc/arm-none-eabi/14.3.1/../../../../arm-none-eabi/lib/thumb/v7e-m+fp/hard\libc_nano.a(libc_a-reallocr.o)